Godot Engine v4.7.2.stable.official.ed1daf0bf - https://godotengine.org
OpenGL API 4.1 Metal - 90.5 - Compatibility - Using Device: Apple - Apple M4

home-settings frame=0 rect=[P: (50.8, 312.54), S: (338.4, 297.04)] body=(324.0, 280.0) min=(74.0, 280.0) scale=(0.94, 0.94)
home-settings frame=1 rect=[P: (40.44954, 292.8549), S: (359.1009, 315.2108)] body=(324.0, 280.0) min=(74.0, 280.0) scale=(0.997503, 0.997503)
ERROR: Parent node is busy setting up children, `add_child()` failed. Consider using `add_child.call_deferred(child)` instead.
   at: add_child (scene/main/node.cpp:1721)
   GDScript backtrace (most recent call first):
       [0] _dialog (res://ui/lobby_home.gd:325)
       [1] open_settings (res://ui/lobby_home.gd:423)
       [2] _notification (res://ui/lobby_home.gd:57)
home-settings frame=2 rect=[P: (40.0, 416.0), S: (360.0, 68.0)] body=(324.0, 32.0) min=(37.0, 32.0) scale=(1.0, 1.0)
home-settings frame=3 rect=[P: (40.0, 416.0), S: (360.0, 68.0)] body=(324.0, 32.0) min=(37.0, 32.0) scale=(1.0, 1.0)
home-settings frame=4 rect=[P: (40.0, 416.0), S: (360.0, 68.0)] body=(324.0, 32.0) min=(37.0, 32.0) scale=(1.0, 1.0)
home-settings frame=5 rect=[P: (40.0, 416.0), S: (360.0, 68.0)] body=(324.0, 32.0) min=(37.0, 32.0) scale=(1.0, 1.0)
home-settings frame=6 rect=[P: (40.0, 416.0), S: (360.0, 68.0)] body=(324.0, 32.0) min=(37.0, 32.0) scale=(1.0, 1.0)
home-settings frame=7 rect=[P: (40.0, 416.0), S: (360.0, 68.0)] body=(324.0, 32.0) min=(37.0, 32.0) scale=(1.0, 1.0)
home-settings frame=8 rect=[P: (40.0, 416.0), S: (360.0, 68.0)] body=(324.0, 32.0) min=(37.0, 32.0) scale=(1.0, 1.0)
home-settings frame=9 rect=[P: (40.0, 416.0), S: (360.0, 68.0)] body=(324.0, 32.0) min=(37.0, 32.0) scale=(1.0, 1.0)
home-settings frame=10 rect=[P: (40.0, 416.0), S: (360.0, 68.0)] body=(324.0, 32.0) min=(37.0, 32.0) scale=(1.0, 1.0)
home-settings frame=11 rect=[P: (40.0, 416.0), S: (360.0, 68.0)] body=(324.0, 32.0) min=(37.0, 32.0) scale=(1.0, 1.0)
home-settings frame=12 rect=[P: (40.0, 416.0), S: (360.0, 68.0)] body=(324.0, 32.0) min=(37.0, 32.0) scale=(1.0, 1.0)
home-settings frame=13 rect=[P: (40.0, 416.0), S: (360.0, 68.0)] body=(324.0, 32.0) min=(37.0, 32.0) scale=(1.0, 1.0)
home-settings frame=14 rect=[P: (40.0, 416.0), S: (360.0, 68.0)] body=(324.0, 32.0) min=(37.0, 32.0) scale=(1.0, 1.0)
home-settings frame=15 rect=[P: (40.0, 416.0), S: (360.0, 68.0)] body=(324.0, 32.0) min=(37.0, 32.0) scale=(1.0, 1.0)
research frame=0 rect=[P: (41.39999, 320.805), S: (357.2, 279.18)] body=(348.0, 225.0) min=(82.0, 225.0) scale=(1.0, 1.0)
research frame=1 rect=[P: (40.3291, 318.9915), S: (359.3418, 280.854)] body=(348.0, 225.0) min=(82.0, 225.0) scale=(1.0, 1.0)
research frame=2 rect=[P: (38.43988, 315.7923), S: (363.1202, 283.8071)] body=(348.0, 225.0) min=(82.0, 225.0) scale=(1.0, 1.0)
research frame=3 rect=[P: (33.60561, 307.6058), S: (372.7888, 291.3639)] body=(348.0, 225.0) min=(82.0, 225.0) scale=(1.0, 1.0)
research frame=4 rect=[P: (32.7981, 306.2383), S: (374.4038, 292.6261)] body=(348.0, 225.0) min=(82.0, 225.0) scale=(1.0, 1.0)
research frame=5 rect=[P: (32.02405, 304.9276), S: (375.9519, 293.8361)] body=(348.0, 225.0) min=(82.0, 225.0) scale=(1.0, 1.0)
research frame=6 rect=[P: (31.37474, 303.828), S: (377.2505, 294.8511)] body=(348.0, 225.0) min=(82.0, 225.0) scale=(1.0, 1.0)
research frame=7 rect=[P: (30.92203, 303.0614), S: (378.1559, 295.5587)] body=(348.0, 225.0) min=(82.0, 225.0) scale=(1.0, 1.0)
research frame=8 rect=[P: (30.55125, 302.4335), S: (378.8975, 296.1383)] body=(348.0, 225.0) min=(82.0, 225.0) scale=(1.0, 1.0)
research frame=9 rect=[P: (30.29417, 301.9982), S: (379.4117, 296.5402)] body=(348.0, 225.0) min=(82.0, 225.0) scale=(1.0, 1.0)
research frame=10 rect=[P: (30.14426, 301.7443), S: (379.7115, 296.7745)] body=(348.0, 225.0) min=(82.0, 225.0) scale=(1.0, 1.0)
research frame=11 rect=[P: (30.05234, 301.5886), S: (379.8953, 296.9182)] body=(348.0, 225.0) min=(82.0, 225.0) scale=(1.0, 1.0)
research frame=12 rect=[P: (30.01271, 301.5215), S: (379.9746, 296.9801)] body=(348.0, 225.0) min=(82.0, 225.0) scale=(1.0, 1.0)
research frame=13 rect=[P: (30.00061, 301.501), S: (379.9988, 296.9991)] body=(348.0, 225.0) min=(82.0, 225.0) scale=(1.0, 1.0)
research frame=14 rect=[P: (30.0, 301.5), S: (380.0, 297.0)] body=(348.0, 225.0) min=(82.0, 225.0) scale=(1.0, 1.0)
research frame=15 rect=[P: (30.0, 301.5), S: (380.0, 297.0)] body=(348.0, 225.0) min=(82.0, 225.0) scale=(1.0, 1.0)
research-refresh frame=0 rect=[P: (30.0, 301.5), S: (380.0, 297.0)] body=(348.0, 225.0) min=(82.0, 225.0) scale=(1.0, 1.0)
research-refresh frame=1 rect=[P: (39.18611, 317.056), S: (361.6278, 282.6407)] body=(348.0, 225.0) min=(82.0, 225.0) scale=(1.0, 1.0)
research-refresh frame=2 rect=[P: (37.31519, 313.8877), S: (365.3696, 285.5652)] body=(348.0, 225.0) min=(82.0, 225.0) scale=(1.0, 1.0)
research-refresh frame=3 rect=[P: (35.23062, 310.3577), S: (369.5388, 288.8237)] body=(348.0, 225.0) min=(82.0, 225.0) scale=(1.0, 1.0)
research-refresh frame=4 rect=[P: (33.96509, 308.2146), S: (372.0698, 290.8019)] body=(348.0, 225.0) min=(82.0, 225.0) scale=(1.0, 1.0)
research-refresh frame=5 rect=[P: (32.92216, 306.4485), S: (374.1557, 292.4322)] body=(348.0, 225.0) min=(82.0, 225.0) scale=(1.0, 1.0)
research-refresh frame=6 rect=[P: (32.19496, 305.217), S: (375.6101, 293.5689)] body=(348.0, 225.0) min=(82.0, 225.0) scale=(1.0, 1.0)
research-refresh frame=7 rect=[P: (31.50702, 304.052), S: (376.986, 294.6443)] body=(348.0, 225.0) min=(82.0, 225.0) scale=(1.0, 1.0)
research-refresh frame=8 rect=[P: (30.98032, 303.1601), S: (378.0394, 295.4676)] body=(348.0, 225.0) min=(82.0, 225.0) scale=(1.0, 1.0)
research-refresh frame=9 rect=[P: (30.59332, 302.5047), S: (378.8134, 296.0725)] body=(348.0, 225.0) min=(82.0, 225.0) scale=(1.0, 1.0)
research-refresh frame=10 rect=[P: (30.32451, 302.0495), S: (379.351, 296.4927)] body=(348.0, 225.0) min=(82.0, 225.0) scale=(1.0, 1.0)
research-refresh frame=11 rect=[P: (30.15234, 301.758), S: (379.6953, 296.7619)] body=(348.0, 225.0) min=(82.0, 225.0) scale=(1.0, 1.0)
research-refresh frame=12 rect=[P: (30.0553, 301.5937), S: (379.8894, 296.9135)] body=(348.0, 225.0) min=(82.0, 225.0) scale=(1.0, 1.0)
research-refresh frame=13 rect=[P: (30.01184, 301.5201), S: (379.9763, 296.9815)] body=(348.0, 225.0) min=(82.0, 225.0) scale=(1.0, 1.0)
research-refresh frame=14 rect=[P: (30.00041, 301.5007), S: (379.9992, 296.9994)] body=(348.0, 225.0) min=(82.0, 225.0) scale=(1.0, 1.0)
research-refresh frame=15 rect=[P: (30.0, 301.5), S: (380.0, 297.0)] body=(348.0, 225.0) min=(82.0, 225.0) scale=(1.0, 1.0)
build-info frame=0 rect=[P: (28.24001, 275.13), S: (383.52, 377.88)] body=(376.0, 330.0) min=(19.0, 330.0) scale=(1.0, 1.0)
build-info frame=1 rect=[P: (25.90811, 270.1519), S: (388.1838, 382.4752)] body=(376.0, 330.0) min=(19.0, 330.0) scale=(1.0, 1.0)
build-info frame=2 rect=[P: (24.27629, 266.6683), S: (391.4474, 385.6908)] body=(376.0, 330.0) min=(19.0, 330.0) scale=(1.0, 1.0)
build-info frame=3 rect=[P: (18.16833, 253.629), S: (403.6633, 397.7271)] body=(376.0, 330.0) min=(19.0, 330.0) scale=(1.0, 1.0)
build-info frame=4 rect=[P: (17.94411, 253.1503), S: (404.1118, 398.169)] body=(376.0, 330.0) min=(19.0, 330.0) scale=(1.0, 1.0)
build-info frame=5 rect=[P: (17.34683, 251.8752), S: (405.3063, 399.3459)] body=(376.0, 330.0) min=(19.0, 330.0) scale=(1.0, 1.0)
build-info frame=6 rect=[P: (16.79233, 250.6915), S: (406.4153, 400.4387)] body=(376.0, 330.0) min=(19.0, 330.0) scale=(1.0, 1.0)
build-info frame=7 rect=[P: (16.40924, 249.8736), S: (407.1815, 401.1936)] body=(376.0, 330.0) min=(19.0, 330.0) scale=(1.0, 1.0)
build-info frame=8 rect=[P: (16.17519, 249.374), S: (407.6496, 401.6548)] body=(376.0, 330.0) min=(19.0, 330.0) scale=(1.0, 1.0)
build-info frame=9 rect=[P: (16.06747, 249.144), S: (407.8651, 401.867)] body=(376.0, 330.0) min=(19.0, 330.0) scale=(1.0, 1.0)
build-info frame=10 rect=[P: (16.01569, 249.0335), S: (407.9686, 401.9691)] body=(376.0, 330.0) min=(19.0, 330.0) scale=(1.0, 1.0)
build-info frame=11 rect=[P: (16.00075, 249.0016), S: (407.9985, 401.9985)] body=(376.0, 330.0) min=(19.0, 330.0) scale=(1.0, 1.0)
build-info frame=12 rect=[P: (16.0, 249.0), S: (408.0, 402.0)] body=(376.0, 330.0) min=(19.0, 330.0) scale=(1.0, 1.0)
build-info frame=13 rect=[P: (16.0, 249.0), S: (408.0, 402.0)] body=(376.0, 330.0) min=(19.0, 330.0) scale=(1.0, 1.0)
build-info frame=14 rect=[P: (16.0, 249.0), S: (408.0, 402.0)] body=(376.0, 330.0) min=(19.0, 330.0) scale=(1.0, 1.0)
build-info frame=15 rect=[P: (16.0, 249.0), S: (408.0, 402.0)] body=(376.0, 330.0) min=(19.0, 330.0) scale=(1.0, 1.0)
build-info-small frame=0 rect=[P: (16.0, 222.0), S: (288.0, 456.0)] body=(256.0, 384.0) min=(19.0, 384.0) scale=(1.0, 1.0)
build-info-small frame=1 rect=[P: (16.0, 222.0), S: (288.0, 456.0)] body=(256.0, 384.0) min=(19.0, 384.0) scale=(1.0, 1.0)
build-info-small frame=2 rect=[P: (16.0, 222.0), S: (288.0, 456.0)] body=(256.0, 384.0) min=(19.0, 384.0) scale=(1.0, 1.0)
build-info-small frame=3 rect=[P: (16.0, 222.0), S: (288.0, 456.0)] body=(256.0, 384.0) min=(19.0, 384.0) scale=(1.0, 1.0)
build-info-small frame=4 rect=[P: (16.0, 222.0), S: (288.0, 456.0)] body=(256.0, 384.0) min=(19.0, 384.0) scale=(1.0, 1.0)
build-info-small frame=5 rect=[P: (16.0, 222.0), S: (288.0, 456.0)] body=(256.0, 384.0) min=(19.0, 384.0) scale=(1.0, 1.0)
build-info-small frame=6 rect=[P: (16.0, 222.0), S: (288.0, 456.0)] body=(256.0, 384.0) min=(19.0, 384.0) scale=(1.0, 1.0)
build-info-small frame=7 rect=[P: (16.0, 222.0), S: (288.0, 456.0)] body=(256.0, 384.0) min=(19.0, 384.0) scale=(1.0, 1.0)
build-info-small frame=8 rect=[P: (16.0, 222.0), S: (288.0, 456.0)] body=(256.0, 384.0) min=(19.0, 384.0) scale=(1.0, 1.0)
build-info-small frame=9 rect=[P: (16.0, 222.0), S: (288.0, 456.0)] body=(256.0, 384.0) min=(19.0, 384.0) scale=(1.0, 1.0)
build-info-small frame=10 rect=[P: (16.0, 222.0), S: (288.0, 456.0)] body=(256.0, 384.0) min=(19.0, 384.0) scale=(1.0, 1.0)
build-info-small frame=11 rect=[P: (16.0, 222.0), S: (288.0, 456.0)] body=(256.0, 384.0) min=(19.0, 384.0) scale=(1.0, 1.0)
build-info-small frame=12 rect=[P: (16.0, 222.0), S: (288.0, 456.0)] body=(256.0, 384.0) min=(19.0, 384.0) scale=(1.0, 1.0)
build-info-small frame=13 rect=[P: (16.0, 222.0), S: (288.0, 456.0)] body=(256.0, 384.0) min=(19.0, 384.0) scale=(1.0, 1.0)
build-info-small frame=14 rect=[P: (16.0, 222.0), S: (288.0, 456.0)] body=(256.0, 384.0) min=(19.0, 384.0) scale=(1.0, 1.0)
build-info-small frame=15 rect=[P: (16.0, 222.0), S: (288.0, 456.0)] body=(256.0, 384.0) min=(19.0, 384.0) scale=(1.0, 1.0)
build-info-back frame=0 rect=[P: (16.0, 249.0), S: (408.0, 402.0)] body=(376.0, 330.0) min=(19.0, 330.0) scale=(1.0, 1.0)
build-info-back frame=1 rect=[P: (16.0, 249.0), S: (408.0, 402.0)] body=(376.0, 330.0) min=(19.0, 330.0) scale=(1.0, 1.0)
build-info-back frame=2 rect=[P: (16.0, 249.0), S: (408.0, 402.0)] body=(376.0, 330.0) min=(19.0, 330.0) scale=(1.0, 1.0)
build-info-back frame=3 rect=[P: (16.0, 249.0), S: (408.0, 402.0)] body=(376.0, 330.0) min=(19.0, 330.0) scale=(1.0, 1.0)
build-info-back frame=4 rect=[P: (16.0, 249.0), S: (408.0, 402.0)] body=(376.0, 330.0) min=(19.0, 330.0) scale=(1.0, 1.0)
build-info-back frame=5 rect=[P: (16.0, 249.0), S: (408.0, 402.0)] body=(376.0, 330.0) min=(19.0, 330.0) scale=(1.0, 1.0)
build-info-back frame=6 rect=[P: (16.0, 249.0), S: (408.0, 402.0)] body=(376.0, 330.0) min=(19.0, 330.0) scale=(1.0, 1.0)
build-info-back frame=7 rect=[P: (16.0, 249.0), S: (408.0, 402.0)] body=(376.0, 330.0) min=(19.0, 330.0) scale=(1.0, 1.0)
build-info-back frame=8 rect=[P: (16.0, 249.0), S: (408.0, 402.0)] body=(376.0, 330.0) min=(19.0, 330.0) scale=(1.0, 1.0)
build-info-back frame=9 rect=[P: (16.0, 249.0), S: (408.0, 402.0)] body=(376.0, 330.0) min=(19.0, 330.0) scale=(1.0, 1.0)
build-info-back frame=10 rect=[P: (16.0, 249.0), S: (408.0, 402.0)] body=(376.0, 330.0) min=(19.0, 330.0) scale=(1.0, 1.0)
build-info-back frame=11 rect=[P: (16.0, 249.0), S: (408.0, 402.0)] body=(376.0, 330.0) min=(19.0, 330.0) scale=(1.0, 1.0)
build-info-back frame=12 rect=[P: (16.0, 249.0), S: (408.0, 402.0)] body=(376.0, 330.0) min=(19.0, 330.0) scale=(1.0, 1.0)
build-info-back frame=13 rect=[P: (16.0, 249.0), S: (408.0, 402.0)] body=(376.0, 330.0) min=(19.0, 330.0) scale=(1.0, 1.0)
build-info-back frame=14 rect=[P: (16.0, 249.0), S: (408.0, 402.0)] body=(376.0, 330.0) min=(19.0, 330.0) scale=(1.0, 1.0)
build-info-back frame=15 rect=[P: (16.0, 249.0), S: (408.0, 402.0)] body=(376.0, 330.0) min=(19.0, 330.0) scale=(1.0, 1.0)
quests frame=0 rect=[P: (28.24001, 240.765), S: (383.52, 452.14)] body=(376.0, 409.0) min=(245.0, 409.0) scale=(1.0, 1.0)
quests frame=1 rect=[P: (25.20399, 233.01), S: (389.592, 459.2984)] body=(376.0, 409.0) min=(245.0, 409.0) scale=(1.0, 1.0)
quests frame=2 rect=[P: (23.26875, 228.0668), S: (393.4625, 463.8614)] body=(376.0, 409.0) min=(245.0, 409.0) scale=(1.0, 1.0)
quests frame=3 rect=[P: (18.99339, 217.1461), S: (402.0132, 473.942)] body=(376.0, 409.0) min=(245.0, 409.0) scale=(1.0, 1.0)
quests frame=4 rect=[P: (17.99222, 214.5888), S: (404.0156, 476.3026)] body=(376.0, 409.0) min=(245.0, 409.0) scale=(1.0, 1.0)
quests frame=5 rect=[P: (17.26163, 212.7226), S: (405.4767, 478.0253)] body=(376.0, 409.0) min=(245.0, 409.0) scale=(1.0, 1.0)
quests frame=6 rect=[P: (16.77316, 211.4749), S: (406.4537, 479.177)] body=(376.0, 409.0) min=(245.0, 409.0) scale=(1.0, 1.0)
quests frame=7 rect=[P: (16.45633, 210.6656), S: (407.0873, 479.924)] body=(376.0, 409.0) min=(245.0, 409.0) scale=(1.0, 1.0)
quests frame=8 rect=[P: (16.22902, 210.085), S: (407.542, 480.46)] body=(376.0, 409.0) min=(245.0, 409.0) scale=(1.0, 1.0)
quests frame=9 rect=[P: (16.1049, 209.768), S: (407.7902, 480.7526)] body=(376.0, 409.0) min=(245.0, 409.0) scale=(1.0, 1.0)
quests frame=10 rect=[P: (16.03127, 209.5798), S: (407.9375, 480.9263)] body=(376.0, 409.0) min=(245.0, 409.0) scale=(1.0, 1.0)
quests frame=11 rect=[P: (16.00383, 209.5098), S: (407.9923, 480.991)] body=(376.0, 409.0) min=(245.0, 409.0) scale=(1.0, 1.0)
quests frame=12 rect=[P: (16.0, 209.5), S: (408.0, 481.0)] body=(376.0, 409.0) min=(245.0, 409.0) scale=(1.0, 1.0)
quests frame=13 rect=[P: (16.0, 209.5), S: (408.0, 481.0)] body=(376.0, 409.0) min=(245.0, 409.0) scale=(1.0, 1.0)
quests frame=14 rect=[P: (16.0, 209.5), S: (408.0, 481.0)] body=(376.0, 409.0) min=(245.0, 409.0) scale=(1.0, 1.0)
quests frame=15 rect=[P: (16.0, 209.5), S: (408.0, 481.0)] body=(376.0, 409.0) min=(245.0, 409.0) scale=(1.0, 1.0)
WARNING: 32 RIDs of type "CanvasItem" were leaked.
   at: _free_rids (servers/rendering/renderer_canvas_cull.cpp:2735)
ERROR: Texture with GL ID of 43: leaked 131072 bytes.
   at: ~Utilities (drivers/gles3/storage/utilities.cpp:82)
ERROR: Texture with GL ID of 44: leaked 131072 bytes.
   at: ~Utilities (drivers/gles3/storage/utilities.cpp:82)
ERROR: Texture with GL ID of 45: leaked 131072 bytes.
   at: ~Utilities (drivers/gles3/storage/utilities.cpp:82)
ERROR: Texture with GL ID of 46: leaked 131072 bytes.
   at: ~Utilities (drivers/gles3/storage/utilities.cpp:82)
ERROR: Texture with GL ID of 47: leaked 131072 bytes.
   at: ~Utilities (drivers/gles3/storage/utilities.cpp:82)
ERROR: Texture with GL ID of 48: leaked 4092 bytes.
   at: ~Utilities (drivers/gles3/storage/utilities.cpp:82)
ERROR: Texture with GL ID of 49: leaked 276420 bytes.
   at: ~Utilities (drivers/gles3/storage/utilities.cpp:82)
ERROR: Texture with GL ID of 50: leaked 4092 bytes.
   at: ~Utilities (drivers/gles3/storage/utilities.cpp:82)
ERROR: Texture with GL ID of 29: leaked 131072 bytes.
   at: ~Utilities (drivers/gles3/storage/utilities.cpp:82)
ERROR: Texture with GL ID of 31: leaked 131072 bytes.
   at: ~Utilities (drivers/gles3/storage/utilities.cpp:82)
ERROR: Texture with GL ID of 34: leaked 131072 bytes.
   at: ~Utilities (drivers/gles3/storage/utilities.cpp:82)
ERROR: Texture with GL ID of 35: leaked 131072 bytes.
   at: ~Utilities (drivers/gles3/storage/utilities.cpp:82)
ERROR: Texture with GL ID of 36: leaked 131072 bytes.
   at: ~Utilities (drivers/gles3/storage/utilities.cpp:82)
ERROR: Texture with GL ID of 77: leaked 131072 bytes.
   at: ~Utilities (drivers/gles3/storage/utilities.cpp:82)
ERROR: Texture with GL ID of 78: leaked 131072 bytes.
   at: ~Utilities (drivers/gles3/storage/utilities.cpp:82)
ERROR: Texture with GL ID of 79: leaked 131072 bytes.
   at: ~Utilities (drivers/gles3/storage/utilities.cpp:82)
ERROR: Texture with GL ID of 55: leaked 131072 bytes.
   at: ~Utilities (drivers/gles3/storage/utilities.cpp:82)
ERROR: Texture with GL ID of 60: leaked 131072 bytes.
   at: ~Utilities (drivers/gles3/storage/utilities.cpp:82)
ERROR: Texture with GL ID of 61: leaked 131072 bytes.
   at: ~Utilities (drivers/gles3/storage/utilities.cpp:82)
ERROR: Texture with GL ID of 94: leaked 131072 bytes.
   at: ~Utilities (drivers/gles3/storage/utilities.cpp:82)
ERROR: Texture with GL ID of 95: leaked 131072 bytes.
   at: ~Utilities (drivers/gles3/storage/utilities.cpp:82)
WARNING: 184 ObjectDB instances were leaked at exit (run with `--verbose` for details).
   at: cleanup (core/object/object.cpp:2536)
ERROR: 3 resources still in use at exit (run with --verbose for details).
   at: clear (core/io/resource.cpp:822)
ERROR: 21 RID allocations of type 'N5GLES37TextureE' were leaked at exit.
ERROR: 34 RID allocations of type 'PN18TextServerAdvanced22ShapedTextDataAdvancedE' were leaked at exit.
ERROR: 6 RID allocations of type 'PN18TextServerAdvanced12FontAdvancedE' were leaked at exit.
