Godot Engine v4.7.2.stable.official.ed1daf0bf - https://godotengine.org

[   0% ] [90m[1mfirst_scan_filesystem[22m | Started 프로젝트 초기화 (5 steps)[39m[0m
[   0% ] [90m[1mfirst_scan_filesystem[22m | 파일 구조 스캔 중...[39m[0m
[  16% ] [90m[1mfirst_scan_filesystem[22m | 전역 클래스 이름을 불러오는 중...[39m[0m
[  33% ] [90m[1mfirst_scan_filesystem[22m | GDExtensions 검증 중...[39m[0m
[  50% ] [90m[1mfirst_scan_filesystem[22m | 오토로드 스크립트를 만드는 중...[39m[0m
[  66% ] [90m[1mfirst_scan_filesystem[22m | 플러그인을 초기화 중...[39m[0m
[  83% ] [90m[1mfirst_scan_filesystem[22m | 파일 스캔 시작 중...[39m[0m
[92m[ DONE ][39m [1mfirst_scan_filesystem[22m
[0m
[   0% ] [90m[1mupdate_scripts_classes[22m | Started 전역 클래스를 등록하는 중... (3 steps)[39m[0m
[   0% ] [90m[1mupdate_scripts_classes[22m | [39m[0m
[  25% ] [90m[1mupdate_scripts_classes[22m | [39m[0m
[  50% ] [90m[1mupdate_scripts_classes[22m | [39m[0m
[92m[ DONE ][39m [1mupdate_scripts_classes[22m
[0m
[   0% ] [90m[1m_update_scan_actions[22m | Started 액션 스캔 중... (24 steps)[39m[0m
[   0% ] [90m[1m_update_scan_actions[22m | branchCurrent.png[39m[0m
[   4% ] [90m[1m_update_scan_actions[22m | chainCleanup.png[39m[0m
[   8% ] [90m[1m_update_scan_actions[22m | chainIgnition.png[39m[0m
[  12% ] [90m[1m_update_scan_actions[22m | compressedCharge.png[39m[0m
[  16% ] [90m[1m_update_scan_actions[22m | coolingCycle.png[39m[0m
[  20% ] [90m[1m_update_scan_actions[22m | currentAmplification.png[39m[0m
[  24% ] [90m[1m_update_scan_actions[22m | deadeyeFocus.png[39m[0m
[  28% ] [90m[1m_update_scan_actions[22m | expandedBlastCore.png[39m[0m
[  32% ] [90m[1m_update_scan_actions[22m | exposedMark.png[39m[0m
[  36% ] [90m[1m_update_scan_actions[22m | finishingShot.png[39m[0m
[  40% ] [90m[1m_update_scan_actions[22m | focusedLightning.png[39m[0m
[  44% ] [90m[1m_update_scan_actions[22m | fractureImpact.png[39m[0m
[  48% ] [90m[1m_update_scan_actions[22m | frostCrack.png[39m[0m
[  52% ] [90m[1m_update_scan_actions[22m | highHeatBurn.png[39m[0m
[  56% ] [90m[1m_update_scan_actions[22m | ignitionBurst.png[39m[0m
[  60% ] [90m[1m_update_scan_actions[22m | lightningRecovery.png[39m[0m
[  64% ] [90m[1m_update_scan_actions[22m | lightweightBarrel.png[39m[0m
[  68% ] [90m[1m_update_scan_actions[22m | lingeringEmbers.png[39m[0m
[  72% ] [90m[1m_update_scan_actions[22m | overheatMagazine.png[39m[0m
[  76% ] [90m[1m_update_scan_actions[22m | quickScope.png[39m[0m
[  80% ] [90m[1m_update_scan_actions[22m | rapidCooling.png[39m[0m
[  84% ] [90m[1m_update_scan_actions[22m | shrapnelShell.png[39m[0m
[  88% ] [90m[1m_update_scan_actions[22m | spreadingChill.png[39m[0m
[  92% ] [90m[1m_update_scan_actions[22m | suppressiveFire.png[39m[0m
[92m[ DONE ][39m [1m_update_scan_actions[22m
[0m
[   0% ] [90m[1mreimport[22m | Started 애셋 (다시) 가져오는 중 (24 steps)[39m[0m
[   0% ] [90m[1mreimport[22m | 다시 가져올 파일을 준비 중...[39m[0m
[   4% ] [90m[1mreimport[22m | 다시 가져올 파일을 준비 중...[39m[0m
[   8% ] [90m[1mreimport[22m | 다시 가져올 파일을 준비 중...[39m[0m
[  12% ] [90m[1mreimport[22m | 다시 가져올 파일을 준비 중...[39m[0m
[  16% ] [90m[1mreimport[22m | 다시 가져올 파일을 준비 중...[39m[0m
[  20% ] [90m[1mreimport[22m | 다시 가져올 파일을 준비 중...[39m[0m
[  24% ] [90m[1mreimport[22m | 다시 가져올 파일을 준비 중...[39m[0m
[  28% ] [90m[1mreimport[22m | 다시 가져올 파일을 준비 중...[39m[0m
[  32% ] [90m[1mreimport[22m | 다시 가져올 파일을 준비 중...[39m[0m
[  36% ] [90m[1mreimport[22m | 다시 가져올 파일을 준비 중...[39m[0m
[  40% ] [90m[1mreimport[22m | 다시 가져올 파일을 준비 중...[39m[0m
[  44% ] [90m[1mreimport[22m | 다시 가져올 파일을 준비 중...[39m[0m
[  48% ] [90m[1mreimport[22m | 다시 가져올 파일을 준비 중...[39m[0m
[  52% ] [90m[1mreimport[22m | 다시 가져올 파일을 준비 중...[39m[0m
[  56% ] [90m[1mreimport[22m | 다시 가져올 파일을 준비 중...[39m[0m
[  60% ] [90m[1mreimport[22m | 다시 가져올 파일을 준비 중...[39m[0m
[  64% ] [90m[1mreimport[22m | 다시 가져올 파일을 준비 중...[39m[0m
[  68% ] [90m[1mreimport[22m | 다시 가져올 파일을 준비 중...[39m[0m
[  72% ] [90m[1mreimport[22m | 다시 가져올 파일을 준비 중...[39m[0m
[  76% ] [90m[1mreimport[22m | 다시 가져올 파일을 준비 중...[39m[0m
[  80% ] [90m[1mreimport[22m | 다시 가져올 파일을 준비 중...[39m[0m
[  84% ] [90m[1mreimport[22m | 다시 가져올 파일을 준비 중...[39m[0m
[  88% ] [90m[1mreimport[22m | 다시 가져올 파일을 준비 중...[39m[0m
[  92% ] [90m[1mreimport[22m | 다시 가져올 파일을 준비 중...[39m[0m
[   0% ] [90m[1mreimport[22m | 다시 가져오기 전 작업을 수행 중...[39m[0m
[   0% ] [90m[1mreimport[22m | suppressiveFire.png[39m[0m
[   4% ] [90m[1mreimport[22m | spreadingChill.png[39m[0m
[   8% ] [90m[1mreimport[22m | shrapnelShell.png[39m[0m
[  12% ] [90m[1mreimport[22m | rapidCooling.png[39m[0m
[  16% ] [90m[1mreimport[22m | quickScope.png[39m[0m
[  20% ] [90m[1mreimport[22m | overheatMagazine.png[39m[0m
[  24% ] [90m[1mreimport[22m | lingeringEmbers.png[39m[0m
[  28% ] [90m[1mreimport[22m | lightweightBarrel.png[39m[0m
[  32% ] [90m[1mreimport[22m | lightningRecovery.png[39m[0m
[  36% ] [90m[1mreimport[22m | ignitionBurst.png[39m[0m
[  40% ] [90m[1mreimport[22m | highHeatBurn.png[39m[0m
[  44% ] [90m[1mreimport[22m | frostCrack.png[39m[0m
[  48% ] [90m[1mreimport[22m | fractureImpact.png[39m[0m
[  52% ] [90m[1mreimport[22m | focusedLightning.png[39m[0m
[  56% ] [90m[1mreimport[22m | finishingShot.png[39m[0m
[  60% ] [90m[1mreimport[22m | exposedMark.png[39m[0m
[  64% ] [90m[1mreimport[22m | expandedBlastCore.png[39m[0m
[  68% ] [90m[1mreimport[22m | deadeyeFocus.png[39m[0m
[  72% ] [90m[1mreimport[22m | currentAmplification.png[39m[0m
[  76% ] [90m[1mreimport[22m | coolingCycle.png[39m[0m
[  80% ] [90m[1mreimport[22m | compressedCharge.png[39m[0m
[  84% ] [90m[1mreimport[22m | chainIgnition.png[39m[0m
[  88% ] [90m[1mreimport[22m | chainCleanup.png[39m[0m
[  92% ] [90m[1mreimport[22m | branchCurrent.png[39m[0m
[  96% ] [90m[1mreimport[22m | 애셋 가져오기 마무리 중...[39m[0m
[92m[ DONE ][39m [1mreimport[22m
[0m
[   0% ] [90m[1mreimport[22m | Started 애셋 (다시) 가져오는 중 (24 steps)[39m[0m
[   0% ] [90m[1mreimport[22m | 다시 가져오기 후 작업을 수행 중...[39m[0m
[92m[ DONE ][39m [1mreimport[22m
[0m
[   0% ] [90m[1mloading_editor_layout[22m | Started 편집기를 불러오는 중 (5 steps)[39m[0m
[   0% ] [90m[1mloading_editor_layout[22m | 편집기 레이아웃을 불러오는 중...[39m[0m
[  16% ] [90m[1mloading_editor_layout[22m | 독을 불러오는 중...[39m[0m
[92m[ DONE ][39m [1mloading_editor_layout[22m
[0m
cannot connect to daemon at tcp:5037: Connection refused
