Godot Engine v4.7.2.stable.official.ed1daf0bf - https://godotengine.org
Metal 4.0 - Forward Mobile - Using Device #0: Apple - Apple M4 (Apple9)

Forge prop: elbow_pipe cell=(4, 0) side=1 origin=(0.95, 0.0, -4.5)
Forge prop: side_conduit cell=(5, 9) side=0 origin=(1.5, 0.0, 4.95)
Forge prop: exhaust_vent cell=(7, 5) side=0 origin=(3.5, 0.0, 0.95)
Forge prop: elbow_pipe cell=(1, 5) side=3 origin=(-2.95, 0.0, 0.5)
Forge prop: side_conduit cell=(2, 8) side=0 origin=(-1.5, 0.0, 3.95)
APPLIED_STAGE_PROPS stage=11 count=5 triangles=38268 failures=0
Forge prop: elbow_pipe cell=(1, 5) side=0 origin=(-4.0, 0.0, 2.45)
Forge prop: side_conduit cell=(9, 1) side=1 origin=(4.45, 0.0, -2.0)
Forge prop: exhaust_vent cell=(6, 6) side=0 origin=(1.0, 0.0, 3.45)
Forge prop: elbow_pipe cell=(4, 1) side=2 origin=(-1.0, 0.0, -2.45)
Forge prop: side_conduit cell=(8, 5) side=0 origin=(3.0, 0.0, 2.45)
APPLIED_STAGE_PROPS stage=12 count=5 triangles=38268 failures=0
Forge prop: elbow_pipe cell=(6, 2) side=1 origin=(2.95, 0.0, -1.5)
Forge prop: side_conduit cell=(3, 7) side=0 origin=(-0.5, 0.0, 3.95)
Forge prop: exhaust_vent cell=(7, 6) side=0 origin=(3.5, 0.0, 2.95)
Forge prop: elbow_pipe cell=(1, 1) side=3 origin=(-2.95, 0.0, -2.5)
Forge prop: side_conduit cell=(5, 0) side=3 origin=(1.05, 0.0, -3.5)
APPLIED_STAGE_PROPS stage=13 count=5 triangles=38268 failures=0
Forge prop: elbow_pipe cell=(3, 0) side=1 origin=(-0.55, 0.0, -4.5)
Forge prop: side_conduit cell=(8, 7) side=1 origin=(4.45, 0.0, 2.5)
Forge prop: exhaust_vent cell=(1, 7) side=0 origin=(-3.0, 0.0, 2.95)
Forge prop: elbow_pipe cell=(7, 2) side=1 origin=(3.45, 0.0, -2.5)
Forge prop: side_conduit cell=(1, 3) side=3 origin=(-3.45, 0.0, -1.5)
APPLIED_STAGE_PROPS stage=14 count=5 triangles=38268 failures=0
Forge prop: elbow_pipe cell=(2, 0) side=1 origin=(-1.55, 0.0, -4.0)
Forge prop: side_conduit cell=(4, 8) side=0 origin=(0.0, 0.0, 4.45)
Forge prop: exhaust_vent cell=(8, 4) side=0 origin=(4.0, 0.0, 0.45)
Forge prop: elbow_pipe cell=(0, 6) side=3 origin=(-4.45, 0.0, 2.0)
Forge prop: side_conduit cell=(6, 0) side=2 origin=(2.0, 0.0, -4.45)
APPLIED_STAGE_PROPS stage=15 count=5 triangles=38268 failures=0
APPLIED_PROPS_INTEGRATION_FAILURES 0
