Godot Engine v4.7.2.stable.official.ed1daf0bf - https://godotengine.org

STEP fraction damage 0 ok=true ack=1 play_ms=0 remainder=0.2
STEP fraction damage 1 ok=true ack=2 play_ms=0 remainder=0.4
STEP fraction damage 2 ok=true ack=3 play_ms=0 remainder=0.6
STEP fraction damage 3 ok=true ack=4 play_ms=0 remainder=0.8
STEP fraction damage 4 ok=true ack=5 play_ms=1 remainder=0.0
STEP fraction damage 5 ok=true ack=6 play_ms=1 remainder=0.2
STEP fraction damage 6 ok=true ack=7 play_ms=1 remainder=0.4
STEP fraction damage 7 ok=true ack=8 play_ms=1 remainder=0.6
STEP fraction damage 8 ok=true ack=9 play_ms=1 remainder=0.8
STEP fraction damage 9 ok=true ack=10 play_ms=2 remainder=0.0
STEP fraction damage 10 ok=true ack=11 play_ms=2 remainder=0.2
STEP fraction damage 11 ok=true ack=12 play_ms=2 remainder=0.4
STEP fraction damage 12 ok=true ack=13 play_ms=2 remainder=0.6
STEP fraction damage 13 ok=true ack=14 play_ms=2 remainder=0.8
STEP fraction damage 14 ok=true ack=15 play_ms=3 remainder=0.0
STEP fraction damage 15 ok=true ack=16 play_ms=3 remainder=0.2
STEP fraction damage 16 ok=true ack=17 play_ms=3 remainder=0.4
STEP fraction damage 17 ok=true ack=18 play_ms=3 remainder=0.6
STEP fraction damage 18 ok=true ack=19 play_ms=3 remainder=0.8
STEP fraction damage 19 ok=true ack=20 play_ms=4 remainder=0.0
STEP duplicate damage ok=true ack=20 play_ms=4 remainder=0.0
STEP core bonus / wall ok=true ack=21 play_ms=1234 remainder=0.56700000000001
STEP wall backwards ok=true ack=21 play_ms=1234 remainder=0.56700000000001
STEP wall infinity ok=true ack=21 play_ms=1234 remainder=0.56700000000001
STEP wall after infinity ok=true ack=21 play_ms=1234 remainder=0.56700000000001
STEP time edge 59999 ok=true ack=1 play_ms=33 remainder=0.333
STEP time edge 60000 ok=true ack=1 play_ms=33 remainder=0.333
STEP time edge 60001 ok=true ack=1 play_ms=33 remainder=0.333
STEP time edge -300000 ok=true ack=1 play_ms=33 remainder=0.333
STEP time edge -300001 ok=true ack=1 play_ms=33 remainder=0.333
STEP time edge -400000 ok=true ack=1 play_ms=33 remainder=0.333
STEP rollover 86400000 ok=true ack=1 play_ms=0 remainder=0.0
STEP rollover 604800000 ok=true ack=1 play_ms=0 remainder=0.0
STEP rollover -86400000 ok=true ack=1 play_ms=0 remainder=0.0
STEP missing weeklyAttendanceDayKeys ok=true ack=0 play_ms=0 remainder=0.0
STEP missing dailyQuestDayKey ok=true ack=0 play_ms=0 remainder=0.0
STEP missing weeklyQuestWeekKey ok=true ack=0 play_ms=0 remainder=0.0
STEP missing lastDailyQuestSeenMillis ok=true ack=0 play_ms=0 remainder=0.0
STEP attendance append ok=true ack=0 play_ms=0 remainder=0.0
STEP partial prefix missing enemy ok=false ack=2 play_ms=0 remainder=0.0
STEP invalid reward retry ok=false ack=2 play_ms=0 remainder=0.0
STEP suffix retry ok=true ack=5 play_ms=0 remainder=0.7
STEP suffix duplicate ok=true ack=5 play_ms=0 remainder=0.7
STEP wave rejected ok=false ack=5 play_ms=0 remainder=0.7
STEP wave core kill ordered ok=true ack=8 play_ms=0 remainder=0.7
STEP finish duplicate ok=true ack=8 play_ms=0 remainder=0.7
STEP epoch rejected ok=false ack=8 play_ms=0 remainder=0.7
STEP dead core wave ok=true ack=2 play_ms=0 remainder=0.0
STEP terminal no events ok=true ack=0 play_ms=0 remainder=0.0
STEP terminal repeat ok=true ack=0 play_ms=0 remainder=0.0
STEP success rewards ok=true ack=1 play_ms=0 remainder=0.0
STEP success duplicate ok=true ack=1 play_ms=0 remainder=0.0
STEP midbatch day boundary ok=true ack=3 play_ms=0 remainder=0.0
INDEPENDENT_DAMAGE_COLLECT steps=53 checks=951 failures=[]
