--------- beginning of main
09-20 17:55:10.073 28664 28664 I flutter : [IMPORTANT:flutter/shell/common/shell.cc(528)] [Action Required]: Impeller opt-out deprecated.
09-20 17:55:10.073 28664 28664 I flutter :     The application opted out of Impeller by either using the
09-20 17:55:10.073 28664 28664 I flutter :     `--no-enable-impeller` flag or the
09-20 17:55:10.073 28664 28664 I flutter :     `io.flutter.embedding.android.EnableImpeller` `AndroidManifest.xml` entry.
09-20 17:55:10.073 28664 28664 I flutter :     These options are going to go away in an upcoming Flutter release. Remove
09-20 17:55:10.073 28664 28664 I flutter :     the explicit opt-out. If you need to opt-out, please report a bug describing
09-20 17:55:10.073 28664 28664 I flutter :     the issue.
09-20 17:55:10.073 28664 28664 I flutter :
09-20 17:55:10.073 28664 28664 I flutter :     https://github.com/flutter/flutter/issues/new?template=02_bug.yml
09-20 17:55:10.073 28664 28664 I flutter :
09-20 17:55:10.125 28664 28718 I flutter : The Dart VM service is listening on http://127.0.0.1:44843/jcqvMwykCFg=/
09-20 17:55:37.581 28664 28664 V Godot   : Initializing Godot plugin registry
09-20 17:55:37.585 28664 28664 V Godot   : InitEngine with params: [--main-pack, res://rune_nexus.pck, --rendering-method, mobile, --disable_godot_splash]
09-20 17:55:37.592 28664 28664 V Godot   : Godot native layer initialization completed: true
09-20 17:55:37.592 28664 28664 V Godot   : Setting up native layer with params: [--main-pack, res://rune_nexus.pck, --rendering-method, mobile]
09-20 17:55:37.603 28664 28664 V Godot   : Godot native layer setup completed
09-20 17:55:37.603 28664 28664 V Godot   : OnInitRenderView: com.example.rune_nexus.GodotRuntime@abae11
09-20 17:55:37.607 28664 28664 D Godot   : Render view should be transparent: false
09-20 17:55:37.638 28664 28664 I godot   : Vulkan Debug Report: object - -5476376603329757264
09-20 17:55:37.638 28664 28664 I godot   : vkCreateInstance(): Khronos Validation Layer Active:
09-20 17:55:37.638 28664 28664 I godot   :     Current Enables: None.
09-20 17:55:37.638 28664 28664 I godot   :     Current Disables: None.
09-20 17:55:37.638 28664 28664 I godot   :
09-20 17:55:37.643 28664 28664 E godot   : WARNING: Property not found: 'xr/shaders/enabled'.
09-20 17:55:37.643 28664 28664 E godot   :    at: get_setting_with_override (core/config/project_settings.cpp:435)
09-20 17:55:37.643 28664 28664 D Godot   : renderingDevice: vulkan (ProjectSettings)
09-20 17:55:37.643 28664 28664 D Godot   : 			renderer: mobile (Default)
09-20 17:55:37.645 28664 28664 V Godot   : OnStart: com.example.rune_nexus.GodotRuntime@abae11
09-20 17:55:37.645 28664 28664 V Godot   : OnResume: com.example.rune_nexus.GodotRuntime@abae11
09-20 17:55:37.674 28664 28759 I godot   : Godot Engine v4.7.2.stable.official.ed1daf0bf - https://godotengine.org
09-20 17:55:37.719 28664 28759 I godot   : Vulkan Debug Report: object - 0
09-20 17:55:37.719 28664 28759 I godot   : vkCreateDevice(): Cannot open shader validation cache at /tmp/shader_validation_cache-10232.bin for reading (it may not exist yet)
09-20 17:55:37.720 28664 28759 I godot   : Vulkan 1.3.0 - Forward Mobile - Using Device #0: Apple - Goldfish GFXStream (Apple M4)
09-20 17:55:37.976 28664 28759 E godot   : ERROR: Vulkan Debug Report: object - 0
09-20 17:55:37.976 28664 28759 E godot   : vkCreatePipelineLayout(): max per-stage sampler bindings count (18) exceeds device maxPerStageDescriptorSamplers limit (16).
09-20 17:55:37.976 28664 28759 E godot   : The Vulkan spec states: The total number of descriptors in descriptor set layouts created without the VK_DESCRIPTOR_SET_LAYOUT_CREATE_UPDATE_AFTER_BIND_POOL_BIT bit set with a descriptorType of VK_DESCRIPTOR_TYPE_SAMPLER and VK_DESCRIPTOR_TYPE_COMBINED_IMAGE_SAMPLER accessible to any given shader stage across all elements of pSetLayouts must be less than or equal to VkPhysicalDeviceLimits::maxPerStageDescriptorSamplers (https://docs.vulkan.org/spec/latest/chapters/descriptorsets.html#VUID-VkPipelineLayoutCreateInfo-descriptorType-03016)
09-20 17:55:37.976 28664 28759 E godot   :    at: _debug_report_callback (drivers/vulkan/rendering_context_driver_vulkan.cpp:680)
09-20 17:55:37.976 28664 28759 E godot   : ERROR: Vulkan Debug Report: object - 0
09-20 17:55:37.976 28664 28759 E godot   : vkCreatePipelineLayout(): max per-stage sampler bindings count (18) exceeds device maxPerStageDescriptorUpdateAfterBindSamplers limit (16).
09-20 17:55:37.976 28664 28759 E godot   : The Vulkan spec states: If the descriptorBindingSampledImageUpdateAfterBind feature is supported on the device, the total number of descriptors with a descriptorType of VK_DESCRIPTOR_TYPE_SAMPLER and VK_DESCRIPTOR_TYPE_COMBINED_IMAGE_SAMPLER accessible to any given shader stage across all elements of pSetLayouts must be less than or equal to VkPhysicalDeviceDescriptorIndexingProperties::maxPerStageDescriptorUpdateAfterBindSamplers (https://docs.vulkan.org/spec/latest/chapters/descriptorsets.html#VUID-VkPipelineLayoutCreateInfo-descriptorType-03022)
09-20 17:55:37.976 28664 28759 E godot   :    at: _debug_report_callback (drivers/vulkan/rendering_context_driver_vulkan.cpp:680)
09-20 17:55:37.999 28664 28759 E godot   : ERROR: Vulkan Debug Report: object - 0
09-20 17:55:37.999 28664 28759 E godot   : vkCreatePipelineLayout(): max per-stage sampler bindings count (18) exceeds device maxPerStageDescriptorSamplers limit (16).
09-20 17:55:37.999 28664 28759 E godot   : The Vulkan spec states: The total number of descriptors in descriptor set layouts created without the VK_DESCRIPTOR_SET_LAYOUT_CREATE_UPDATE_AFTER_BIND_POOL_BIT bit set with a descriptorType of VK_DESCRIPTOR_TYPE_SAMPLER and VK_DESCRIPTOR_TYPE_COMBINED_IMAGE_SAMPLER accessible to any given shader stage across all elements of pSetLayouts must be less than or equal to VkPhysicalDeviceLimits::maxPerStageDescriptorSamplers (https://docs.vulkan.org/spec/latest/chapters/descriptorsets.html#VUID-VkPipelineLayoutCreateInfo-descriptorType-03016)
09-20 17:55:37.999 28664 28759 E godot   :    at: _debug_report_callback (drivers/vulkan/rendering_context_driver_vulkan.cpp:680)
09-20 17:55:37.999 28664 28759 E godot   : ERROR: Vulkan Debug Report: object - 0
09-20 17:55:37.999 28664 28759 E godot   : vkCreatePipelineLayout(): max per-stage sampler bindings count (18) exceeds device maxPerStageDescriptorUpdateAfterBindSamplers limit (16).
09-20 17:55:37.999 28664 28759 E godot   : The Vulkan spec states: If the descriptorBindingSampledImageUpdateAfterBind feature is supported on the device, the total number of descriptors with a descriptorType of VK_DESCRIPTOR_TYPE_SAMPLER and VK_DESCRIPTOR_TYPE_COMBINED_IMAGE_SAMPLER accessible to any given shader stage across all elements of pSetLayouts must be less than or equal to VkPhysicalDeviceDescriptorIndexingProperties::maxPerStageDescriptorUpdateAfterBindSamplers (https://docs.vulkan.org/spec/latest/chapters/descriptorsets.html#VUID-VkPipelineLayoutCreateInfo-descriptorType-03022)
09-20 17:55:37.999 28664 28759 E godot   :    at: _debug_report_callback (drivers/vulkan/rendering_context_driver_vulkan.cpp:680)
09-20 17:55:38.003 28664 28759 E godot   : ERROR: Vulkan Debug Report: object - 0
09-20 17:55:38.003 28664 28759 E godot   : vkCreatePipelineLayout(): max per-stage sampler bindings count (18) exceeds device maxPerStageDescriptorSamplers limit (16).
09-20 17:55:38.003 28664 28759 E godot   : The Vulkan spec states: The total number of descriptors in descriptor set layouts created without the VK_DESCRIPTOR_SET_LAYOUT_CREATE_UPDATE_AFTER_BIND_POOL_BIT bit set with a descriptorType of VK_DESCRIPTOR_TYPE_SAMPLER and VK_DESCRIPTOR_TYPE_COMBINED_IMAGE_SAMPLER accessible to any given shader stage across all elements of pSetLayouts must be less than or equal to VkPhysicalDeviceLimits::maxPerStageDescriptorSamplers (https://docs.vulkan.org/spec/latest/chapters/descriptorsets.html#VUID-VkPipelineLayoutCreateInfo-descriptorType-03016)
09-20 17:55:38.003 28664 28759 E godot   :    at: _debug_report_callback (drivers/vulkan/rendering_context_driver_vulkan.cpp:680)
09-20 17:55:38.003 28664 28759 E godot   : ERROR: Vulkan Debug Report: object - 0
09-20 17:55:38.003 28664 28759 E godot   : vkCreatePipelineLayout(): max per-stage sampler bindings count (18) exceeds device maxPerStageDescriptorUpdateAfterBindSamplers limit (16).
09-20 17:55:38.003 28664 28759 E godot   : The Vulkan spec states: If the descriptorBindingSampledImageUpdateAfterBind feature is supported on the device, the total number of descriptors with a descriptorType of VK_DESCRIPTOR_TYPE_SAMPLER and VK_DESCRIPTOR_TYPE_COMBINED_IMAGE_SAMPLER accessible to any given shader stage across all elements of pSetLayouts must be less than or equal to VkPhysicalDeviceDescriptorIndexingProperties::maxPerStageDescriptorUpdateAfterBindSamplers (https://docs.vulkan.org/spec/latest/chapters/descriptorsets.html#VUID-VkPipelineLayoutCreateInfo-descriptorType-03022)
09-20 17:55:38.003 28664 28759 E godot   :    at: _debug_report_callback (drivers/vulkan/rendering_context_driver_vulkan.cpp:680)
09-20 17:55:38.007 28664 28759 E godot   : ERROR: Vulkan Debug Report: object - 0
09-20 17:55:38.007 28664 28759 E godot   : vkCreatePipelineLayout(): max per-stage sampler bindings count (18) exceeds device maxPerStageDescriptorSamplers limit (16).
09-20 17:55:38.007 28664 28759 E godot   : The Vulkan spec states: The total number of descriptors in descriptor set layouts created without the VK_DESCRIPTOR_SET_LAYOUT_CREATE_UPDATE_AFTER_BIND_POOL_BIT bit set with a descriptorType of VK_DESCRIPTOR_TYPE_SAMPLER and VK_DESCRIPTOR_TYPE_COMBINED_IMAGE_SAMPLER accessible to any given shader stage across all elements of pSetLayouts must be less than or equal to VkPhysicalDeviceLimits::maxPerStageDescriptorSamplers (https://docs.vulkan.org/spec/latest/chapters/descriptorsets.html#VUID-VkPipelineLayoutCreateInfo-descriptorType-03016)
09-20 17:55:38.007 28664 28759 E godot   :    at: _debug_report_callback (drivers/vulkan/rendering_context_driver_vulkan.cpp:680)
09-20 17:55:38.007 28664 28759 E godot   : ERROR: Vulkan Debug Report: object - 0
09-20 17:55:38.007 28664 28759 E godot   : vkCreatePipelineLayout(): max per-stage sampler bindings count (18) exceeds device maxPerStageDescriptorUpdateAfterBindSamplers limit (16).
09-20 17:55:38.007 28664 28759 E godot   : The Vulkan spec states: If the descriptorBindingSampledImageUpdateAfterBind feature is supported on the device, the total number of descriptors with a descriptorType of VK_DESCRIPTOR_TYPE_SAMPLER and VK_DESCRIPTOR_TYPE_COMBINED_IMAGE_SAMPLER accessible to any given shader stage across all elements of pSetLayouts must be less than or equal to VkPhysicalDeviceDescriptorIndexingProperties::maxPerStageDescriptorUpdateAfterBindSamplers (https://docs.vulkan.org/spec/latest/chapters/descriptorsets.html#VUID-VkPipelineLayoutCreateInfo-descriptorType-03022)
09-20 17:55:38.007 28664 28759 E godot   :    at: _debug_report_callback (drivers/vulkan/rendering_context_driver_vulkan.cpp:680)
09-20 17:55:38.011 28664 28759 E godot   : ERROR: Vulkan Debug Report: object - 0
09-20 17:55:38.011 28664 28759 E godot   : vkCreatePipelineLayout(): max per-stage sampler bindings count (18) exceeds device maxPerStageDescriptorSamplers limit (16).
09-20 17:55:38.011 28664 28759 E godot   : The Vulkan spec states: The total number of descriptors in descriptor set layouts created without the VK_DESCRIPTOR_SET_LAYOUT_CREATE_UPDATE_AFTER_BIND_POOL_BIT bit set with a descriptorType of VK_DESCRIPTOR_TYPE_SAMPLER and VK_DESCRIPTOR_TYPE_COMBINED_IMAGE_SAMPLER accessible to any given shader stage across all elements of pSetLayouts must be less than or equal to VkPhysicalDeviceLimits::maxPerStageDescriptorSamplers (https://docs.vulkan.org/spec/latest/chapters/descriptorsets.html#VUID-VkPipelineLayoutCreateInfo-descriptorType-03016)
09-20 17:55:38.011 28664 28759 E godot   :    at: _debug_report_callback (drivers/vulkan/rendering_context_driver_vulkan.cpp:680)
09-20 17:55:38.011 28664 28759 E godot   : ERROR: Vulkan Debug Report: object - 0
09-20 17:55:38.011 28664 28759 E godot   : vkCreatePipelineLayout(): max per-stage sampler bindings count (18) exceeds device maxPerStageDescriptorUpdateAfterBindSamplers limit (16).
09-20 17:55:38.011 28664 28759 E godot   : The Vulkan spec states: If the descriptorBindingSampledImageUpdateAfterBind feature is supported on the device, the total number of descriptors with a descriptorType of VK_DESCRIPTOR_TYPE_SAMPLER and VK_DESCRIPTOR_TYPE_COMBINED_IMAGE_SAMPLER accessible to any given shader stage across all elements of pSetLayouts must be less than or equal to VkPhysicalDeviceDescriptorIndexingProperties::maxPerStageDescriptorUpdateAfterBindSamplers (https://docs.vulkan.org/spec/latest/chapters/descriptorsets.html#VUID-VkPipelineLayoutCreateInfo-descriptorType-03022)
09-20 17:55:38.011 28664 28759 E godot   :    at: _debug_report_callback (drivers/vulkan/rendering_context_driver_vulkan.cpp:680)
09-20 17:55:38.030 28664 28759 E godot   : ERROR: Vulkan Debug Report: object - 0
09-20 17:55:38.030 28664 28759 E godot   : vkCreatePipelineLayout(): max per-stage sampler bindings count (18) exceeds device maxPerStageDescriptorSamplers limit (16).
09-20 17:55:38.030 28664 28759 E godot   : The Vulkan spec states: The total number of descriptors in descriptor set layouts created without the VK_DESCRIPTOR_SET_LAYOUT_CREATE_UPDATE_AFTER_BIND_POOL_BIT bit set with a descriptorType of VK_DESCRIPTOR_TYPE_SAMPLER and VK_DESCRIPTOR_TYPE_COMBINED_IMAGE_SAMPLER accessible to any given shader stage across all elements of pSetLayouts must be less than or equal to VkPhysicalDeviceLimits::maxPerStageDescriptorSamplers (https://docs.vulkan.org/spec/latest/chapters/descriptorsets.html#VUID-VkPipelineLayoutCreateInfo-descriptorType-03016)
09-20 17:55:38.030 28664 28759 E godot   :    at: _debug_report_callback (drivers/vulkan/rendering_context_driver_vulkan.cpp:680)
09-20 17:55:38.030 28664 28759 E godot   : ERROR: Vulkan Debug Report: object - 0
09-20 17:55:38.030 28664 28759 E godot   : vkCreatePipelineLayout(): max per-stage sampler bindings count (18) exceeds device maxPerStageDescriptorUpdateAfterBindSamplers limit (16).
09-20 17:55:38.030 28664 28759 E godot   : The Vulkan spec states: If the descriptorBindingSampledImageUpdateAfterBind feature is supported on the device, the total number of descriptors with a descriptorType of VK_DESCRIPTOR_TYPE_SAMPLER and VK_DESCRIPTOR_TYPE_COMBINED_IMAGE_SAMPLER accessible to any given shader stage across all elements of pSetLayouts must be less than or equal to VkPhysicalDeviceDescriptorIndexingProperties::maxPerStageDescriptorUpdateAfterBindSamplers (https://docs.vulkan.org/spec/latest/chapters/descriptorsets.html#VUID-VkPipelineLayoutCreateInfo-descriptorType-03022)
09-20 17:55:38.030 28664 28759 E godot   :    at: _debug_report_callback (drivers/vulkan/rendering_context_driver_vulkan.cpp:680)
09-20 17:55:38.052 28664 28759 E godot   : ERROR: Vulkan Debug Report: object - 0
09-20 17:55:38.052 28664 28759 E godot   : vkCreatePipelineLayout(): max per-stage sampler bindings count (18) exceeds device maxPerStageDescriptorSamplers limit (16).
09-20 17:55:38.052 28664 28759 E godot   : The Vulkan spec states: The total number of descriptors in descriptor set layouts created without the VK_DESCRIPTOR_SET_LAYOUT_CREATE_UPDATE_AFTER_BIND_POOL_BIT bit set with a descriptorType of VK_DESCRIPTOR_TYPE_SAMPLER and VK_DESCRIPTOR_TYPE_COMBINED_IMAGE_SAMPLER accessible to any given shader stage across all elements of pSetLayouts must be less than or equal to VkPhysicalDeviceLimits::maxPerStageDescriptorSamplers (https://docs.vulkan.org/spec/latest/chapters/descriptorsets.html#VUID-VkPipelineLayoutCreateInfo-descriptorType-03016)
09-20 17:55:38.052 28664 28759 E godot   :    at: _debug_report_callback (drivers/vulkan/rendering_context_driver_vulkan.cpp:680)
09-20 17:55:38.052 28664 28759 E godot   : ERROR: Vulkan Debug Report: object - 0
09-20 17:55:38.052 28664 28759 E godot   : vkCreatePipelineLayout(): max per-stage sampler bindings count (18) exceeds device maxPerStageDescriptorUpdateAfterBindSamplers limit (16).
09-20 17:55:38.052 28664 28759 E godot   : The Vulkan spec states: If the descriptorBindingSampledImageUpdateAfterBind feature is supported on the device, the total number of descriptors with a descriptorType of VK_DESCRIPTOR_TYPE_SAMPLER and VK_DESCRIPTOR_TYPE_COMBINED_IMAGE_SAMPLER accessible to any given shader stage across all elements of pSetLayouts must be less than or equal to VkPhysicalDeviceDescriptorIndexingProperties::maxPerStageDescriptorUpdateAfterBindSamplers (https://docs.vulkan.org/spec/latest/chapters/descriptorsets.html#VUID-VkPipelineLayoutCreateInfo-descriptorType-03022)
09-20 17:55:38.052 28664 28759 E godot   :    at: _debug_report_callback (drivers/vulkan/rendering_context_driver_vulkan.cpp:680)
09-20 17:55:38.056 28664 28759 E godot   : ERROR: Vulkan Debug Report: object - 0
09-20 17:55:38.056 28664 28759 E godot   : vkCreatePipelineLayout(): max per-stage sampler bindings count (18) exceeds device maxPerStageDescriptorSamplers limit (16).
09-20 17:55:38.056 28664 28759 E godot   : The Vulkan spec states: The total number of descriptors in descriptor set layouts created without the VK_DESCRIPTOR_SET_LAYOUT_CREATE_UPDATE_AFTER_BIND_POOL_BIT bit set with a descriptorType of VK_DESCRIPTOR_TYPE_SAMPLER and VK_DESCRIPTOR_TYPE_COMBINED_IMAGE_SAMPLER accessible to any given shader stage across all elements of pSetLayouts must be less than or equal to VkPhysicalDeviceLimits::maxPerStageDescriptorSamplers (https://docs.vulkan.org/spec/latest/chapters/descriptorsets.html#VUID-VkPipelineLayoutCreateInfo-descriptorType-03016)
09-20 17:55:38.056 28664 28759 E godot   :    at: _debug_report_callback (drivers/vulkan/rendering_context_driver_vulkan.cpp:680)
09-20 17:55:38.056 28664 28759 E godot   : ERROR: Vulkan Debug Report: object - 0
09-20 17:55:38.056 28664 28759 E godot   : vkCreatePipelineLayout(): max per-stage sampler bindings count (18) exceeds device maxPerStageDescriptorUpdateAfterBindSamplers limit (16).
09-20 17:55:38.056 28664 28759 E godot   : The Vulkan spec states: If the descriptorBindingSampledImageUpdateAfterBind feature is supported on the device, the total number of descriptors with a descriptorType of VK_DESCRIPTOR_TYPE_SAMPLER and VK_DESCRIPTOR_TYPE_COMBINED_IMAGE_SAMPLER accessible to any given shader stage across all elements of pSetLayouts must be less than or equal to VkPhysicalDeviceDescriptorIndexingProperties::maxPerStageDescriptorUpdateAfterBindSamplers (https://docs.vulkan.org/spec/latest/chapters/descriptorsets.html#VUID-VkPipelineLayoutCreateInfo-descriptorType-03022)
09-20 17:55:38.056 28664 28759 E godot   :    at: _debug_report_callback (drivers/vulkan/rendering_context_driver_vulkan.cpp:680)
09-20 17:55:38.060 28664 28759 E godot   : ERROR: Vulkan Debug Report: object - 0
09-20 17:55:38.060 28664 28759 E godot   : vkCreatePipelineLayout(): max per-stage sampler bindings count (18) exceeds device maxPerStageDescriptorSamplers limit (16).
09-20 17:55:38.060 28664 28759 E godot   : The Vulkan spec states: The total number of descriptors in descriptor set layouts created without the VK_DESCRIPTOR_SET_LAYOUT_CREATE_UPDATE_AFTER_BIND_POOL_BIT bit set with a descriptorType of VK_DESCRIPTOR_TYPE_SAMPLER and VK_DESCRIPTOR_TYPE_COMBINED_IMAGE_SAMPLER accessible to any given shader stage across all elements of pSetLayouts must be less than or equal to VkPhysicalDeviceLimits::maxPerStageDescriptorSamplers (https://docs.vulkan.org/spec/latest/chapters/descriptorsets.html#VUID-VkPipelineLayoutCreateInfo-descriptorType-03016)
09-20 17:55:38.060 28664 28759 E godot   :    at: _debug_report_callback (drivers/vulkan/rendering_context_driver_vulkan.cpp:680)
09-20 17:55:38.060 28664 28759 E godot   : ERROR: Vulkan Debug Report: object - 0
09-20 17:55:38.060 28664 28759 E godot   : vkCreatePipelineLayout(): max per-stage sampler bindings count (18) exceeds device maxPerStageDescriptorUpdateAfterBindSamplers limit (16).
09-20 17:55:38.060 28664 28759 E godot   : The Vulkan spec states: If the descriptorBindingSampledImageUpdateAfterBind feature is supported on the device, the total number of descriptors with a descriptorType of VK_DESCRIPTOR_TYPE_SAMPLER and VK_DESCRIPTOR_TYPE_COMBINED_IMAGE_SAMPLER accessible to any given shader stage across all elements of pSetLayouts must be less than or equal to VkPhysicalDeviceDescriptorIndexingProperties::maxPerStageDescriptorUpdateAfterBindSamplers (https://docs.vulkan.org/spec/latest/chapters/descriptorsets.html#VUID-VkPipelineLayoutCreateInfo-descriptorType-03022)
09-20 17:55:38.060 28664 28759 E godot   :    at: _debug_report_callback (drivers/vulkan/rendering_context_driver_vulkan.cpp:680)
09-20 17:55:38.064 28664 28759 E godot   : ERROR: Vulkan Debug Report: object - 0
09-20 17:55:38.064 28664 28759 E godot   : (Warning - This VUID has now been reported 10 times, which is the duplicate_message_limit value, this will be the last time reporting it).
09-20 17:55:38.064 28664 28759 E godot   : vkCreatePipelineLayout(): max per-stage sampler bindings count (18) exceeds device maxPerStageDescriptorSamplers limit (16).
09-20 17:55:38.064 28664 28759 E godot   : The Vulkan spec states: The total number of descriptors in descriptor set layouts created without the VK_DESCRIPTOR_SET_LAYOUT_CREATE_UPDATE_AFTER_BIND_POOL_BIT bit set with a descriptorType of VK_DESCRIPTOR_TYPE_SAMPLER and VK_DESCRIPTOR_TYPE_COMBINED_IMAGE_SAMPLER accessible to any given shader stage across all elements of pSetLayouts must be less than or equal to VkPhysicalDeviceLimits::maxPerStageDescriptorSamplers (https://docs.vulkan.org/spec/latest/chapters/descriptorsets.html#VUID-VkPipelineLayoutCreateInfo-descriptorType-03016)
09-20 17:55:38.064 28664 28759 E godot   :    at: _debug_report_callback (drivers/vulkan/rendering_context_driver_vulkan.cpp:680)
09-20 17:55:38.064 28664 28759 E godot   : ERROR: Vulkan Debug Report: object - 0
09-20 17:55:38.064 28664 28759 E godot   : (Warning - This VUID has now been reported 10 times, which is the duplicate_message_limit value, this will be the last time reporting it).
09-20 17:55:38.064 28664 28759 E godot   : vkCreatePipelineLayout(): max per-stage sampler bindings count (18) exceeds device maxPerStageDescriptorUpdateAfterBindSamplers limit (16).
09-20 17:55:38.064 28664 28759 E godot   : The Vulkan spec states: If the descriptorBindingSampledImageUpdateAfterBind feature is supported on the device, the total number of descriptors with a descriptorType of VK_DESCRIPTOR_TYPE_SAMPLER and VK_DESCRIPTOR_TYPE_COMBINED_IMAGE_SAMPLER accessible to any given shader stage across all elements of pSetLayouts must be less than or equal to VkPhysicalDeviceDescriptorIndexingProperties::maxPerStageDescriptorUpdateAfterBindSamplers (https://docs.vulkan.org/spec/latest/chapters/descriptorsets.html#VUID-VkPipelineLayoutCreateInfo-descriptorType-03022)
09-20 17:55:38.064 28664 28759 E godot   :    at: _debug_report_callback (drivers/vulkan/rendering_context_driver_vulkan.cpp:680)
09-20 17:55:38.307 28664 28759 I godot   :
09-20 17:55:40.929 28664 28759 V Godot   : OnGodotSetupCompleted
09-20 17:55:41.619 28664 28759 V Godot   : OnGodotMainLoopStarted
09-20 17:55:42.104 28664 28664 I flutter : NATIVE_COMBAT_ACTIVE epoch=1789894537258832 seq=1
09-20 17:55:43.623 28664 28759 E godot   : ERROR: Vulkan Debug Report: object - 1297423720776860
09-20 17:55:43.623 28664 28759 E godot   : vkQueueSubmit(): pSubmits[0].pSignalSemaphores[0] (VkSemaphore 0x49c000000049c) is being signaled by VkQueue 0xb400007d6e53a410, but it may still be in use by VkSwapchainKHR 0x46e000000046e.
09-20 17:55:43.623 28664 28759 E godot   : Most recently acquired image indices: [0], 1, 2.
09-20 17:55:43.623 28664 28759 E godot   : (Brackets mark the last use of VkSemaphore 0x49c000000049c in a presentation operation.)
09-20 17:55:43.623 28664 28759 E godot   : Swapchain image 0 was presented but was not re-acquired, so VkSemaphore 0x49c000000049c may still be in use and cannot be safely reused with image index 2.
09-20 17:55:43.623 28664 28759 E godot   : Vulkan insight: See https://docs.vulkan.org/guide/latest/swapchain_semaphore_reuse.html for details on swapchain semaphore reuse. Examples of possible approaches:
09-20 17:55:43.623 28664 28759 E godot   :    a) Use a separate semaphore per swapchain image. Index these semaphores using the index of the acquired image.
09-20 17:55:43.623 28664 28759 E godot   :    b) Consider the VK_KHR_swapchain_maintenance1 extension. It allows using a VkFence with the presentation operation.
09-20 17:55:43.623 28664 28759 E godot   : The Vulkan spec states: Each binary semaphore element of the pSignalSemaphores member of
09-20 17:55:43.623 28664 28759 E godot   :    at: _debug_report_callback (drivers/vulkan/rendering_context_driver_vulkan.cpp:680)
09-20 17:55:43.732 28664 28759 E godot   : ERROR: Vulkan Debug Report: object - 1300722255660191
09-20 17:55:43.732 28664 28759 E godot   : vkQueueSubmit(): pSubmits[0].pSignalSemaphores[0] (VkSemaphore 0x49f000000049f) is being signaled by VkQueue 0xb400007d6e53a410, but it may still be in use by VkSwapchainKHR 0x46e000000046e.
09-20 17:55:43.732 28664 28759 E godot   : Most recently acquired image indices: 0, [1], 2, 0.
09-20 17:55:43.732 28664 28759 E godot   : (Brackets mark the last use of VkSemaphore 0x49f000000049f in a presentation operation.)
09-20 17:55:43.732 28664 28759 E godot   : Swapchain image 1 was presented but was not re-acquired, so VkSemaphore 0x49f000000049f may still be in use and cannot be safely reused with image index 0.
09-20 17:55:43.732 28664 28759 E godot   : Vulkan insight: See https://docs.vulkan.org/guide/latest/swapchain_semaphore_reuse.html for details on swapchain semaphore reuse. Examples of possible approaches:
09-20 17:55:43.732 28664 28759 E godot   :    a) Use a separate semaphore per swapchain image. Index these semaphores using the index of the acquired image.
09-20 17:55:43.732 28664 28759 E godot   :    b) Consider the VK_KHR_swapchain_maintenance1 extension. It allows using a VkFence with the presentation operation.
09-20 17:55:43.732 28664 28759 E godot   : The Vulkan spec states: Each binary semaphore element of the pSignalSemaphores member
09-20 17:55:43.732 28664 28759 E godot   :    at: _debug_report_callback (drivers/vulkan/rendering_context_driver_vulkan.cpp:680)
09-20 17:57:45.185 28664 28664 I flutter : NATIVE_COMBAT_SUSPENDED epoch=1789894537258832
09-20 17:57:45.261 28664 28664 V Godot   : OnPause: com.example.rune_nexus.GodotRuntime@abae11
09-20 17:57:45.264 28664 28664 V Godot   : OnStop: com.example.rune_nexus.GodotRuntime@abae11
09-20 17:57:49.291 28664 28664 I flutter : NATIVE_COMBAT_RESTORED epoch=1789894537258833
09-20 17:57:49.371 28664 28664 V Godot   : OnStart: com.example.rune_nexus.GodotRuntime@abae11
09-20 17:57:49.371 28664 28664 V Godot   : OnResume: com.example.rune_nexus.GodotRuntime@abae11
09-20 17:57:49.479 28664 28759 E godot   : ERROR: Vulkan Debug Report: object - 490125999779269959
09-20 17:57:49.479 28664 28759 E godot   : vkQueueSubmit(): pSubmits[0].pSignalSemaphores[0] (VkSemaphore 0x6cd47000006cd47) is being signaled by VkQueue 0xb400007d6e53a410, but it may still be in use by VkSwapchainKHR 0x6cd37000006cd37.
09-20 17:57:49.479 28664 28759 E godot   : Most recently acquired image indices: [0], 1, 2.
09-20 17:57:49.479 28664 28759 E godot   : (Brackets mark the last use of VkSemaphore 0x6cd47000006cd47 in a presentation operation.)
09-20 17:57:49.479 28664 28759 E godot   : Swapchain image 0 was presented but was not re-acquired, so VkSemaphore 0x6cd47000006cd47 may still be in use and cannot be safely reused with image index 2.
09-20 17:57:49.479 28664 28759 E godot   : Vulkan insight: See https://docs.vulkan.org/guide/latest/swapchain_semaphore_reuse.html for details on swapchain semaphore reuse. Examples of possible approaches:
09-20 17:57:49.479 28664 28759 E godot   :    a) Use a separate semaphore per swapchain image. Index these semaphores using the index of the acquired image.
09-20 17:57:49.479 28664 28759 E godot   :    b) Consider the VK_KHR_swapchain_maintenance1 extension. It allows using a VkFence with the presentation operation.
09-20 17:57:49.479 28664 28759 E godot   : The Vulkan spec states: Each binary semaphore element of the pSignalSemaphores
09-20 17:57:49.479 28664 28759 E godot   :    at: _debug_report_callback (drivers/vulkan/rendering_context_driver_vulkan.cpp:680)
09-20 17:57:49.503 28664 28759 E godot   : ERROR: Vulkan Debug Report: object - 490129298314153290
09-20 17:57:49.503 28664 28759 E godot   : vkQueueSubmit(): pSubmits[0].pSignalSemaphores[0] (VkSemaphore 0x6cd4a000006cd4a) is being signaled by VkQueue 0xb400007d6e53a410, but it may still be in use by VkSwapchainKHR 0x6cd37000006cd37.
09-20 17:57:49.503 28664 28759 E godot   : Most recently acquired image indices: 0, [1], 2, 0.
09-20 17:57:49.503 28664 28759 E godot   : (Brackets mark the last use of VkSemaphore 0x6cd4a000006cd4a in a presentation operation.)
09-20 17:57:49.503 28664 28759 E godot   : Swapchain image 1 was presented but was not re-acquired, so VkSemaphore 0x6cd4a000006cd4a may still be in use and cannot be safely reused with image index 0.
09-20 17:57:49.503 28664 28759 E godot   : Vulkan insight: See https://docs.vulkan.org/guide/latest/swapchain_semaphore_reuse.html for details on swapchain semaphore reuse. Examples of possible approaches:
09-20 17:57:49.503 28664 28759 E godot   :    a) Use a separate semaphore per swapchain image. Index these semaphores using the index of the acquired image.
09-20 17:57:49.503 28664 28759 E godot   :    b) Consider the VK_KHR_swapchain_maintenance1 extension. It allows using a VkFence with the presentation operation.
09-20 17:57:49.503 28664 28759 E godot   : The Vulkan spec states: Each binary semaphore element of the pSignalSemapho
09-20 17:57:49.503 28664 28759 E godot   :    at: _debug_report_callback (drivers/vulkan/rendering_context_driver_vulkan.cpp:680)
09-20 17:57:49.852 28664 28664 I flutter : NATIVE_COMBAT_ACTIVE epoch=1789894537258833 seq=1
09-20 17:58:22.067 28664 28664 I flutter : NATIVE_COMBAT_SUSPENDED epoch=1789894537258833
09-20 17:58:22.093 28664 28664 V Godot   : OnPause: com.example.rune_nexus.GodotRuntime@abae11
09-20 17:58:22.093 28664 28664 V Godot   : OnStop: com.example.rune_nexus.GodotRuntime@abae11
09-20 17:58:26.008 28664 28664 I flutter : NATIVE_COMBAT_RESTORED epoch=1789894537258834
09-20 17:58:26.077 28664 28664 V Godot   : OnStart: com.example.rune_nexus.GodotRuntime@abae11
09-20 17:58:26.077 28664 28664 V Godot   : OnResume: com.example.rune_nexus.GodotRuntime@abae11
09-20 17:58:26.377 28664 28759 E godot   : ERROR: Vulkan Debug Report: object - 609229497346585707
09-20 17:58:26.377 28664 28759 E godot   : vkQueueSubmit(): pSubmits[0].pSignalSemaphores[0] (VkSemaphore 0x8746b000008746b) is being signaled by VkQueue 0xb400007d6e53a410, but it may still be in use by VkSwapchainKHR 0x8745b000008745b.
09-20 17:58:26.377 28664 28759 E godot   : Most recently acquired image indices: [0], 1, 2.
09-20 17:58:26.377 28664 28759 E godot   : (Brackets mark the last use of VkSemaphore 0x8746b000008746b in a presentation operation.)
09-20 17:58:26.377 28664 28759 E godot   : Swapchain image 0 was presented but was not re-acquired, so VkSemaphore 0x8746b000008746b may still be in use and cannot be safely reused with image index 2.
09-20 17:58:26.377 28664 28759 E godot   : Vulkan insight: See https://docs.vulkan.org/guide/latest/swapchain_semaphore_reuse.html for details on swapchain semaphore reuse. Examples of possible approaches:
09-20 17:58:26.377 28664 28759 E godot   :    a) Use a separate semaphore per swapchain image. Index these semaphores using the index of the acquired image.
09-20 17:58:26.377 28664 28759 E godot   :    b) Consider the VK_KHR_swapchain_maintenance1 extension. It allows using a VkFence with the presentation operation.
09-20 17:58:26.377 28664 28759 E godot   : The Vulkan spec states: Each binary semaphore element of the pSignalSemaphores
09-20 17:58:26.377 28664 28759 E godot   :    at: _debug_report_callback (drivers/vulkan/rendering_context_driver_vulkan.cpp:680)
09-20 17:58:26.394 28664 28759 E godot   : ERROR: Vulkan Debug Report: object - 609232795881469038
09-20 17:58:26.394 28664 28759 E godot   : vkQueueSubmit(): pSubmits[0].pSignalSemaphores[0] (VkSemaphore 0x8746e000008746e) is being signaled by VkQueue 0xb400007d6e53a410, but it may still be in use by VkSwapchainKHR 0x8745b000008745b.
09-20 17:58:26.394 28664 28759 E godot   : Most recently acquired image indices: 0, [1], 2, 0.
09-20 17:58:26.394 28664 28759 E godot   : (Brackets mark the last use of VkSemaphore 0x8746e000008746e in a presentation operation.)
09-20 17:58:26.394 28664 28759 E godot   : Swapchain image 1 was presented but was not re-acquired, so VkSemaphore 0x8746e000008746e may still be in use and cannot be safely reused with image index 0.
09-20 17:58:26.394 28664 28759 E godot   : Vulkan insight: See https://docs.vulkan.org/guide/latest/swapchain_semaphore_reuse.html for details on swapchain semaphore reuse. Examples of possible approaches:
09-20 17:58:26.394 28664 28759 E godot   :    a) Use a separate semaphore per swapchain image. Index these semaphores using the index of the acquired image.
09-20 17:58:26.394 28664 28759 E godot   :    b) Consider the VK_KHR_swapchain_maintenance1 extension. It allows using a VkFence with the presentation operation.
09-20 17:58:26.394 28664 28759 E godot   : The Vulkan spec states: Each binary semaphore element of the pSignalSemapho
09-20 17:58:26.394 28664 28759 E godot   :    at: _debug_report_callback (drivers/vulkan/rendering_context_driver_vulkan.cpp:680)
09-20 17:58:26.558 28664 28664 I flutter : NATIVE_COMBAT_ACTIVE epoch=1789894537258834 seq=1
