--------- beginning of main
09-13 20:35:14.695 29666 29666 V Godot   : Initializing Godot plugin registry
09-13 20:35:14.704 29666 29666 V Godot   : InitEngine with params: [--main-pack, res://rune_nexus.pck, --rendering-method, mobile, --disable_godot_splash]
09-13 20:35:14.753 29666 29666 V Godot   : Godot native layer initialization completed: true
09-13 20:35:14.753 29666 29666 V Godot   : Setting up native layer with params: [--main-pack, res://rune_nexus.pck, --rendering-method, mobile]
09-13 20:35:14.834 29666 29666 V Godot   : Godot native layer setup completed
09-13 20:35:14.835 29666 29666 V Godot   : OnInitRenderView: com.example.rune_nexus.GodotRuntime@e1413e
09-13 20:35:14.857 29666 29666 D Godot   : Render view should be transparent: false
09-13 20:35:14.985 29666 29666 I godot   : Vulkan Debug Report: object - -5476376603329773264
09-13 20:35:14.985 29666 29666 I godot   : vkCreateInstance(): Khronos Validation Layer Active:
09-13 20:35:14.985 29666 29666 I godot   :     Current Enables: None.
09-13 20:35:14.985 29666 29666 I godot   :     Current Disables: None.
09-13 20:35:14.985 29666 29666 I godot   :
09-13 20:35:15.015 29666 29666 E godot   : WARNING: Property not found: 'xr/shaders/enabled'.
09-13 20:35:15.015 29666 29666 E godot   :    at: get_setting_with_override (core/config/project_settings.cpp:435)
09-13 20:35:15.017 29666 29666 D Godot   : renderingDevice: vulkan (ProjectSettings)
09-13 20:35:15.017 29666 29666 D Godot   : 			renderer: mobile (Default)
09-13 20:35:15.033 29666 29666 V Godot   : OnStart: com.example.rune_nexus.GodotRuntime@e1413e
09-13 20:35:15.033 29666 29666 V Godot   : OnResume: com.example.rune_nexus.GodotRuntime@e1413e
09-13 20:35:15.382 29666 29742 I godot   : Godot Engine v4.7.2.stable.official.ed1daf0bf - https://godotengine.org
09-13 20:35:15.609 29666 29742 I godot   : Vulkan Debug Report: object - 0
09-13 20:35:15.609 29666 29742 I godot   : vkCreateDevice(): Cannot open shader validation cache at /tmp/shader_validation_cache-10232.bin for reading (it may not exist yet)
09-13 20:35:15.615 29666 29742 I godot   : Vulkan 1.3.0 - Forward Mobile - Using Device #0: Apple - Goldfish GFXStream (Apple M4)
09-13 20:35:16.793 29666 29742 E godot   : ERROR: Vulkan Debug Report: object - 0
09-13 20:35:16.793 29666 29742 E godot   : vkCreatePipelineLayout(): max per-stage sampler bindings count (18) exceeds device maxPerStageDescriptorSamplers limit (16).
09-13 20:35:16.793 29666 29742 E godot   : The Vulkan spec states: The total number of descriptors in descriptor set layouts created without the VK_DESCRIPTOR_SET_LAYOUT_CREATE_UPDATE_AFTER_BIND_POOL_BIT bit set with a descriptorType of VK_DESCRIPTOR_TYPE_SAMPLER and VK_DESCRIPTOR_TYPE_COMBINED_IMAGE_SAMPLER accessible to any given shader stage across all elements of pSetLayouts must be less than or equal to VkPhysicalDeviceLimits::maxPerStageDescriptorSamplers (https://docs.vulkan.org/spec/latest/chapters/descriptorsets.html#VUID-VkPipelineLayoutCreateInfo-descriptorType-03016)
09-13 20:35:16.793 29666 29742 E godot   :    at: _debug_report_callback (drivers/vulkan/rendering_context_driver_vulkan.cpp:680)
09-13 20:35:16.793 29666 29742 E godot   : ERROR: Vulkan Debug Report: object - 0
09-13 20:35:16.793 29666 29742 E godot   : vkCreatePipelineLayout(): max per-stage sampler bindings count (18) exceeds device maxPerStageDescriptorUpdateAfterBindSamplers limit (16).
09-13 20:35:16.793 29666 29742 E godot   : The Vulkan spec states: If the descriptorBindingSampledImageUpdateAfterBind feature is supported on the device, the total number of descriptors with a descriptorType of VK_DESCRIPTOR_TYPE_SAMPLER and VK_DESCRIPTOR_TYPE_COMBINED_IMAGE_SAMPLER accessible to any given shader stage across all elements of pSetLayouts must be less than or equal to VkPhysicalDeviceDescriptorIndexingProperties::maxPerStageDescriptorUpdateAfterBindSamplers (https://docs.vulkan.org/spec/latest/chapters/descriptorsets.html#VUID-VkPipelineLayoutCreateInfo-descriptorType-03022)
09-13 20:35:16.793 29666 29742 E godot   :    at: _debug_report_callback (drivers/vulkan/rendering_context_driver_vulkan.cpp:680)
09-13 20:35:16.936 29666 29742 E godot   : ERROR: Vulkan Debug Report: object - 0
09-13 20:35:16.936 29666 29742 E godot   : vkCreatePipelineLayout(): max per-stage sampler bindings count (18) exceeds device maxPerStageDescriptorSamplers limit (16).
09-13 20:35:16.936 29666 29742 E godot   : The Vulkan spec states: The total number of descriptors in descriptor set layouts created without the VK_DESCRIPTOR_SET_LAYOUT_CREATE_UPDATE_AFTER_BIND_POOL_BIT bit set with a descriptorType of VK_DESCRIPTOR_TYPE_SAMPLER and VK_DESCRIPTOR_TYPE_COMBINED_IMAGE_SAMPLER accessible to any given shader stage across all elements of pSetLayouts must be less than or equal to VkPhysicalDeviceLimits::maxPerStageDescriptorSamplers (https://docs.vulkan.org/spec/latest/chapters/descriptorsets.html#VUID-VkPipelineLayoutCreateInfo-descriptorType-03016)
09-13 20:35:16.936 29666 29742 E godot   :    at: _debug_report_callback (drivers/vulkan/rendering_context_driver_vulkan.cpp:680)
09-13 20:35:16.936 29666 29742 E godot   : ERROR: Vulkan Debug Report: object - 0
09-13 20:35:16.936 29666 29742 E godot   : vkCreatePipelineLayout(): max per-stage sampler bindings count (18) exceeds device maxPerStageDescriptorUpdateAfterBindSamplers limit (16).
09-13 20:35:16.936 29666 29742 E godot   : The Vulkan spec states: If the descriptorBindingSampledImageUpdateAfterBind feature is supported on the device, the total number of descriptors with a descriptorType of VK_DESCRIPTOR_TYPE_SAMPLER and VK_DESCRIPTOR_TYPE_COMBINED_IMAGE_SAMPLER accessible to any given shader stage across all elements of pSetLayouts must be less than or equal to VkPhysicalDeviceDescriptorIndexingProperties::maxPerStageDescriptorUpdateAfterBindSamplers (https://docs.vulkan.org/spec/latest/chapters/descriptorsets.html#VUID-VkPipelineLayoutCreateInfo-descriptorType-03022)
09-13 20:35:16.936 29666 29742 E godot   :    at: _debug_report_callback (drivers/vulkan/rendering_context_driver_vulkan.cpp:680)
09-13 20:35:16.956 29666 29742 E godot   : ERROR: Vulkan Debug Report: object - 0
09-13 20:35:16.956 29666 29742 E godot   : vkCreatePipelineLayout(): max per-stage sampler bindings count (18) exceeds device maxPerStageDescriptorSamplers limit (16).
09-13 20:35:16.956 29666 29742 E godot   : The Vulkan spec states: The total number of descriptors in descriptor set layouts created without the VK_DESCRIPTOR_SET_LAYOUT_CREATE_UPDATE_AFTER_BIND_POOL_BIT bit set with a descriptorType of VK_DESCRIPTOR_TYPE_SAMPLER and VK_DESCRIPTOR_TYPE_COMBINED_IMAGE_SAMPLER accessible to any given shader stage across all elements of pSetLayouts must be less than or equal to VkPhysicalDeviceLimits::maxPerStageDescriptorSamplers (https://docs.vulkan.org/spec/latest/chapters/descriptorsets.html#VUID-VkPipelineLayoutCreateInfo-descriptorType-03016)
09-13 20:35:16.956 29666 29742 E godot   :    at: _debug_report_callback (drivers/vulkan/rendering_context_driver_vulkan.cpp:680)
09-13 20:35:16.956 29666 29742 E godot   : ERROR: Vulkan Debug Report: object - 0
09-13 20:35:16.956 29666 29742 E godot   : vkCreatePipelineLayout(): max per-stage sampler bindings count (18) exceeds device maxPerStageDescriptorUpdateAfterBindSamplers limit (16).
09-13 20:35:16.956 29666 29742 E godot   : The Vulkan spec states: If the descriptorBindingSampledImageUpdateAfterBind feature is supported on the device, the total number of descriptors with a descriptorType of VK_DESCRIPTOR_TYPE_SAMPLER and VK_DESCRIPTOR_TYPE_COMBINED_IMAGE_SAMPLER accessible to any given shader stage across all elements of pSetLayouts must be less than or equal to VkPhysicalDeviceDescriptorIndexingProperties::maxPerStageDescriptorUpdateAfterBindSamplers (https://docs.vulkan.org/spec/latest/chapters/descriptorsets.html#VUID-VkPipelineLayoutCreateInfo-descriptorType-03022)
09-13 20:35:16.956 29666 29742 E godot   :    at: _debug_report_callback (drivers/vulkan/rendering_context_driver_vulkan.cpp:680)
09-13 20:35:16.987 29666 29742 E godot   : ERROR: Vulkan Debug Report: object - 0
09-13 20:35:16.987 29666 29742 E godot   : vkCreatePipelineLayout(): max per-stage sampler bindings count (18) exceeds device maxPerStageDescriptorSamplers limit (16).
09-13 20:35:16.987 29666 29742 E godot   : The Vulkan spec states: The total number of descriptors in descriptor set layouts created without the VK_DESCRIPTOR_SET_LAYOUT_CREATE_UPDATE_AFTER_BIND_POOL_BIT bit set with a descriptorType of VK_DESCRIPTOR_TYPE_SAMPLER and VK_DESCRIPTOR_TYPE_COMBINED_IMAGE_SAMPLER accessible to any given shader stage across all elements of pSetLayouts must be less than or equal to VkPhysicalDeviceLimits::maxPerStageDescriptorSamplers (https://docs.vulkan.org/spec/latest/chapters/descriptorsets.html#VUID-VkPipelineLayoutCreateInfo-descriptorType-03016)
09-13 20:35:16.987 29666 29742 E godot   :    at: _debug_report_callback (drivers/vulkan/rendering_context_driver_vulkan.cpp:680)
09-13 20:35:16.987 29666 29742 E godot   : ERROR: Vulkan Debug Report: object - 0
09-13 20:35:16.987 29666 29742 E godot   : vkCreatePipelineLayout(): max per-stage sampler bindings count (18) exceeds device maxPerStageDescriptorUpdateAfterBindSamplers limit (16).
09-13 20:35:16.987 29666 29742 E godot   : The Vulkan spec states: If the descriptorBindingSampledImageUpdateAfterBind feature is supported on the device, the total number of descriptors with a descriptorType of VK_DESCRIPTOR_TYPE_SAMPLER and VK_DESCRIPTOR_TYPE_COMBINED_IMAGE_SAMPLER accessible to any given shader stage across all elements of pSetLayouts must be less than or equal to VkPhysicalDeviceDescriptorIndexingProperties::maxPerStageDescriptorUpdateAfterBindSamplers (https://docs.vulkan.org/spec/latest/chapters/descriptorsets.html#VUID-VkPipelineLayoutCreateInfo-descriptorType-03022)
09-13 20:35:16.987 29666 29742 E godot   :    at: _debug_report_callback (drivers/vulkan/rendering_context_driver_vulkan.cpp:680)
09-13 20:35:17.013 29666 29742 E godot   : ERROR: Vulkan Debug Report: object - 0
09-13 20:35:17.013 29666 29742 E godot   : vkCreatePipelineLayout(): max per-stage sampler bindings count (18) exceeds device maxPerStageDescriptorSamplers limit (16).
09-13 20:35:17.013 29666 29742 E godot   : The Vulkan spec states: The total number of descriptors in descriptor set layouts created without the VK_DESCRIPTOR_SET_LAYOUT_CREATE_UPDATE_AFTER_BIND_POOL_BIT bit set with a descriptorType of VK_DESCRIPTOR_TYPE_SAMPLER and VK_DESCRIPTOR_TYPE_COMBINED_IMAGE_SAMPLER accessible to any given shader stage across all elements of pSetLayouts must be less than or equal to VkPhysicalDeviceLimits::maxPerStageDescriptorSamplers (https://docs.vulkan.org/spec/latest/chapters/descriptorsets.html#VUID-VkPipelineLayoutCreateInfo-descriptorType-03016)
09-13 20:35:17.013 29666 29742 E godot   :    at: _debug_report_callback (drivers/vulkan/rendering_context_driver_vulkan.cpp:680)
09-13 20:35:17.014 29666 29742 E godot   : ERROR: Vulkan Debug Report: object - 0
09-13 20:35:17.014 29666 29742 E godot   : vkCreatePipelineLayout(): max per-stage sampler bindings count (18) exceeds device maxPerStageDescriptorUpdateAfterBindSamplers limit (16).
09-13 20:35:17.014 29666 29742 E godot   : The Vulkan spec states: If the descriptorBindingSampledImageUpdateAfterBind feature is supported on the device, the total number of descriptors with a descriptorType of VK_DESCRIPTOR_TYPE_SAMPLER and VK_DESCRIPTOR_TYPE_COMBINED_IMAGE_SAMPLER accessible to any given shader stage across all elements of pSetLayouts must be less than or equal to VkPhysicalDeviceDescriptorIndexingProperties::maxPerStageDescriptorUpdateAfterBindSamplers (https://docs.vulkan.org/spec/latest/chapters/descriptorsets.html#VUID-VkPipelineLayoutCreateInfo-descriptorType-03022)
09-13 20:35:17.014 29666 29742 E godot   :    at: _debug_report_callback (drivers/vulkan/rendering_context_driver_vulkan.cpp:680)
09-13 20:35:17.131 29666 29742 E godot   : ERROR: Vulkan Debug Report: object - 0
09-13 20:35:17.131 29666 29742 E godot   : vkCreatePipelineLayout(): max per-stage sampler bindings count (18) exceeds device maxPerStageDescriptorSamplers limit (16).
09-13 20:35:17.131 29666 29742 E godot   : The Vulkan spec states: The total number of descriptors in descriptor set layouts created without the VK_DESCRIPTOR_SET_LAYOUT_CREATE_UPDATE_AFTER_BIND_POOL_BIT bit set with a descriptorType of VK_DESCRIPTOR_TYPE_SAMPLER and VK_DESCRIPTOR_TYPE_COMBINED_IMAGE_SAMPLER accessible to any given shader stage across all elements of pSetLayouts must be less than or equal to VkPhysicalDeviceLimits::maxPerStageDescriptorSamplers (https://docs.vulkan.org/spec/latest/chapters/descriptorsets.html#VUID-VkPipelineLayoutCreateInfo-descriptorType-03016)
09-13 20:35:17.131 29666 29742 E godot   :    at: _debug_report_callback (drivers/vulkan/rendering_context_driver_vulkan.cpp:680)
09-13 20:35:17.131 29666 29742 E godot   : ERROR: Vulkan Debug Report: object - 0
09-13 20:35:17.131 29666 29742 E godot   : vkCreatePipelineLayout(): max per-stage sampler bindings count (18) exceeds device maxPerStageDescriptorUpdateAfterBindSamplers limit (16).
09-13 20:35:17.131 29666 29742 E godot   : The Vulkan spec states: If the descriptorBindingSampledImageUpdateAfterBind feature is supported on the device, the total number of descriptors with a descriptorType of VK_DESCRIPTOR_TYPE_SAMPLER and VK_DESCRIPTOR_TYPE_COMBINED_IMAGE_SAMPLER accessible to any given shader stage across all elements of pSetLayouts must be less than or equal to VkPhysicalDeviceDescriptorIndexingProperties::maxPerStageDescriptorUpdateAfterBindSamplers (https://docs.vulkan.org/spec/latest/chapters/descriptorsets.html#VUID-VkPipelineLayoutCreateInfo-descriptorType-03022)
09-13 20:35:17.131 29666 29742 E godot   :    at: _debug_report_callback (drivers/vulkan/rendering_context_driver_vulkan.cpp:680)
09-13 20:35:17.269 29666 29742 E godot   : ERROR: Vulkan Debug Report: object - 0
09-13 20:35:17.269 29666 29742 E godot   : vkCreatePipelineLayout(): max per-stage sampler bindings count (18) exceeds device maxPerStageDescriptorSamplers limit (16).
09-13 20:35:17.269 29666 29742 E godot   : The Vulkan spec states: The total number of descriptors in descriptor set layouts created without the VK_DESCRIPTOR_SET_LAYOUT_CREATE_UPDATE_AFTER_BIND_POOL_BIT bit set with a descriptorType of VK_DESCRIPTOR_TYPE_SAMPLER and VK_DESCRIPTOR_TYPE_COMBINED_IMAGE_SAMPLER accessible to any given shader stage across all elements of pSetLayouts must be less than or equal to VkPhysicalDeviceLimits::maxPerStageDescriptorSamplers (https://docs.vulkan.org/spec/latest/chapters/descriptorsets.html#VUID-VkPipelineLayoutCreateInfo-descriptorType-03016)
09-13 20:35:17.269 29666 29742 E godot   :    at: _debug_report_callback (drivers/vulkan/rendering_context_driver_vulkan.cpp:680)
09-13 20:35:17.269 29666 29742 E godot   : ERROR: Vulkan Debug Report: object - 0
09-13 20:35:17.269 29666 29742 E godot   : vkCreatePipelineLayout(): max per-stage sampler bindings count (18) exceeds device maxPerStageDescriptorUpdateAfterBindSamplers limit (16).
09-13 20:35:17.269 29666 29742 E godot   : The Vulkan spec states: If the descriptorBindingSampledImageUpdateAfterBind feature is supported on the device, the total number of descriptors with a descriptorType of VK_DESCRIPTOR_TYPE_SAMPLER and VK_DESCRIPTOR_TYPE_COMBINED_IMAGE_SAMPLER accessible to any given shader stage across all elements of pSetLayouts must be less than or equal to VkPhysicalDeviceDescriptorIndexingProperties::maxPerStageDescriptorUpdateAfterBindSamplers (https://docs.vulkan.org/spec/latest/chapters/descriptorsets.html#VUID-VkPipelineLayoutCreateInfo-descriptorType-03022)
09-13 20:35:17.269 29666 29742 E godot   :    at: _debug_report_callback (drivers/vulkan/rendering_context_driver_vulkan.cpp:680)
09-13 20:35:17.292 29666 29742 E godot   : ERROR: Vulkan Debug Report: object - 0
09-13 20:35:17.292 29666 29742 E godot   : vkCreatePipelineLayout(): max per-stage sampler bindings count (18) exceeds device maxPerStageDescriptorSamplers limit (16).
09-13 20:35:17.292 29666 29742 E godot   : The Vulkan spec states: The total number of descriptors in descriptor set layouts created without the VK_DESCRIPTOR_SET_LAYOUT_CREATE_UPDATE_AFTER_BIND_POOL_BIT bit set with a descriptorType of VK_DESCRIPTOR_TYPE_SAMPLER and VK_DESCRIPTOR_TYPE_COMBINED_IMAGE_SAMPLER accessible to any given shader stage across all elements of pSetLayouts must be less than or equal to VkPhysicalDeviceLimits::maxPerStageDescriptorSamplers (https://docs.vulkan.org/spec/latest/chapters/descriptorsets.html#VUID-VkPipelineLayoutCreateInfo-descriptorType-03016)
09-13 20:35:17.292 29666 29742 E godot   :    at: _debug_report_callback (drivers/vulkan/rendering_context_driver_vulkan.cpp:680)
09-13 20:35:17.292 29666 29742 E godot   : ERROR: Vulkan Debug Report: object - 0
09-13 20:35:17.292 29666 29742 E godot   : vkCreatePipelineLayout(): max per-stage sampler bindings count (18) exceeds device maxPerStageDescriptorUpdateAfterBindSamplers limit (16).
09-13 20:35:17.292 29666 29742 E godot   : The Vulkan spec states: If the descriptorBindingSampledImageUpdateAfterBind feature is supported on the device, the total number of descriptors with a descriptorType of VK_DESCRIPTOR_TYPE_SAMPLER and VK_DESCRIPTOR_TYPE_COMBINED_IMAGE_SAMPLER accessible to any given shader stage across all elements of pSetLayouts must be less than or equal to VkPhysicalDeviceDescriptorIndexingProperties::maxPerStageDescriptorUpdateAfterBindSamplers (https://docs.vulkan.org/spec/latest/chapters/descriptorsets.html#VUID-VkPipelineLayoutCreateInfo-descriptorType-03022)
09-13 20:35:17.292 29666 29742 E godot   :    at: _debug_report_callback (drivers/vulkan/rendering_context_driver_vulkan.cpp:680)
09-13 20:35:17.314 29666 29742 E godot   : ERROR: Vulkan Debug Report: object - 0
09-13 20:35:17.314 29666 29742 E godot   : vkCreatePipelineLayout(): max per-stage sampler bindings count (18) exceeds device maxPerStageDescriptorSamplers limit (16).
09-13 20:35:17.314 29666 29742 E godot   : The Vulkan spec states: The total number of descriptors in descriptor set layouts created without the VK_DESCRIPTOR_SET_LAYOUT_CREATE_UPDATE_AFTER_BIND_POOL_BIT bit set with a descriptorType of VK_DESCRIPTOR_TYPE_SAMPLER and VK_DESCRIPTOR_TYPE_COMBINED_IMAGE_SAMPLER accessible to any given shader stage across all elements of pSetLayouts must be less than or equal to VkPhysicalDeviceLimits::maxPerStageDescriptorSamplers (https://docs.vulkan.org/spec/latest/chapters/descriptorsets.html#VUID-VkPipelineLayoutCreateInfo-descriptorType-03016)
09-13 20:35:17.314 29666 29742 E godot   :    at: _debug_report_callback (drivers/vulkan/rendering_context_driver_vulkan.cpp:680)
09-13 20:35:17.314 29666 29742 E godot   : ERROR: Vulkan Debug Report: object - 0
09-13 20:35:17.314 29666 29742 E godot   : vkCreatePipelineLayout(): max per-stage sampler bindings count (18) exceeds device maxPerStageDescriptorUpdateAfterBindSamplers limit (16).
09-13 20:35:17.314 29666 29742 E godot   : The Vulkan spec states: If the descriptorBindingSampledImageUpdateAfterBind feature is supported on the device, the total number of descriptors with a descriptorType of VK_DESCRIPTOR_TYPE_SAMPLER and VK_DESCRIPTOR_TYPE_COMBINED_IMAGE_SAMPLER accessible to any given shader stage across all elements of pSetLayouts must be less than or equal to VkPhysicalDeviceDescriptorIndexingProperties::maxPerStageDescriptorUpdateAfterBindSamplers (https://docs.vulkan.org/spec/latest/chapters/descriptorsets.html#VUID-VkPipelineLayoutCreateInfo-descriptorType-03022)
09-13 20:35:17.314 29666 29742 E godot   :    at: _debug_report_callback (drivers/vulkan/rendering_context_driver_vulkan.cpp:680)
09-13 20:35:17.333 29666 29742 E godot   : ERROR: Vulkan Debug Report: object - 0
09-13 20:35:17.333 29666 29742 E godot   : (Warning - This VUID has now been reported 10 times, which is the duplicate_message_limit value, this will be the last time reporting it).
09-13 20:35:17.333 29666 29742 E godot   : vkCreatePipelineLayout(): max per-stage sampler bindings count (18) exceeds device maxPerStageDescriptorSamplers limit (16).
09-13 20:35:17.333 29666 29742 E godot   : The Vulkan spec states: The total number of descriptors in descriptor set layouts created without the VK_DESCRIPTOR_SET_LAYOUT_CREATE_UPDATE_AFTER_BIND_POOL_BIT bit set with a descriptorType of VK_DESCRIPTOR_TYPE_SAMPLER and VK_DESCRIPTOR_TYPE_COMBINED_IMAGE_SAMPLER accessible to any given shader stage across all elements of pSetLayouts must be less than or equal to VkPhysicalDeviceLimits::maxPerStageDescriptorSamplers (https://docs.vulkan.org/spec/latest/chapters/descriptorsets.html#VUID-VkPipelineLayoutCreateInfo-descriptorType-03016)
09-13 20:35:17.333 29666 29742 E godot   :    at: _debug_report_callback (drivers/vulkan/rendering_context_driver_vulkan.cpp:680)
09-13 20:35:17.333 29666 29742 E godot   : ERROR: Vulkan Debug Report: object - 0
09-13 20:35:17.333 29666 29742 E godot   : (Warning - This VUID has now been reported 10 times, which is the duplicate_message_limit value, this will be the last time reporting it).
09-13 20:35:17.333 29666 29742 E godot   : vkCreatePipelineLayout(): max per-stage sampler bindings count (18) exceeds device maxPerStageDescriptorUpdateAfterBindSamplers limit (16).
09-13 20:35:17.333 29666 29742 E godot   : The Vulkan spec states: If the descriptorBindingSampledImageUpdateAfterBind feature is supported on the device, the total number of descriptors with a descriptorType of VK_DESCRIPTOR_TYPE_SAMPLER and VK_DESCRIPTOR_TYPE_COMBINED_IMAGE_SAMPLER accessible to any given shader stage across all elements of pSetLayouts must be less than or equal to VkPhysicalDeviceDescriptorIndexingProperties::maxPerStageDescriptorUpdateAfterBindSamplers (https://docs.vulkan.org/spec/latest/chapters/descriptorsets.html#VUID-VkPipelineLayoutCreateInfo-descriptorType-03022)
09-13 20:35:17.333 29666 29742 E godot   :    at: _debug_report_callback (drivers/vulkan/rendering_context_driver_vulkan.cpp:680)
09-13 20:35:18.875 29666 29742 I godot   :
09-13 20:35:31.214 29666 29742 V Godot   : OnGodotSetupCompleted
09-13 20:35:34.215 29666 29742 V Godot   : OnGodotMainLoopStarted
09-13 20:35:42.469 29666 29742 E godot   : ERROR: Vulkan Debug Report: object - 1297423720776860
09-13 20:35:42.469 29666 29742 E godot   : vkQueueSubmit(): pSubmits[0].pSignalSemaphores[0] (VkSemaphore 0x49c000000049c) is being signaled by VkQueue 0xb400007d6e52dae0, but it may still be in use by VkSwapchainKHR 0x46e000000046e.
09-13 20:35:42.469 29666 29742 E godot   : Most recently acquired image indices: [0], 1, 2.
09-13 20:35:42.469 29666 29742 E godot   : (Brackets mark the last use of VkSemaphore 0x49c000000049c in a presentation operation.)
09-13 20:35:42.469 29666 29742 E godot   : Swapchain image 0 was presented but was not re-acquired, so VkSemaphore 0x49c000000049c may still be in use and cannot be safely reused with image index 2.
09-13 20:35:42.469 29666 29742 E godot   : Vulkan insight: See https://docs.vulkan.org/guide/latest/swapchain_semaphore_reuse.html for details on swapchain semaphore reuse. Examples of possible approaches:
09-13 20:35:42.469 29666 29742 E godot   :    a) Use a separate semaphore per swapchain image. Index these semaphores using the index of the acquired image.
09-13 20:35:42.469 29666 29742 E godot   :    b) Consider the VK_KHR_swapchain_maintenance1 extension. It allows using a VkFence with the presentation operation.
09-13 20:35:42.469 29666 29742 E godot   : The Vulkan spec states: Each binary semaphore element of the pSignalSemaphores member of
09-13 20:35:42.469 29666 29742 E godot   :    at: _debug_report_callback (drivers/vulkan/rendering_context_driver_vulkan.cpp:680)
09-13 20:35:42.701 29666 29742 E godot   : ERROR: Vulkan Debug Report: object - 1300722255660191
09-13 20:35:42.701 29666 29742 E godot   : vkQueueSubmit(): pSubmits[0].pSignalSemaphores[0] (VkSemaphore 0x49f000000049f) is being signaled by VkQueue 0xb400007d6e52dae0, but it may still be in use by VkSwapchainKHR 0x46e000000046e.
09-13 20:35:42.701 29666 29742 E godot   : Most recently acquired image indices: 0, [1], 2, 0.
09-13 20:35:42.701 29666 29742 E godot   : (Brackets mark the last use of VkSemaphore 0x49f000000049f in a presentation operation.)
09-13 20:35:42.701 29666 29742 E godot   : Swapchain image 1 was presented but was not re-acquired, so VkSemaphore 0x49f000000049f may still be in use and cannot be safely reused with image index 0.
09-13 20:35:42.701 29666 29742 E godot   : Vulkan insight: See https://docs.vulkan.org/guide/latest/swapchain_semaphore_reuse.html for details on swapchain semaphore reuse. Examples of possible approaches:
09-13 20:35:42.701 29666 29742 E godot   :    a) Use a separate semaphore per swapchain image. Index these semaphores using the index of the acquired image.
09-13 20:35:42.701 29666 29742 E godot   :    b) Consider the VK_KHR_swapchain_maintenance1 extension. It allows using a VkFence with the presentation operation.
09-13 20:35:42.701 29666 29742 E godot   : The Vulkan spec states: Each binary semaphore element of the pSignalSemaphores member
09-13 20:35:42.701 29666 29742 E godot   :    at: _debug_report_callback (drivers/vulkan/rendering_context_driver_vulkan.cpp:680)
09-13 20:36:45.723 29666 29666 V Godot   : OnPause: com.example.rune_nexus.GodotRuntime@e1413e
09-13 20:36:45.735 29666 29666 V Godot   : OnStop: com.example.rune_nexus.GodotRuntime@e1413e
09-13 20:36:46.376 29666 29666 V Godot   : OnStart: com.example.rune_nexus.GodotRuntime@e1413e
09-13 20:36:46.377 29666 29666 V Godot   : OnResume: com.example.rune_nexus.GodotRuntime@e1413e
09-13 20:36:46.867 29666 29742 E godot   : ERROR: Vulkan Debug Report: object - 24531203927332647
09-13 20:36:46.867 29666 29742 E godot   : vkQueueSubmit(): pSubmits[0].pSignalSemaphores[0] (VkSemaphore 0x57270000005727) is being signaled by VkQueue 0xb400007d6e52dae0, but it may still be in use by VkSwapchainKHR 0x57170000005717.
09-13 20:36:46.867 29666 29742 E godot   : Most recently acquired image indices: [0], 1, 2.
09-13 20:36:46.867 29666 29742 E godot   : (Brackets mark the last use of VkSemaphore 0x57270000005727 in a presentation operation.)
09-13 20:36:46.867 29666 29742 E godot   : Swapchain image 0 was presented but was not re-acquired, so VkSemaphore 0x57270000005727 may still be in use and cannot be safely reused with image index 2.
09-13 20:36:46.867 29666 29742 E godot   : Vulkan insight: See https://docs.vulkan.org/guide/latest/swapchain_semaphore_reuse.html for details on swapchain semaphore reuse. Examples of possible approaches:
09-13 20:36:46.867 29666 29742 E godot   :    a) Use a separate semaphore per swapchain image. Index these semaphores using the index of the acquired image.
09-13 20:36:46.867 29666 29742 E godot   :    b) Consider the VK_KHR_swapchain_maintenance1 extension. It allows using a VkFence with the presentation operation.
09-13 20:36:46.867 29666 29742 E godot   : The Vulkan spec states: Each binary semaphore element of the pSignalSemaphores memb
09-13 20:36:46.869 29666 29742 E godot   :    at: _debug_report_callback (drivers/vulkan/rendering_context_driver_vulkan.cpp:680)
09-13 20:36:46.905 29666 29742 E godot   : ERROR: Vulkan Debug Report: object - 24534502462215978
09-13 20:36:46.905 29666 29742 E godot   : vkQueueSubmit(): pSubmits[0].pSignalSemaphores[0] (VkSemaphore 0x572a000000572a) is being signaled by VkQueue 0xb400007d6e52dae0, but it may still be in use by VkSwapchainKHR 0x57170000005717.
09-13 20:36:46.905 29666 29742 E godot   : Most recently acquired image indices: 0, [1], 2, 0.
09-13 20:36:46.905 29666 29742 E godot   : (Brackets mark the last use of VkSemaphore 0x572a000000572a in a presentation operation.)
09-13 20:36:46.905 29666 29742 E godot   : Swapchain image 1 was presented but was not re-acquired, so VkSemaphore 0x572a000000572a may still be in use and cannot be safely reused with image index 0.
09-13 20:36:46.905 29666 29742 E godot   : Vulkan insight: See https://docs.vulkan.org/guide/latest/swapchain_semaphore_reuse.html for details on swapchain semaphore reuse. Examples of possible approaches:
09-13 20:36:46.905 29666 29742 E godot   :    a) Use a separate semaphore per swapchain image. Index these semaphores using the index of the acquired image.
09-13 20:36:46.905 29666 29742 E godot   :    b) Consider the VK_KHR_swapchain_maintenance1 extension. It allows using a VkFence with the presentation operation.
09-13 20:36:46.905 29666 29742 E godot   : The Vulkan spec states: Each binary semaphore element of the pSignalSemaphores m
09-13 20:36:46.905 29666 29742 E godot   :    at: _debug_report_callback (drivers/vulkan/rendering_context_driver_vulkan.cpp:680)
