Godot Engine v4.7.2.stable.official.ed1daf0bf - https://godotengine.org

WARNING: Exponent too high
     at: built_in_strtod (core/string/ustring.cpp:2553)
     GDScript backtrace (most recent call first):
         [0] parse_record (res://app/save_json.gd:6)
         [1] _initialize (res://verify_run_save_adapter.gd:20)
WARNING: Exponent too high
     at: built_in_strtod (core/string/ustring.cpp:2553)
     GDScript backtrace (most recent call first):
         [0] parse_record (res://app/save_json.gd:59)
         [1] _initialize (res://verify_run_save_adapter.gd:20)
WARNING: Exponent too high
     at: built_in_strtod (core/string/ustring.cpp:2553)
     GDScript backtrace (most recent call first):
         [0] parse_record (res://app/save_json.gd:6)
         [1] _initialize (res://verify_run_save_adapter.gd:20)
WARNING: Exponent too high
     at: built_in_strtod (core/string/ustring.cpp:2553)
     GDScript backtrace (most recent call first):
         [0] parse_record (res://app/save_json.gd:59)
         [1] _initialize (res://verify_run_save_adapter.gd:20)
SAVE_RUN_ADAPTER checks=28 failures=[]
