Godot Engine v4.7.2.stable.official.ed1daf0bf - https://godotengine.org

FAIL initial HUD stats 1000
CASE initial calls=[["arrow", 1.0, 1], ["cannon", 1.0, 1], ["magic", 1.0, 1], ["frost", 1.0, 1], ["sniper", 1.0, 1], ["lightning", 1.0, 1]] total=83.13
FAIL unchanged HUD stats 1000
CASE unchanged calls=[] total=83.13
FAIL level target only HUD stats 1000
CASE level target only calls=[["arrow", 1.0, 2], ["arrow", 48.0, 2]] total=87.2614
FAIL preview distinct HUD stats 1000
CASE preview distinct calls=[["arrow", 1.0, 3], ["arrow", 48.0, 3]] total=87.2614
FAIL preview unchanged HUD stats 1000
CASE preview unchanged calls=[] total=87.2614
FAIL preview off reuse HUD stats 1000
CASE preview off reuse calls=[] total=87.2614
FAIL wallet only HUD stats 1000
CASE wallet only calls=[] total=87.2614
FAIL global upgrade HUD stats 1000
CASE global upgrade calls=[["arrow", 1.0, 2], ["cannon", 1.0, 1], ["magic", 1.0, 1], ["frost", 1.0, 1], ["sniper", 1.0, 1], ["lightning", 1.0, 1], ["arrow", 48.0, 2], ["cannon", 48.0, 1], ["magic", 48.0, 1], ["frost", 48.0, 1], ["sniper", 48.0, 1], ["lightning", 48.0, 1]] total=89.879242
FAIL core growth HUD stats 1000
CASE core growth calls=[] total=89.879242
FAIL gem diversity HUD stats 1000
CASE gem diversity calls=[["arrow", 1.0, 2], ["arrow", 48.0, 2]] total=89.879242
FAIL type diversity HUD stats 1000
CASE type diversity calls=[["arrow", 1.0, 1], ["arrow", 48.0, 1]] total=95.945942
FAIL delete HUD stats 1000
CASE delete calls=[] total=82.349942
FAIL recreate same id HUD stats 1000
CASE recreate same id calls=[["lightning", 1.0, 4], ["lightning", 48.0, 4]] total=109.547054096
FAIL session replaced HUD stats 1000
CASE session replaced calls=[["arrow", 1.0, 2], ["arrow", 1.0, 1], ["magic", 1.0, 1], ["frost", 1.0, 1], ["sniper", 1.0, 1], ["lightning", 1.0, 4], ["arrow", 48.0, 2], ["arrow", 48.0, 1], ["magic", 48.0, 1], ["frost", 48.0, 1], ["sniper", 48.0, 1], ["lightning", 48.0, 4]] total=109.547054096
FAIL catalog in-place HUD stats 1000
CASE catalog in-place calls=[["arrow", 1.0, 2], ["arrow", 1.0, 1], ["magic", 1.0, 1], ["frost", 1.0, 1], ["sniper", 1.0, 1], ["lightning", 1.0, 4], ["arrow", 48.0, 2], ["arrow", 48.0, 1], ["magic", 48.0, 1], ["frost", 48.0, 1], ["sniper", 48.0, 1], ["lightning", 48.0, 4]] total=125.399372096
FAIL catalog replaced HUD stats 1000
CASE catalog replaced calls=[["arrow", 1.0, 2], ["arrow", 1.0, 1], ["magic", 1.0, 1], ["frost", 1.0, 1], ["sniper", 1.0, 1], ["lightning", 1.0, 4], ["arrow", 48.0, 2], ["arrow", 48.0, 1], ["magic", 48.0, 1], ["frost", 48.0, 1], ["sniper", 48.0, 1], ["lightning", 48.0, 4]] total=125.399372096
FAIL physical training HUD stats 1000
CASE physical training calls=[["arrow", 1.0, 2], ["arrow", 1.0, 1], ["sniper", 1.0, 1], ["arrow", 48.0, 2], ["arrow", 48.0, 1], ["sniper", 48.0, 1]] total=126.925412096
FAIL growth catalog in-place HUD stats 1000
FAIL growth catalog in-place HUD stats 1001
FAIL growth catalog in-place HUD stats 1004
FAIL growth catalog in-place full DPS
CASE growth catalog in-place calls=[] total=126.925412096
INDEPENDENT_DISPLAY_CACHE failures=["initial HUD stats 1000", "unchanged HUD stats 1000", "level target only HUD stats 1000", "preview distinct HUD stats 1000", "preview unchanged HUD stats 1000", "preview off reuse HUD stats 1000", "wallet only HUD stats 1000", "global upgrade HUD stats 1000", "core growth HUD stats 1000", "gem diversity HUD stats 1000", "type diversity HUD stats 1000", "delete HUD stats 1000", "recreate same id HUD stats 1000", "session replaced HUD stats 1000", "catalog in-place HUD stats 1000", "catalog replaced HUD stats 1000", "physical training HUD stats 1000", "growth catalog in-place HUD stats 1000", "growth catalog in-place HUD stats 1001", "growth catalog in-place HUD stats 1004", "growth catalog in-place full DPS"]
