Godot Engine v4.7.2.stable.official.ed1daf0bf - https://godotengine.org

CASE initial calls=[["arrow", 1.0, 1], ["cannon", 1.0, 1], ["magic", 1.0, 1], ["frost", 1.0, 1], ["sniper", 1.0, 1], ["lightning", 1.0, 1]] total=83.13
CASE unchanged calls=[] total=83.13
CASE level target only calls=[["arrow", 1.0, 2], ["arrow", 48.0, 2]] total=87.2614
CASE preview distinct calls=[["arrow", 1.0, 3], ["arrow", 48.0, 3]] total=87.2614
CASE preview unchanged calls=[] total=87.2614
CASE preview off reuse calls=[] total=87.2614
CASE wallet only calls=[] total=87.2614
CASE global upgrade calls=[["arrow", 1.0, 2], ["cannon", 1.0, 1], ["magic", 1.0, 1], ["frost", 1.0, 1], ["sniper", 1.0, 1], ["lightning", 1.0, 1], ["arrow", 48.0, 2], ["cannon", 48.0, 1], ["magic", 48.0, 1], ["frost", 48.0, 1], ["sniper", 48.0, 1], ["lightning", 48.0, 1]] total=89.879242
CASE core growth calls=[] total=89.879242
CASE gem diversity calls=[["arrow", 1.0, 2], ["arrow", 48.0, 2]] total=89.879242
CASE type diversity calls=[["arrow", 1.0, 1], ["arrow", 1.0, 1], ["arrow", 1.0, 1], ["arrow", 48.0, 1], ["arrow", 48.0, 1], ["arrow", 48.0, 1]] total=109.068142
CASE delete calls=[] total=95.472142
CASE recreate same id calls=[["lightning", 1.0, 4], ["lightning", 48.0, 4]] total=122.669254096
CASE session replaced calls=[["arrow", 1.0, 2], ["arrow", 1.0, 1], ["arrow", 1.0, 1], ["arrow", 1.0, 1], ["sniper", 1.0, 1], ["lightning", 1.0, 4], ["arrow", 48.0, 2], ["arrow", 48.0, 1], ["arrow", 48.0, 1], ["arrow", 48.0, 1], ["sniper", 48.0, 1], ["lightning", 48.0, 4]] total=122.669254096
CASE catalog in-place calls=[["arrow", 1.0, 2], ["arrow", 1.0, 1], ["arrow", 1.0, 1], ["arrow", 1.0, 1], ["sniper", 1.0, 1], ["lightning", 1.0, 4], ["arrow", 48.0, 2], ["arrow", 48.0, 1], ["arrow", 48.0, 1], ["arrow", 48.0, 1], ["sniper", 48.0, 1], ["lightning", 48.0, 4]] total=152.550172096
CASE catalog replaced calls=[["arrow", 1.0, 2], ["arrow", 1.0, 1], ["arrow", 1.0, 1], ["arrow", 1.0, 1], ["sniper", 1.0, 1], ["lightning", 1.0, 4], ["arrow", 48.0, 2], ["arrow", 48.0, 1], ["arrow", 48.0, 1], ["arrow", 48.0, 1], ["sniper", 48.0, 1], ["lightning", 48.0, 4]] total=152.550172096
CASE physical training calls=[["arrow", 1.0, 2], ["arrow", 1.0, 1], ["arrow", 1.0, 1], ["arrow", 1.0, 1], ["sniper", 1.0, 1], ["arrow", 48.0, 2], ["arrow", 48.0, 1], ["arrow", 48.0, 1], ["arrow", 48.0, 1], ["sniper", 48.0, 1]] total=154.984212096
CASE growth object replaced calls=[["arrow", 1.0, 2], ["arrow", 1.0, 1], ["arrow", 1.0, 1], ["arrow", 1.0, 1], ["sniper", 1.0, 1], ["lightning", 1.0, 4], ["arrow", 48.0, 2], ["arrow", 48.0, 1], ["arrow", 48.0, 1], ["arrow", 48.0, 1], ["sniper", 48.0, 1], ["lightning", 48.0, 4]] total=182.975672096
CASE growth hotedit explicit invalidate calls=[["arrow", 1.0, 2], ["arrow", 1.0, 1], ["arrow", 1.0, 1], ["arrow", 1.0, 1], ["sniper", 1.0, 1], ["lightning", 1.0, 4], ["arrow", 48.0, 2], ["arrow", 48.0, 1], ["arrow", 48.0, 1], ["arrow", 48.0, 1], ["sniper", 48.0, 1], ["lightning", 48.0, 4]] total=201.230972096
INDEPENDENT_DISPLAY_CACHE failures=[]
