Godot Engine v4.7.2.stable.official.ed1daf0bf - https://godotengine.org
Metal 4.0 - Forward Mobile - Using Device #0: Apple - Apple M4 (Apple9)

CAPTURE 01-stage-menu
CAPTURE 02-end-confirm
CAPTURE 03-sell
CAPTURE 04-traits
CAPTURE 05-target-priority
CAPTURE 06-portal
CAPTURE 07-auto-mode
CAPTURE 08-gem-reward
CAPTURE 09-gem-purchase
CAPTURE 10-gem-replace
CAPTURE 10a-buy-slot
CAPTURE 10d-insufficient
CAPTURE 10b-gem-replace-selected
CAPTURE 10c-gem-replace-full
CAPTURE 10e-full-selected
CAPTURE 10f-level-locked
CAPTURE 10g-six-slots
CAPTURE 10h-six-selected
CAPTURE 10i-six-equipped
CAPTURE 11-success
CAPTURE 12-failure
