--------- beginning of main
09-18 01:14:30.783   491   588 W skia    : AGTM parsing failed flags.readFromStream(s) at 159
09-18 01:14:30.883   491   588 W skia    : AGTM parsing failed flags.readFromStream(s) at 159
09-18 01:14:30.884   491   588 W skia    : AGTM parsing failed flags.readFromStream(s) at 159
09-18 01:14:30.984   491   588 W skia    : AGTM parsing failed flags.readFromStream(s) at 159
09-18 01:14:30.984   491   588 W skia    : AGTM parsing failed flags.readFromStream(s) at 159
09-18 01:14:31.003   645   800 D WifiClientModeImpl[3810:wlan0]: updateLinkLayerStatsRssiSpeedFrequencyCapabilities rssi=-50 TxLinkspeed=1 freq=2447 RxLinkSpeed=2
09-18 01:14:31.003   645   800 D WifiDataStall: tx tput in kbps: 11000
09-18 01:14:31.003   645   800 D WifiDataStall: rx tput in kbps: 11000
09-18 01:14:31.003   645   800 V WifiConfigManager: Updating scan detail cache freq=2447 BSSID=00:13:10:85:fe:01 RSSI=-50 for "AndroidWifi"NONE
09-18 01:14:31.003   645   800 D WifiThroughputPredictor:  utilization (LLS) 80 isBluetoothConnected: false final utilization: 80
09-18 01:14:31.003   645   800 D WifiThroughputPredictor:  BW: 0 RSSI: -50 Nss: 1 Mode: 1 symDur: 4000 snrDb 30 bitPerTone: 4500 rate: 54 throughput: 11
09-18 01:14:31.003   645   800 D WifiThroughputPredictor:  utilization (LLS) 80 isBluetoothConnected: false final utilization: 80
09-18 01:14:31.003   645   800 D WifiThroughputPredictor:  BW: 0 RSSI: -50 Nss: 1 Mode: 1 symDur: 4000 snrDb 30 bitPerTone: 4500 rate: 54 throughput: 11
09-18 01:14:31.003   645   800 D WifiThroughputPredictor:  utilization (LLS) 80 isBluetoothConnected: false final utilization: 80
09-18 01:14:31.004   645   800 D WifiThroughputPredictor:  BW: 0 RSSI: -50 Nss: 1 Mode: 1 symDur: 4000 snrDb 30 bitPerTone: 4500 rate: 54 throughput: 11
09-18 01:14:31.004   645   800 D WifiThroughputPredictor:  utilization (LLS) 80 isBluetoothConnected: false final utilization: 80
09-18 01:14:31.004   645   800 D WifiThroughputPredictor:  BW: 0 RSSI: -50 Nss: 1 Mode: 1 symDur: 4000 snrDb 30 bitPerTone: 4500 rate: 54 throughput: 11
09-18 01:14:31.006   645   800 I HalDevMgr: bestIfaceCreationProposal is null, requestIface=STA, existingIface=[name=wlan0 type=STA]
09-18 01:14:31.006   645   800 D WifiScoreCard: BSSID update SIGNAL_POLL ID: 760286919 SSID: "AndroidWifi", BSSID: 00:13:10:85:fe:01, MAC: 02:15:b2:00:00:00, IP: /10.0.2.16, Security type: 0, Supplicant state: COMPLETED, Wi-Fi standard: legacy, RSSI: -50, Link speed: 1Mbps, Tx Link speed: 1Mbps, Max Supported Tx Link speed: 11Mbps, Calculated Tx : 0Mbps, Rx Link speed: 2Mbps, Max Supported Rx Link speed: 11Mbps, Calculated Rx : 0Mbps, Frequency: 2447MHz, Net ID: 0, Metered hint: false, score: 100, isUsable: true, CarrierMerged: false, SubscriptionId: -1, IsPrimary: 1, Trusted: true, Restricted: false, Ephemeral: false, OEM paid: false, OEM private: false, OSU AP: false, FQDN: <none>, Provider friendly name: <none>, Requesting package name: <none>"AndroidWifi"openMLO Information: , Is TID-To-Link negotiation supported by the AP: false, AP MLD Address: <none>, AP MLO Link Id: <none>, AP MLO Affiliated links: <none>, Vendor Data: <none>
09-18 01:14:31.006   645   800 D WifiScoreCard: txRate: 1 txSpeed: 1
09-18 01:14:31.006   645   800 D WifiScoreCard: network update SIGNAL_POLL "AndroidWifi" ID: 673433585 RSSI -50 txSpeed -1
09-18 01:14:31.006   645   800 D WifiClientModeImpl[3810:wlan0]:  ClientModeImpl$L2ConnectedState screen=on 18 0 "AndroidWifi" 00:13:10:85:fe:01 rssi=-50 f=2447 sc=100 link=1 tx=0.0, 0.0, 0.0 rx=0.0 bcn=0 [on:0 tx:0 rx:0 period:3009] from screen [on:0 period:-1339691426] score=100
09-18 01:14:31.085   491   588 W skia    : AGTM parsing failed flags.readFromStream(s) at 159
09-18 01:14:31.085   491   588 W skia    : AGTM parsing failed flags.readFromStream(s) at 159
09-18 01:14:31.186   491   588 W skia    : AGTM parsing failed flags.readFromStream(s) at 159
09-18 01:14:31.186   491   588 W skia    : AGTM parsing failed flags.readFromStream(s) at 159
09-18 01:14:31.293   491   588 W skia    : AGTM parsing failed flags.readFromStream(s) at 159
09-18 01:14:31.293   491   588 W skia    : AGTM parsing failed flags.readFromStream(s) at 159
09-18 01:14:31.396   491   588 W skia    : AGTM parsing failed flags.readFromStream(s) at 159
09-18 01:14:31.396   491   588 W skia    : AGTM parsing failed flags.readFromStream(s) at 159
09-18 01:14:31.497   491   588 W skia    : AGTM parsing failed flags.readFromStream(s) at 159
09-18 01:14:31.497   491   588 W skia    : AGTM parsing failed flags.readFromStream(s) at 159
09-18 01:14:31.597   491   588 W skia    : AGTM parsing failed flags.readFromStream(s) at 159
09-18 01:14:31.598   491   588 W skia    : AGTM parsing failed flags.readFromStream(s) at 159
09-18 01:14:31.698   491   588 W skia    : AGTM parsing failed flags.readFromStream(s) at 159
09-18 01:14:31.698   491   588 W skia    : AGTM parsing failed flags.readFromStream(s) at 159
09-18 01:14:31.799   491   588 W skia    : AGTM parsing failed flags.readFromStream(s) at 159
09-18 01:14:31.799   491   588 W skia    : AGTM parsing failed flags.readFromStream(s) at 159
09-18 01:14:31.900   491   588 W skia    : AGTM parsing failed flags.readFromStream(s) at 159
09-18 01:14:31.900   491   588 W skia    : AGTM parsing failed flags.readFromStream(s) at 159
09-18 01:14:31.905   645   674 W libbinder.IPCThreadState: Sending oneway calls to frozen process.
09-18 01:14:31.905   645   674 W libbinder.IPCThreadState: Sending oneway calls to frozen process.
09-18 01:14:32.000   491   588 W skia    : AGTM parsing failed flags.readFromStream(s) at 159
09-18 01:14:32.000   491   588 W skia    : AGTM parsing failed flags.readFromStream(s) at 159
09-18 01:14:32.101   491   588 W skia    : AGTM parsing failed flags.readFromStream(s) at 159
09-18 01:14:32.101   491   588 W skia    : AGTM parsing failed flags.readFromStream(s) at 159
09-18 01:14:32.202   491   588 W skia    : AGTM parsing failed flags.readFromStream(s) at 159
09-18 01:14:32.202   491   588 W skia    : AGTM parsing failed flags.readFromStream(s) at 159
09-18 01:14:32.303   491   588 W skia    : AGTM parsing failed flags.readFromStream(s) at 159
09-18 01:14:32.303   491   588 W skia    : AGTM parsing failed flags.readFromStream(s) at 159
09-18 01:14:32.403   491   588 W skia    : AGTM parsing failed flags.readFromStream(s) at 159
09-18 01:14:32.403   491   588 W skia    : AGTM parsing failed flags.readFromStream(s) at 159
09-18 01:14:32.512   491   588 W skia    : AGTM parsing failed flags.readFromStream(s) at 159
09-18 01:14:32.512   491   588 W skia    : AGTM parsing failed flags.readFromStream(s) at 159
09-18 01:14:32.616   491   588 W skia    : AGTM parsing failed flags.readFromStream(s) at 159
09-18 01:14:32.616   491   588 W skia    : AGTM parsing failed flags.readFromStream(s) at 159
09-18 01:14:32.717   491   588 W skia    : AGTM parsing failed flags.readFromStream(s) at 159
09-18 01:14:32.717   491   588 W skia    : AGTM parsing failed flags.readFromStream(s) at 159
09-18 01:14:32.817   491   588 W skia    : AGTM parsing failed flags.readFromStream(s) at 159
09-18 01:14:32.817   491   588 W skia    : AGTM parsing failed flags.readFromStream(s) at 159
09-18 01:14:32.918   491   588 W skia    : AGTM parsing failed flags.readFromStream(s) at 159
09-18 01:14:32.918   491   588 W skia    : AGTM parsing failed flags.readFromStream(s) at 159
09-18 01:14:32.956 14475 14475 I adbd    : adbd service requested 'shell,v2,TERM=dumb,raw:input tap 538 1580'
09-18 01:14:32.974   645   674 W libbinder.IPCThreadState: Sending oneway calls to frozen process.
09-18 01:14:32.986  3498  3498 D WindowOnBackDispatcher: setTopOnBackInvokedCallback (unwrapped): android.app.Activity$$ExternalSyntheticLambda0@9efb4ef
--------- beginning of system
09-18 01:14:32.986   645  1692 D CoreBackPreview: Window{d210500 u0 com.example.rune_nexus.godotpreview/com.example.rune_nexus.GodotPreviewActivity}: Setting back callback OnBackInvokedCallbackInfo{mCallback=android.window.IOnBackInvokedCallback$Stub$Proxy@fb67241, mPriority=-1, mIsAnimationCallback=false, mOverrideBehavior=0}
09-18 01:14:33.018   491   588 W skia    : AGTM parsing failed flags.readFromStream(s) at 159
09-18 01:14:33.018   491   588 W skia    : AGTM parsing failed flags.readFromStream(s) at 159
09-18 01:14:33.102  3498  3498 I Surface : Creating surface for consumer unnamed-3498-2 with slotExpansion=1 for 64 slots
09-18 01:14:33.102  3498  3498 I Surface : Creating surface for consumer ImageReader-1080x2424f1m3-3498-0 with slotExpansion=1 for 64 slots
09-18 01:14:33.106  3498  3498 V Godot   : Initializing Godot plugin registry
09-18 01:14:33.106  3498  3498 I GodotPluginRegistry: Registering runtime plugin AndroidRuntime
09-18 01:14:33.106  3498  3498 I GodotPluginRegistry: Registering runtime plugin RuneNexusPreview
09-18 01:14:33.106  3498  3498 V Godot   : InitEngine with params: [--main-pack, res://rune_nexus.pck, --rendering-method, mobile, --disable_godot_splash]
09-18 01:14:33.113  3498  3498 D nativeloader: Load /data/app/~~ECrvIQQjHq1cYHJhrNEPVg==/com.example.rune_nexus.godotpreview-xjyLUass0cQh7JUToRs43A==/base.apk!/lib/arm64-v8a/libgodot_android.so using class loader ns clns-9 (caller=/data/app/~~ECrvIQQjHq1cYHJhrNEPVg==/com.example.rune_nexus.godotpreview-xjyLUass0cQh7JUToRs43A==/base.apk): ok
09-18 01:14:33.114  3498  3498 V Godot   : Godot native layer initialization completed: true
09-18 01:14:33.114  3498  3498 V Godot   : Setting up native layer with params: [--main-pack, res://rune_nexus.pck, --rendering-method, mobile]
09-18 01:14:33.120   491   588 W skia    : AGTM parsing failed flags.readFromStream(s) at 159
09-18 01:14:33.120   491   588 W skia    : AGTM parsing failed flags.readFromStream(s) at 159
09-18 01:14:33.124  3498  3498 V Godot   : Godot native layer setup completed
09-18 01:14:33.124  3498  3498 V Godot   : OnInitRenderView: f0.d@134865a
09-18 01:14:33.126  3498  3498 D AutofillManager: Fill dialog is enabled:false, hints=[]
09-18 01:14:33.126  3498  3498 D Godot   : Render view should be transparent: false
09-18 01:14:33.127  3498  3498 W libc    : Access denied finding property "vendor.mesa.virtgpu.kumquat"
09-18 01:14:33.127  3498  3498 W libc    : Access denied finding property "vendor.mesa.log"
09-18 01:14:33.127  3498  3498 W libc    : Access denied finding property "vendor.mesa.log.level"
09-18 01:14:33.127  3498  3498 W libc    : Access denied finding property "vendor.mesa.log.prefix"
09-18 01:14:33.127  3498  3498 W libc    : Access denied finding property "vendor.mesa.gallium.print.options"
09-18 01:14:33.127  3498  3498 W libc    : Access denied finding property "vendor.mesa.log.file.auto"
09-18 01:14:33.127  3498  3498 W libc    : Access denied finding property "vendor.mesa.log.file"
09-18 01:14:33.127  3498  3498 E MESA    : Failed to open rendernode: No such file or directory
09-18 01:14:33.127  3498  3498 W libc    : Access denied finding property "vendor.mesa.virtgpu.kumquat"
09-18 01:14:33.127  3498  3498 E MESA    : Failed to open rendernode: No such file or directory
09-18 01:14:33.127  3498  3498 W libc    : Access denied finding property "vendor.mesa.virtgpu.kumquat"
09-18 01:14:33.129  3498  3498 W libc    : Access denied finding property "vendor.mesa.virtgpu.kumquat"
09-18 01:14:33.129  3498  3498 E MESA    : Failed to open rendernode: No such file or directory
09-18 01:14:33.137 14475 14475 I adbd    : adbd service requested 'exec:screencap '-p''
09-18 01:14:33.138  3498  3498 D vulkan  : searching for layers in '/data/app/~~ECrvIQQjHq1cYHJhrNEPVg==/com.example.rune_nexus.godotpreview-xjyLUass0cQh7JUToRs43A==/lib/arm64'
09-18 01:14:33.138  3498  3498 D vulkan  : searching for layers in '/data/app/~~ECrvIQQjHq1cYHJhrNEPVg==/com.example.rune_nexus.godotpreview-xjyLUass0cQh7JUToRs43A==/base.apk!/lib/arm64-v8a'
09-18 01:14:33.138  3498  3498 W libc    : Access denied finding property "vendor.mesa.virtgpu.kumquat"
09-18 01:14:33.138  3498  3498 E MESA    : Failed to open rendernode: No such file or directory
09-18 01:14:33.138  3498  3498 W libc    : Access denied finding property "vendor.mesa.virtgpu.kumquat"
09-18 01:14:33.138  3498  3498 E MESA    : Failed to open rendernode: No such file or directory
09-18 01:14:33.138  3498  3498 W libc    : Access denied finding property "vendor.mesa.virtgpu.kumquat"
09-18 01:14:33.138  3498  3498 E MESA    : Failed to open rendernode: No such file or directory
09-18 01:14:33.138  3498  3498 W libc    : Access denied finding property "vendor.mesa.virtgpu.kumquat"
09-18 01:14:33.138  3498  3498 E MESA    : Failed to open rendernode: No such file or directory
09-18 01:14:33.138  3498  3498 W libc    : Access denied finding property "vendor.mesa.virtgpu.kumquat"
09-18 01:14:33.138  3498  3498 E MESA    : Failed to open rendernode: No such file or directory
09-18 01:14:33.138  3498  3498 W libc    : Access denied finding property "vendor.mesa.virtgpu.kumquat"
09-18 01:14:33.138  3498  3498 E MESA    : Failed to open rendernode: No such file or directory
09-18 01:14:33.138  3498  3498 W libc    : Access denied finding property "vendor.mesa.vk.trace"
09-18 01:14:33.138  3498  3498 W libc    : Access denied finding property "vendor.mesa.vk.trace.per.submit"
09-18 01:14:33.138  3498  3498 W libc    : Access denied finding property "vendor.mesa.vk.trace.frame"
09-18 01:14:33.138  3498  3498 W libc    : Access denied finding property "vendor.mesa.vk.trace.trigger"
09-18 01:14:33.144  3498  3498 W libc    : Access denied finding property "vendor.mesa.vk.wsi.debug"
09-18 01:14:33.144  3498  3498 W libc    : Access denied finding property "vendor.mesa.virtgpu.kumquat"
09-18 01:14:33.144  3498  3498 E MESA    : Failed to open rendernode: No such file or directory
09-18 01:14:33.145  3498  3498 W libc    : Access denied finding property "vendor.mesa.virtgpu.kumquat"
09-18 01:14:33.145  3498  3498 E MESA    : Failed to open rendernode: No such file or directory
09-18 01:14:33.145  3498  3498 W libc    : Access denied finding property "vendor.mesa.vk.wsi.present.mode"
09-18 01:14:33.145  3498  3498 W libc    : Access denied finding property "vendor.mesa.vk.wsi.headless.swapchain"
09-18 01:14:33.145  3498  3498 W libc    : Access denied finding property "vendor.mesa.virtgpu.kumquat"
09-18 01:14:33.145  3498  3498 E MESA    : Failed to open rendernode: No such file or directory
09-18 01:14:33.145  3498  3498 E godot   : WARNING: Property not found: 'xr/shaders/enabled'.
09-18 01:14:33.145  3498  3498 E godot   :    at: get_setting_with_override (core/config/project_settings.cpp:435)
09-18 01:14:33.145  3498  3498 D Godot   : renderingDevice: vulkan (ProjectSettings)
09-18 01:14:33.145  3498  3498 D Godot   : 			renderer: mobile (Default)
09-18 01:14:33.146  3498  3498 V Godot   : OnStart: f0.d@134865a
09-18 01:14:33.146  3498  3498 V Godot   : OnResume: f0.d@134865a
09-18 01:14:33.147  3498  3654 V VkRenderer: Renderer resumed
09-18 01:14:33.154  3498  3498 I Surface : Creating surface for consumer unnamed-3498-3 with slotExpansion=1 for 64 slots
09-18 01:14:33.154  3498  3498 I Surface : Creating surface for consumer ImageReader-1080x2424f1m3-3498-1 with slotExpansion=1 for 64 slots
09-18 01:14:33.172  3653  3653 W libbinder.BackendUnifiedServiceManager: Thread Pool max thread count is 0. Cannot cache binder as linkToDeath cannot be implemented. serviceName: SurfaceFlingerAIDL
09-18 01:14:33.172  3653  3653 W libbinder.BpBinder: Linking to death on android.gui.ISurfaceComposer but there are no threads (yet?) listening to incoming transactions. See ProcessState::startThreadPool and ProcessState::setThreadPoolMaxThreadCount. Generally you should setup the binder threadpool before other initialization steps.
09-18 01:14:33.172  3653  3653 W libbinder.ProcessState: Extra binder thread started, but 0 threads requested. Do not use *startThreadPool when zero threads are requested.
09-18 01:14:33.174   491   588 W skia    : AGTM parsing failed flags.readFromStream(s) at 159
09-18 01:14:33.174   491   588 W skia    : AGTM parsing failed flags.readFromStream(s) at 159
09-18 01:14:33.174   491   588 W skia    : AGTM parsing failed flags.readFromStream(s) at 159
09-18 01:14:33.174   491   588 W skia    : AGTM parsing failed flags.readFromStream(s) at 159
--------- beginning of kernel
09-18 01:14:33.174   285   285 I servicemanager: Caller(pid=3653,uid=2000,sid=u:r:shell:s0) Found android.hardware.graphics.allocator.IAllocator/default in device VINTF manifest.
09-18 01:14:33.174   285   285 I servicemanager: Caller(pid=3653,uid=2000,sid=u:r:shell:s0) Found android.hardware.graphics.allocator.IAllocator/default in device VINTF manifest.
09-18 01:14:33.175   285   285 I servicemanager: Caller(pid=3653,uid=2000,sid=u:r:shell:s0) Found mapper/ranchu in device VINTF manifest.
09-18 01:14:33.179  3653  3657 W libc    : Access denied finding property "vendor.mesa.virtgpu.kumquat"
09-18 01:14:33.207  3498  3498 I HWUI    : Using FreeType backend (prop=Auto)
09-18 01:14:33.208  3498  3498 I Surface : Creating surface for consumer unnamed-3498-4 with slotExpansion=1 for 64 slots
09-18 01:14:33.208  3498  3498 I Surface : Creating surface for consumer f12c0ae SurfaceView[com.example.rune_nexus.godotpreview/com.example.rune_nexus.GodotPreviewActivity]#2(BLAST Consumer)2 with slotExpansion=1 for 64 slots
09-18 01:14:33.208  3498  3498 V VkSurfaceView: On surface created
09-18 01:14:33.208  3498  3498 V VkSurfaceView: On surface changed [4]: 1079 x 2424
09-18 01:14:33.209  3498  3654 V VkRenderer: Initializing renderer...
09-18 01:14:33.214  3498  3654 I godot   : Godot Engine v4.7.2.stable.official.ed1daf0bf - https://godotengine.org
09-18 01:14:33.226  3498  3654 W libc    : Access denied finding property "vendor.mesa.virtgpu.kumquat"
09-18 01:14:33.226  3498  3654 E MESA    : Failed to open rendernode: No such file or directory
09-18 01:14:33.226  3498  3654 W libc    : Access denied finding property "vendor.mesa.virtgpu.kumquat"
09-18 01:14:33.226  3498  3654 E MESA    : Failed to open rendernode: No such file or directory
09-18 01:14:33.226  3498  3654 W libc    : Access denied finding property "vendor.mesa.virtgpu.kumquat"
09-18 01:14:33.226  3498  3654 E MESA    : Failed to open rendernode: No such file or directory
09-18 01:14:33.226  3498  3654 W libc    : Access denied finding property "vendor.mesa.virtgpu.kumquat"
09-18 01:14:33.226  3498  3654 E MESA    : Failed to open rendernode: No such file or directory
09-18 01:14:33.227  3498  3654 W libc    : Access denied finding property "vendor.mesa.virtgpu.kumquat"
09-18 01:14:33.227  3498  3654 E MESA    : Failed to open rendernode: No such file or directory
09-18 01:14:33.227  3498  3654 W libc    : Access denied finding property "vendor.mesa.virtgpu.kumquat"
09-18 01:14:33.227  3498  3654 E MESA    : Failed to open rendernode: No such file or directory
09-18 01:14:33.227  3498  3654 W libc    : Access denied finding property "vendor.mesa.virtgpu.kumquat"
09-18 01:14:33.227  3498  3654 E MESA    : Failed to open rendernode: No such file or directory
09-18 01:14:33.227  3498  3654 W libc    : Access denied finding property "vendor.mesa.virtgpu.kumquat"
09-18 01:14:33.227  3498  3654 E MESA    : Failed to open rendernode: No such file or directory
09-18 01:14:33.227  3498  3654 W libc    : Access denied finding property "vendor.mesa.virtgpu.kumquat"
09-18 01:14:33.227  3498  3654 E MESA    : Failed to open rendernode: No such file or directory
09-18 01:14:33.227  3498  3654 W libc    : Access denied finding property "vendor.mesa.virtgpu.kumquat"
09-18 01:14:33.227  3498  3654 E MESA    : Failed to open rendernode: No such file or directory
09-18 01:14:33.228   491   588 W skia    : AGTM parsing failed flags.readFromStream(s) at 159
09-18 01:14:33.229   491   588 W skia    : AGTM parsing failed flags.readFromStream(s) at 159
09-18 01:14:33.229  3498  3654 W libc    : Access denied finding property "vendor.mesa.virtgpu.kumquat"
09-18 01:14:33.229  3498  3654 E MESA    : Failed to open rendernode: No such file or directory
09-18 01:14:33.229  3498  3654 W libc    : Access denied finding property "vendor.mesa.virtgpu.kumquat"
09-18 01:14:33.229  3498  3654 E MESA    : Failed to open rendernode: No such file or directory
09-18 01:14:33.230  3498  3654 W libc    : Access denied finding property "vendor.mesa.virtgpu.kumquat"
09-18 01:14:33.230  3498  3654 E MESA    : Failed to open rendernode: No such file or directory
09-18 01:14:33.230  3498  3654 W libc    : Access denied finding property "vendor.mesa.virtgpu.kumquat"
09-18 01:14:33.230  3498  3654 E MESA    : Failed to open rendernode: No such file or directory
09-18 01:14:33.230  3498  3654 W libc    : Access denied finding property "vendor.mesa.virtgpu.kumquat"
09-18 01:14:33.230  3498  3654 E MESA    : Failed to open rendernode: No such file or directory
09-18 01:14:33.230  3498  3654 W libc    : Access denied finding property "vendor.mesa.virtgpu.kumquat"
09-18 01:14:33.230  3498  3654 E MESA    : Failed to open rendernode: No such file or directory
09-18 01:14:33.230  3498  3654 W libc    : Access denied finding property "vendor.mesa.virtgpu.kumquat"
09-18 01:14:33.231  3498  3654 E MESA    : Failed to open rendernode: No such file or directory
09-18 01:14:33.231  3498  3654 W libc    : Access denied finding property "vendor.mesa.virtgpu.kumquat"
09-18 01:14:33.231  3498  3654 E MESA    : Failed to open rendernode: No such file or directory
09-18 01:14:33.231  3498  3654 W libc    : Access denied finding property "vendor.mesa.virtgpu.kumquat"
09-18 01:14:33.231  3498  3654 E MESA    : Failed to open rendernode: No such file or directory
09-18 01:14:33.231  3498  3654 W libc    : Access denied finding property "vendor.mesa.virtgpu.kumquat"
09-18 01:14:33.231  3498  3654 E MESA    : Failed to open rendernode: No such file or directory
09-18 01:14:33.235  3498  3654 W libc    : Access denied finding property "vendor.mesa.virtgpu.kumquat"
09-18 01:14:33.236  3498  3654 E MESA    : Failed to open rendernode: No such file or directory
09-18 01:14:33.236  3498  3654 I godot   : Vulkan 1.3.0 - Forward Mobile - Using Device #0: Apple - Goldfish GFXStream (Apple M4)
09-18 01:14:33.249  1375  1375 I GoogleInputMethodService: GoogleInputMethodService.onFinishInput():2259 
09-18 01:14:33.249   645   761 W InputChannel-JNI: Channel already disposed.
09-18 01:14:33.249  1375  1375 I Module  : DeviceLockedStatusModuleProvider$Module.updateDeviceLockedStatus():103 repeatCheckTimes = 0, locked = false
09-18 01:14:33.249  1375  1375 I GoogleInputMethodService: GoogleInputMethodService.onStartInput():1446 onStartInput(EditorInfo{EditorInfo{packageName=com.example.rune_nexus.godotpreview, inputType=0, inputTypeString=NULL, enableLearning=false, autoCorrection=false, autoComplete=false, imeOptions=0, privateImeOptions=null, actionName=UNSPECIFIED, actionLabel=null, initialSelStart=-1, initialSelEnd=-1, initialCapsMode=0, label=null, fieldId=0, fieldName=null, extras=null, hintText=null, hintLocales=[]}}, false)
09-18 01:14:33.249  1375  1375 W AndroidIME: LatinIMEBase.updateInputViewCoverNavigation():327 Null input view, cannot update padding!
09-18 01:14:33.250  1375  1375 I Module  : DeviceLockedStatusModuleProvider$Module.updateDeviceLockedStatus():103 repeatCheckTimes = 1, locked = false
09-18 01:14:33.250   645  1692 W PackageConfigPersister: App-specific configuration not found for packageName: com.example.rune_nexus.godotpreview and userId: 0
09-18 01:14:33.323  3498  3647 W libc    : Access denied finding property "vendor.mesa.virtgpu.kumquat"
09-18 01:14:33.323  3498  3647 E MESA    : Failed to open rendernode: No such file or directory
09-18 01:14:33.330   491   588 W skia    : AGTM parsing failed flags.readFromStream(s) at 159
09-18 01:14:33.330   491   588 W skia    : AGTM parsing failed flags.readFromStream(s) at 159
09-18 01:14:33.334  3498  3650 W libc    : Access denied finding property "vendor.mesa.virtgpu.kumquat"
09-18 01:14:33.334  3498  3650 E MESA    : Failed to open rendernode: No such file or directory
09-18 01:14:33.339  3498  3649 W libc    : Access denied finding property "vendor.mesa.virtgpu.kumquat"
09-18 01:14:33.339  3498  3649 E MESA    : Failed to open rendernode: No such file or directory
09-18 01:14:33.351  3498  3648 W libc    : Access denied finding property "vendor.mesa.virtgpu.kumquat"
09-18 01:14:33.351  3498  3648 E MESA    : Failed to open rendernode: No such file or directory
09-18 01:14:33.419   892   892 D wpa_supplicant: nl80211: Drv Event 64 (NL80211_CMD_NOTIFY_CQM) received for wlan0
09-18 01:14:33.419   892   892 D wpa_supplicant: nl80211: Beacon loss event
09-18 01:14:33.419   892   892 D wpa_supplicant: wlan0: Event BEACON_LOSS (53) received
09-18 01:14:33.419   892   892 I wpa_supplicant: wlan0: CTRL-EVENT-BEACON-LOSS 
09-18 01:14:33.430   491   588 W skia    : AGTM parsing failed flags.readFromStream(s) at 159
09-18 01:14:33.430   491   588 W skia    : AGTM parsing failed flags.readFromStream(s) at 159
09-18 01:14:33.466  3498  3654 D AudioSystem: onNewServiceWithAdapter: media.audio_flinger service obtained 0xb400007ece5981a0
09-18 01:14:33.467   487 14661 D AudioFlinger: onStateChanged: pid:3498  uid:10231  state:unfrozen - no freeze activity
09-18 01:14:33.467  3498  3654 D AudioSystem: getService: IAudioFlingerService retrieved: 0xb400007dde501f70  IAudioFlinger cached: 0xb400007ece5981a0
09-18 01:14:33.467  3498  3654 D us.godotpreview: PlayerBase::PlayerBase()
09-18 01:14:33.468  3498  3654 D us.godotpreview: TrackPlayerBase::TrackPlayerBase()
09-18 01:14:33.468  3498  3654 I libOpenSLES: Emulating old channel mask behavior (ignoring positional mask 0x3, using default mask 0x3 based on channel count of 2)
09-18 01:14:33.470   487  1803 W AudioFlinger: createTrack_l(): mismatch between requested flags (00000104) and output flags (00000002)
09-18 01:14:33.470   487  1803 D AudioFlinger: Client defaulted notificationFrames to 882 for frameCount 4012
09-18 01:14:33.470   487  1803 I AF::AfPlaybackCommon: AfPlaybackCommon: creating track with enforcement level 1 reason TARGET_SDK shouldHarden 1
09-18 01:14:33.473   645  2005 E AppOps  : attributionTag  not declared in manifest of com.example.rune_nexus.godotpreview
09-18 01:14:33.473   645  2005 E AppOps  : attributionTag  not declared in manifest of com.example.rune_nexus.godotpreview
09-18 01:14:33.474  3498  3654 I godot   : 
09-18 01:14:33.484   439  3662 D android.hardware.audio@7.1-impl.ranchu: 544 frames of silence written
09-18 01:14:33.484   439  3662 D android.hardware.audio@7.1-impl.ranchu: 544 frames of silence written
09-18 01:14:33.486  1009  1009 I bluetooth: system/btif/avrcp/avrcp_service.cc:533 SendMediaUpdate: track_changed=false :  play_state=true :  queue=false
09-18 01:14:33.486  1009  1009 E MediaControlProfile: onCurrentPlayerStateUpdated: base actions not supported, player actions= 0, expected at least= 7f
09-18 01:14:33.486  1009  1009 W MediaControlGattService: Feature PLAYBACK_SPEED support: true
09-18 01:14:33.486  1009  1009 W MediaControlGattService: Feature PLAYBACK_SPEED support: true
09-18 01:14:33.487  1009  1009 W MediaControlGattService: Feature PLAYBACK_SPEED support: true
09-18 01:14:33.487  1009  1009 W MediaControlGattService: Feature PLAYBACK_SPEED_NOTIFY support: true
09-18 01:14:33.487  1009  1009 W MediaControlGattService: Feature TRACK_POSITION support: true
09-18 01:14:33.487  1009  1009 W MediaControlGattService: Feature TRACK_POSITION_NOTIFY support: true
09-18 01:14:33.487  1009  1009 W MediaControlGattService: Feature MEDIA_STATE support: true
09-18 01:14:33.487  1009  1009 W MediaControlGattService: Feature MEDIA_CONTROL_POINT_OPCODES_SUPPORTED support: true
09-18 01:14:33.487  1009  1009 W MediaControlGattService: Feature MEDIA_STATE support: true
09-18 01:14:33.487  1009  1009 W MediaControlGattService: Feature MEDIA_STATE support: true
09-18 01:14:33.488  1009  1009 W MediaControlGattService: Feature MEDIA_STATE support: true
09-18 01:14:33.488  1009  1009 W MediaControlGattService: Feature SEEKING_SPEED support: true
09-18 01:14:33.488  1009  1009 W MediaControlGattService: Feature SEEKING_SPEED support: true
09-18 01:14:33.488  1009  1009 W MediaControlGattService: Feature SEEKING_SPEED support: true
09-18 01:14:33.488  1009  1009 W MediaControlProfile: MCS service state fields left unhandled: 
09-18 01:14:33.488  1009  1009 W MediaControlProfile:    > PLAYER_NAME
09-18 01:14:33.488  1009  1009 W MediaControlProfile:    > PLAYING_ORDER_SUPPORTED
09-18 01:14:33.498   439  3662 D android.hardware.audio@7.1-impl.ranchu: 544 frames of silence written
09-18 01:14:33.530   491   588 W skia    : AGTM parsing failed flags.readFromStream(s) at 159
09-18 01:14:33.530   491   588 W skia    : AGTM parsing failed flags.readFromStream(s) at 159
09-18 01:14:33.543  3498  3654 W libc    : Access denied finding property "vendor.mesa.virtgpu.kumquat"
09-18 01:14:33.543  3498  3654 E MESA    : Failed to open rendernode: No such file or directory
09-18 01:14:33.543  3498  3654 W libc    : Access denied finding property "vendor.mesa.virtgpu.kumquat"
09-18 01:14:33.544  3498  3654 E MESA    : Failed to open rendernode: No such file or directory
09-18 01:14:33.549  3498  3654 I SwappyDisplayManager: Using internal com/google/androidgamesdk/SwappyDisplayManager class from dex bytes.
09-18 01:14:33.550  3498  3668 I SwappyDisplayManager: Starting looper thread
09-18 01:14:33.566   487   531 D AudioFlinger: mixer(0xb400006ff95ca790) throttle end: throttle time(35)
09-18 01:14:33.571  3498  3669 W libc    : Access denied finding property "vendor.mesa.virtgpu.kumquat"
09-18 01:14:33.571  3498  3669 E MESA    : Failed to open rendernode: No such file or directory
09-18 01:14:33.631   491   588 W skia    : AGTM parsing failed flags.readFromStream(s) at 159
09-18 01:14:33.631   491   588 W skia    : AGTM parsing failed flags.readFromStream(s) at 159
09-18 01:14:33.731   491   588 W skia    : AGTM parsing failed flags.readFromStream(s) at 159
09-18 01:14:33.732   491   588 W skia    : AGTM parsing failed flags.readFromStream(s) at 159
09-18 01:14:33.832   491   588 W skia    : AGTM parsing failed flags.readFromStream(s) at 159
09-18 01:14:33.832   491   588 W skia    : AGTM parsing failed flags.readFromStream(s) at 159
09-18 01:14:33.932   491   588 W skia    : AGTM parsing failed flags.readFromStream(s) at 159
09-18 01:14:33.932   491   588 W skia    : AGTM parsing failed flags.readFromStream(s) at 159
09-18 01:14:34.012   645   800 D WifiClientModeImpl[3810:wlan0]: updateLinkLayerStatsRssiSpeedFrequencyCapabilities rssi=-50 TxLinkspeed=1 freq=2447 RxLinkSpeed=2
09-18 01:14:34.012   645   800 D WifiDataStall: tx tput in kbps: 11000
09-18 01:14:34.012   645   800 D WifiDataStall: rx tput in kbps: 11000
09-18 01:14:34.012   645   800 V WifiConfigManager: Updating scan detail cache freq=2447 BSSID=00:13:10:85:fe:01 RSSI=-50 for "AndroidWifi"NONE
09-18 01:14:34.012   645   800 D WifiThroughputPredictor:  utilization (LLS) 80 isBluetoothConnected: false final utilization: 80
09-18 01:14:34.012   645   800 D WifiThroughputPredictor:  BW: 0 RSSI: -50 Nss: 1 Mode: 1 symDur: 4000 snrDb 30 bitPerTone: 4500 rate: 54 throughput: 11
09-18 01:14:34.012   645   800 D WifiThroughputPredictor:  utilization (LLS) 80 isBluetoothConnected: false final utilization: 80
09-18 01:14:34.012   645   800 D WifiThroughputPredictor:  BW: 0 RSSI: -50 Nss: 1 Mode: 1 symDur: 4000 snrDb 30 bitPerTone: 4500 rate: 54 throughput: 11
09-18 01:14:34.012   645   800 D WifiThroughputPredictor:  utilization (LLS) 80 isBluetoothConnected: false final utilization: 80
09-18 01:14:34.012   645   800 D WifiThroughputPredictor:  BW: 0 RSSI: -50 Nss: 1 Mode: 1 symDur: 4000 snrDb 30 bitPerTone: 4500 rate: 54 throughput: 11
09-18 01:14:34.012   645   800 D WifiThroughputPredictor:  utilization (LLS) 80 isBluetoothConnected: false final utilization: 80
09-18 01:14:34.012   645   800 D WifiThroughputPredictor:  BW: 0 RSSI: -50 Nss: 1 Mode: 1 symDur: 4000 snrDb 30 bitPerTone: 4500 rate: 54 throughput: 11
09-18 01:14:34.013   645   800 I HalDevMgr: bestIfaceCreationProposal is null, requestIface=STA, existingIface=[name=wlan0 type=STA]
09-18 01:14:34.013   645   800 D WifiScoreCard: BSSID update SIGNAL_POLL ID: 760286919 SSID: "AndroidWifi", BSSID: 00:13:10:85:fe:01, MAC: 02:15:b2:00:00:00, IP: /10.0.2.16, Security type: 0, Supplicant state: COMPLETED, Wi-Fi standard: legacy, RSSI: -50, Link speed: 1Mbps, Tx Link speed: 1Mbps, Max Supported Tx Link speed: 11Mbps, Calculated Tx : 0Mbps, Rx Link speed: 2Mbps, Max Supported Rx Link speed: 11Mbps, Calculated Rx : 0Mbps, Frequency: 2447MHz, Net ID: 0, Metered hint: false, score: 100, isUsable: true, CarrierMerged: false, SubscriptionId: -1, IsPrimary: 1, Trusted: true, Restricted: false, Ephemeral: false, OEM paid: false, OEM private: false, OSU AP: false, FQDN: <none>, Provider friendly name: <none>, Requesting package name: <none>"AndroidWifi"openMLO Information: , Is TID-To-Link negotiation supported by the AP: false, AP MLD Address: <none>, AP MLO Link Id: <none>, AP MLO Affiliated links: <none>, Vendor Data: <none>
09-18 01:14:34.013   645   800 D WifiScoreCard: txRate: 1 txSpeed: 1
09-18 01:14:34.013   645   800 D WifiScoreCard: network update SIGNAL_POLL "AndroidWifi" ID: 673433585 RSSI -50 txSpeed -1
09-18 01:14:34.013   645   800 D WifiClientModeImpl[3810:wlan0]:  ClientModeImpl$L2ConnectedState screen=on 18 0 "AndroidWifi" 00:13:10:85:fe:01 rssi=-50 f=2447 sc=100 link=1 tx=0.0, 0.0, 0.0 rx=0.0 bcn=0 [on:0 tx:0 rx:0 period:3007] from screen [on:0 period:-1339688419] score=100
09-18 01:14:34.033   491   588 W skia    : AGTM parsing failed flags.readFromStream(s) at 159
09-18 01:14:34.033   491   588 W skia    : AGTM parsing failed flags.readFromStream(s) at 159
09-18 01:14:34.133   491   588 W skia    : AGTM parsing failed flags.readFromStream(s) at 159
09-18 01:14:34.133   491   588 W skia    : AGTM parsing failed flags.readFromStream(s) at 159
09-18 01:14:34.234   491   588 W skia    : AGTM parsing failed flags.readFromStream(s) at 159
09-18 01:14:34.234   491   588 W skia    : AGTM parsing failed flags.readFromStream(s) at 159
09-18 01:14:34.335   491   588 W skia    : AGTM parsing failed flags.readFromStream(s) at 159
09-18 01:14:34.335   491   588 W skia    : AGTM parsing failed flags.readFromStream(s) at 159
09-18 01:14:34.436   491   588 W skia    : AGTM parsing failed flags.readFromStream(s) at 159
09-18 01:14:34.436   491   588 W skia    : AGTM parsing failed flags.readFromStream(s) at 159
09-18 01:14:34.537   491   588 W skia    : AGTM parsing failed flags.readFromStream(s) at 159
09-18 01:14:34.537   491   588 W skia    : AGTM parsing failed flags.readFromStream(s) at 159
09-18 01:14:34.638   491   588 W skia    : AGTM parsing failed flags.readFromStream(s) at 159
09-18 01:14:34.638   491   588 W skia    : AGTM parsing failed flags.readFromStream(s) at 159
09-18 01:14:34.744   491   588 W skia    : AGTM parsing failed flags.readFromStream(s) at 159
09-18 01:14:34.744   491   588 W skia    : AGTM parsing failed flags.readFromStream(s) at 159
09-18 01:14:34.844   491   588 W skia    : AGTM parsing failed flags.readFromStream(s) at 159
09-18 01:14:34.844   491   588 W skia    : AGTM parsing failed flags.readFromStream(s) at 159
09-18 01:14:34.944   491   588 W skia    : AGTM parsing failed flags.readFromStream(s) at 159
09-18 01:14:34.944   491   588 W skia    : AGTM parsing failed flags.readFromStream(s) at 159
09-18 01:14:34.957  3498  3654 V Godot   : OnGodotSetupCompleted
09-18 01:14:35.045   491   588 W skia    : AGTM parsing failed flags.readFromStream(s) at 159
09-18 01:14:35.045   491   588 W skia    : AGTM parsing failed flags.readFromStream(s) at 159
09-18 01:14:35.146   491   588 W skia    : AGTM parsing failed flags.readFromStream(s) at 159
09-18 01:14:35.146   491   588 W skia    : AGTM parsing failed flags.readFromStream(s) at 159
09-18 01:14:35.246   491   588 W skia    : AGTM parsing failed flags.readFromStream(s) at 159
09-18 01:14:35.246   491   588 W skia    : AGTM parsing failed flags.readFromStream(s) at 159
09-18 01:14:35.328  3498  3654 V Godot   : OnGodotMainLoopStarted
09-18 01:14:35.346   491   588 W skia    : AGTM parsing failed flags.readFromStream(s) at 159
09-18 01:14:35.346   491   588 W skia    : AGTM parsing failed flags.readFromStream(s) at 159
09-18 01:14:35.446   491   588 W skia    : AGTM parsing failed flags.readFromStream(s) at 159
09-18 01:14:35.446   491   588 W skia    : AGTM parsing failed flags.readFromStream(s) at 159
09-18 01:14:35.548   491   588 W skia    : AGTM parsing failed flags.readFromStream(s) at 159
09-18 01:14:35.548   491   588 W skia    : AGTM parsing failed flags.readFromStream(s) at 159
09-18 01:14:35.650   491   588 W skia    : AGTM parsing failed flags.readFromStream(s) at 159
09-18 01:14:35.650   491   588 W skia    : AGTM parsing failed flags.readFromStream(s) at 159
09-18 01:14:35.753   491   588 W skia    : AGTM parsing failed flags.readFromStream(s) at 159
09-18 01:14:35.753   491   588 W skia    : AGTM parsing failed flags.readFromStream(s) at 159
09-18 01:14:35.853   491   588 W skia    : AGTM parsing failed flags.readFromStream(s) at 159
09-18 01:14:35.853   491   588 W skia    : AGTM parsing failed flags.readFromStream(s) at 159
09-18 01:14:35.953   491   588 W skia    : AGTM parsing failed flags.readFromStream(s) at 159
09-18 01:14:35.954   491   588 W skia    : AGTM parsing failed flags.readFromStream(s) at 159
09-18 01:14:36.054   491   588 W skia    : AGTM parsing failed flags.readFromStream(s) at 159
09-18 01:14:36.054   491   588 W skia    : AGTM parsing failed flags.readFromStream(s) at 159
09-18 01:14:36.154   491   588 W skia    : AGTM parsing failed flags.readFromStream(s) at 159
09-18 01:14:36.154   491   588 W skia    : AGTM parsing failed flags.readFromStream(s) at 159
09-18 01:14:36.255   491   588 W skia    : AGTM parsing failed flags.readFromStream(s) at 159
09-18 01:14:36.255   491   588 W skia    : AGTM parsing failed flags.readFromStream(s) at 159
09-18 01:14:36.355   491   588 W skia    : AGTM parsing failed flags.readFromStream(s) at 159
09-18 01:14:36.355   491   588 W skia    : AGTM parsing failed flags.readFromStream(s) at 159
09-18 01:14:36.464   491   588 W skia    : AGTM parsing failed flags.readFromStream(s) at 159
09-18 01:14:36.464   491   588 W skia    : AGTM parsing failed flags.readFromStream(s) at 159
09-18 01:14:36.564   491   588 W skia    : AGTM parsing failed flags.readFromStream(s) at 159
09-18 01:14:36.564   491   588 W skia    : AGTM parsing failed flags.readFromStream(s) at 159
09-18 01:14:36.666   491   588 W skia    : AGTM parsing failed flags.readFromStream(s) at 159
09-18 01:14:36.666   491   588 W skia    : AGTM parsing failed flags.readFromStream(s) at 159
09-18 01:14:36.767   491   588 W skia    : AGTM parsing failed flags.readFromStream(s) at 159
09-18 01:14:36.767   491   588 W skia    : AGTM parsing failed flags.readFromStream(s) at 159
09-18 01:14:36.770  1012  1174 D SatelliteController: isInCarrierRoamingNbIotNtn: satellite is disabled
09-18 01:14:36.770  1012  1174 D SatelliteController: getCarrierRoamingNtnConnectType: Checking connect type from PLMN config for subId: 1
09-18 01:14:36.770  1012  1174 D TelephonyConfigUpdateInstallReceiver: getConfigParser: domain=satellite
09-18 01:14:36.770  1012  1174 V SatelliteController: satelliteConfigParser is not ready
09-18 01:14:36.770  1012  1174 D SatelliteController: isSatelliteAttachSupportedViaConfigupdater: return null (satelliteConfig is null)
09-18 01:14:36.771  1012  1174 D SatelliteController: getSatellitePerPlmnConfiguration: invalid subId or not supported via carrier.
09-18 01:14:36.771  1012  1174 D SatelliteController: getCarrierRoamingNtnConnectType: config: null
09-18 01:14:36.771  1012  1174 D TelephonyConfigUpdateInstallReceiver: getConfigParser: domain=satellite
09-18 01:14:36.771  1012  1174 V SatelliteController: satelliteConfigParser is not ready
09-18 01:14:36.771  1012  1174 D SatelliteController: getCarrierRoamingNtnConnectTypeViaConfigUpdater: return null (satelliteConfig is null)
09-18 01:14:36.772  1012  1174 D SatelliteController: getCarrierRoamingNtnConnectType: Falling back to global carrier config connect type: 0
09-18 01:14:36.772  1012  1174 D TelephonyConfigUpdateInstallReceiver: getConfigParser: domain=satellite
09-18 01:14:36.772  1012  1174 V SatelliteController: satelliteConfigParser is not ready
09-18 01:14:36.772  1012  1174 D SatelliteController: isSatelliteAttachSupportedViaConfigupdater: return null (satelliteConfig is null)
09-18 01:14:36.773  1012  1174 D SatelliteController: getCarrierRoamingNtnConnectType: Checking connect type from PLMN config for subId: 1
09-18 01:14:36.774  1012  1174 D TelephonyConfigUpdateInstallReceiver: getConfigParser: domain=satellite
09-18 01:14:36.774  1012  1174 V SatelliteController: satelliteConfigParser is not ready
09-18 01:14:36.774  1012  1174 D SatelliteController: isSatelliteAttachSupportedViaConfigupdater: return null (satelliteConfig is null)
09-18 01:14:36.774  1012  1174 D SatelliteController: getSatellitePerPlmnConfiguration: invalid subId or not supported via carrier.
09-18 01:14:36.774  1012  1174 D SatelliteController: getCarrierRoamingNtnConnectType: config: null
09-18 01:14:36.774  1012  1174 D TelephonyConfigUpdateInstallReceiver: getConfigParser: domain=satellite
09-18 01:14:36.774  1012  1174 V SatelliteController: satelliteConfigParser is not ready
09-18 01:14:36.774  1012  1174 D SatelliteController: getCarrierRoamingNtnConnectTypeViaConfigUpdater: return null (satelliteConfig is null)
09-18 01:14:36.774  1012  1174 D SatelliteController: getCarrierRoamingNtnConnectType: Falling back to global carrier config connect type: 0
09-18 01:14:36.774  1012  1174 D TelephonyConfigUpdateInstallReceiver: getConfigParser: domain=satellite
09-18 01:14:36.774  1012  1174 V SatelliteController: satelliteConfigParser is not ready
09-18 01:14:36.774  1012  1174 D SatelliteController: isSatelliteAttachSupportedViaConfigupdater: return null (satelliteConfig is null)
09-18 01:14:36.963   491   588 W skia    : AGTM parsing failed flags.readFromStream(s) at 159
09-18 01:14:36.964   491   588 W skia    : AGTM parsing failed flags.readFromStream(s) at 159
09-18 01:14:36.989   487   531 D AudioFlinger: mixer(0xb400006ff95ca790) throttle end: throttle time(2)
09-18 01:14:37.018   645   800 D WifiClientModeImpl[3810:wlan0]: updateLinkLayerStatsRssiSpeedFrequencyCapabilities rssi=-50 TxLinkspeed=1 freq=2447 RxLinkSpeed=2
09-18 01:14:37.018   645   800 D WifiDataStall: tx tput in kbps: 11000
09-18 01:14:37.018   645   800 D WifiDataStall: rx tput in kbps: 11000
09-18 01:14:37.018   645   800 V WifiConfigManager: Updating scan detail cache freq=2447 BSSID=00:13:10:85:fe:01 RSSI=-50 for "AndroidWifi"NONE
09-18 01:14:37.018   645   800 D WifiThroughputPredictor:  utilization (LLS) 80 isBluetoothConnected: false final utilization: 80
09-18 01:14:37.018   645   800 D WifiThroughputPredictor:  BW: 0 RSSI: -50 Nss: 1 Mode: 1 symDur: 4000 snrDb 30 bitPerTone: 4500 rate: 54 throughput: 11
09-18 01:14:37.018   645   800 D WifiThroughputPredictor:  utilization (LLS) 80 isBluetoothConnected: false final utilization: 80
09-18 01:14:37.018   645   800 D WifiThroughputPredictor:  BW: 0 RSSI: -50 Nss: 1 Mode: 1 symDur: 4000 snrDb 30 bitPerTone: 4500 rate: 54 throughput: 11
09-18 01:14:37.019   645   800 D WifiThroughputPredictor:  utilization (LLS) 80 isBluetoothConnected: false final utilization: 80
09-18 01:14:37.019   645   800 D WifiThroughputPredictor:  BW: 0 RSSI: -50 Nss: 1 Mode: 1 symDur: 4000 snrDb 30 bitPerTone: 4500 rate: 54 throughput: 11
09-18 01:14:37.019   645   800 D WifiThroughputPredictor:  utilization (LLS) 80 isBluetoothConnected: false final utilization: 80
09-18 01:14:37.019   645   800 D WifiThroughputPredictor:  BW: 0 RSSI: -50 Nss: 1 Mode: 1 symDur: 4000 snrDb 30 bitPerTone: 4500 rate: 54 throughput: 11
09-18 01:14:37.019   645   800 I HalDevMgr: bestIfaceCreationProposal is null, requestIface=STA, existingIface=[name=wlan0 type=STA]
09-18 01:14:37.020   645   800 D WifiScoreCard: BSSID update SIGNAL_POLL ID: 760286919 SSID: "AndroidWifi", BSSID: 00:13:10:85:fe:01, MAC: 02:15:b2:00:00:00, IP: /10.0.2.16, Security type: 0, Supplicant state: COMPLETED, Wi-Fi standard: legacy, RSSI: -50, Link speed: 1Mbps, Tx Link speed: 1Mbps, Max Supported Tx Link speed: 11Mbps, Calculated Tx : 0Mbps, Rx Link speed: 2Mbps, Max Supported Rx Link speed: 11Mbps, Calculated Rx : 0Mbps, Frequency: 2447MHz, Net ID: 0, Metered hint: false, score: 100, isUsable: true, CarrierMerged: false, SubscriptionId: -1, IsPrimary: 1, Trusted: true, Restricted: false, Ephemeral: false, OEM paid: false, OEM private: false, OSU AP: false, FQDN: <none>, Provider friendly name: <none>, Requesting package name: <none>"AndroidWifi"openMLO Information: , Is TID-To-Link negotiation supported by the AP: false, AP MLD Address: <none>, AP MLO Link Id: <none>, AP MLO Affiliated links: <none>, Vendor Data: <none>
09-18 01:14:37.020   645   800 D WifiScoreCard: txRate: 1 txSpeed: 1
09-18 01:14:37.020   645   800 D WifiScoreCard: network update SIGNAL_POLL "AndroidWifi" ID: 673433585 RSSI -50 txSpeed -1
09-18 01:14:37.020   645   800 D WifiClientModeImpl[3810:wlan0]:  ClientModeImpl$L2ConnectedState screen=on 18 0 "AndroidWifi" 00:13:10:85:fe:01 rssi=-50 f=2447 sc=100 link=1 tx=0.0, 0.0, 0.0 rx=0.0 bcn=0 [on:0 tx:0 rx:0 period:3007] from screen [on:0 period:-1339685412] score=100
09-18 01:14:37.063   491   588 W skia    : AGTM parsing failed flags.readFromStream(s) at 159
09-18 01:14:37.063   491   588 W skia    : AGTM parsing failed flags.readFromStream(s) at 159
09-18 01:14:37.164   491   588 W skia    : AGTM parsing failed flags.readFromStream(s) at 159
09-18 01:14:37.164   491   588 W skia    : AGTM parsing failed flags.readFromStream(s) at 159
09-18 01:14:37.264   491   588 W skia    : AGTM parsing failed flags.readFromStream(s) at 159
09-18 01:14:37.264   491   588 W skia    : AGTM parsing failed flags.readFromStream(s) at 159
09-18 01:14:37.364   491   588 W skia    : AGTM parsing failed flags.readFromStream(s) at 159
09-18 01:14:37.364   491   588 W skia    : AGTM parsing failed flags.readFromStream(s) at 159
09-18 01:14:37.465   491   588 W skia    : AGTM parsing failed flags.readFromStream(s) at 159
09-18 01:14:37.465   491   588 W skia    : AGTM parsing failed flags.readFromStream(s) at 159
09-18 01:14:37.565   491   588 W skia    : AGTM parsing failed flags.readFromStream(s) at 159
09-18 01:14:37.565   491   588 W skia    : AGTM parsing failed flags.readFromStream(s) at 159
09-18 01:14:37.666   491   588 W skia    : AGTM parsing failed flags.readFromStream(s) at 159
09-18 01:14:37.666   491   588 W skia    : AGTM parsing failed flags.readFromStream(s) at 159
09-18 01:14:37.766   491   588 W skia    : AGTM parsing failed flags.readFromStream(s) at 159
09-18 01:14:37.766   491   588 W skia    : AGTM parsing failed flags.readFromStream(s) at 159
09-18 01:14:37.867   491   588 W skia    : AGTM parsing failed flags.readFromStream(s) at 159
09-18 01:14:37.867   491   588 W skia    : AGTM parsing failed flags.readFromStream(s) at 159
09-18 01:14:37.967   491   588 W skia    : AGTM parsing failed flags.readFromStream(s) at 159
09-18 01:14:37.967   491   588 W skia    : AGTM parsing failed flags.readFromStream(s) at 159
09-18 01:14:38.068   491   588 W skia    : AGTM parsing failed flags.readFromStream(s) at 159
09-18 01:14:38.068   491   588 W skia    : AGTM parsing failed flags.readFromStream(s) at 159
09-18 01:14:38.169   491   588 W skia    : AGTM parsing failed flags.readFromStream(s) at 159
09-18 01:14:38.169   491   588 W skia    : AGTM parsing failed flags.readFromStream(s) at 159
09-18 01:14:38.269   491   588 W skia    : AGTM parsing failed flags.readFromStream(s) at 159
09-18 01:14:38.269   491   588 W skia    : AGTM parsing failed flags.readFromStream(s) at 159
09-18 01:14:38.370   491   588 W skia    : AGTM parsing failed flags.readFromStream(s) at 159
09-18 01:14:38.370   491   588 W skia    : AGTM parsing failed flags.readFromStream(s) at 159
09-18 01:14:38.471   491   588 W skia    : AGTM parsing failed flags.readFromStream(s) at 159
09-18 01:14:38.471   491   588 W skia    : AGTM parsing failed flags.readFromStream(s) at 159
09-18 01:14:38.577   491   588 W skia    : AGTM parsing failed flags.readFromStream(s) at 159
09-18 01:14:38.577   491   588 W skia    : AGTM parsing failed flags.readFromStream(s) at 159
09-18 01:14:38.679   491   588 W skia    : AGTM parsing failed flags.readFromStream(s) at 159
09-18 01:14:38.679   491   588 W skia    : AGTM parsing failed flags.readFromStream(s) at 159
09-18 01:14:38.779   491   588 W skia    : AGTM parsing failed flags.readFromStream(s) at 159
09-18 01:14:38.779   491   588 W skia    : AGTM parsing failed flags.readFromStream(s) at 159
09-18 01:14:38.879   491   588 W skia    : AGTM parsing failed flags.readFromStream(s) at 159
09-18 01:14:38.879   491   588 W skia    : AGTM parsing failed flags.readFromStream(s) at 159
09-18 01:14:38.979   491   588 W skia    : AGTM parsing failed flags.readFromStream(s) at 159
09-18 01:14:38.979   491   588 W skia    : AGTM parsing failed flags.readFromStream(s) at 159
09-18 01:14:39.081   491   588 W skia    : AGTM parsing failed flags.readFromStream(s) at 159
09-18 01:14:39.081   491   588 W skia    : AGTM parsing failed flags.readFromStream(s) at 159
09-18 01:14:39.182   491   588 W skia    : AGTM parsing failed flags.readFromStream(s) at 159
09-18 01:14:39.182   491   588 W skia    : AGTM parsing failed flags.readFromStream(s) at 159
09-18 01:14:39.283   491   588 W skia    : AGTM parsing failed flags.readFromStream(s) at 159
09-18 01:14:39.283   491   588 W skia    : AGTM parsing failed flags.readFromStream(s) at 159
09-18 01:14:39.383   491   588 W skia    : AGTM parsing failed flags.readFromStream(s) at 159
09-18 01:14:39.383   491   588 W skia    : AGTM parsing failed flags.readFromStream(s) at 159
09-18 01:14:39.483   491   588 W skia    : AGTM parsing failed flags.readFromStream(s) at 159
09-18 01:14:39.483   491   588 W skia    : AGTM parsing failed flags.readFromStream(s) at 159
09-18 01:14:39.583   491   588 W skia    : AGTM parsing failed flags.readFromStream(s) at 159
09-18 01:14:39.584   491   588 W skia    : AGTM parsing failed flags.readFromStream(s) at 159
09-18 01:14:39.685   491   588 W skia    : AGTM parsing failed flags.readFromStream(s) at 159
09-18 01:14:39.685   491   588 W skia    : AGTM parsing failed flags.readFromStream(s) at 159
09-18 01:14:39.786   491   588 W skia    : AGTM parsing failed flags.readFromStream(s) at 159
09-18 01:14:39.786   491   588 W skia    : AGTM parsing failed flags.readFromStream(s) at 159
09-18 01:14:39.886   491   588 W skia    : AGTM parsing failed flags.readFromStream(s) at 159
09-18 01:14:39.886   491   588 W skia    : AGTM parsing failed flags.readFromStream(s) at 159
09-18 01:14:39.993   491   588 W skia    : AGTM parsing failed flags.readFromStream(s) at 159
09-18 01:14:39.993   491   588 W skia    : AGTM parsing failed flags.readFromStream(s) at 159
09-18 01:14:40.024   645   800 D WifiClientModeImpl[3810:wlan0]: updateLinkLayerStatsRssiSpeedFrequencyCapabilities rssi=-50 TxLinkspeed=1 freq=2447 RxLinkSpeed=2
09-18 01:14:40.024   645   800 D WifiDataStall: tx tput in kbps: 11000
09-18 01:14:40.024   645   800 D WifiDataStall: rx tput in kbps: 11000
09-18 01:14:40.024   645   800 V WifiConfigManager: Updating scan detail cache freq=2447 BSSID=00:13:10:85:fe:01 RSSI=-50 for "AndroidWifi"NONE
09-18 01:14:40.024   645   800 D WifiThroughputPredictor:  utilization (LLS) 80 isBluetoothConnected: false final utilization: 80
09-18 01:14:40.024   645   800 D WifiThroughputPredictor:  BW: 0 RSSI: -50 Nss: 1 Mode: 1 symDur: 4000 snrDb 30 bitPerTone: 4500 rate: 54 throughput: 11
09-18 01:14:40.024   645   800 D WifiThroughputPredictor:  utilization (LLS) 80 isBluetoothConnected: false final utilization: 80
09-18 01:14:40.024   645   800 D WifiThroughputPredictor:  BW: 0 RSSI: -50 Nss: 1 Mode: 1 symDur: 4000 snrDb 30 bitPerTone: 4500 rate: 54 throughput: 11
09-18 01:14:40.024   645   800 D WifiThroughputPredictor:  utilization (LLS) 80 isBluetoothConnected: false final utilization: 80
09-18 01:14:40.024   645   800 D WifiThroughputPredictor:  BW: 0 RSSI: -50 Nss: 1 Mode: 1 symDur: 4000 snrDb 30 bitPerTone: 4500 rate: 54 throughput: 11
09-18 01:14:40.024   645   800 D WifiThroughputPredictor:  utilization (LLS) 80 isBluetoothConnected: false final utilization: 80
09-18 01:14:40.024   645   800 D WifiThroughputPredictor:  BW: 0 RSSI: -50 Nss: 1 Mode: 1 symDur: 4000 snrDb 30 bitPerTone: 4500 rate: 54 throughput: 11
09-18 01:14:40.025   645   800 I HalDevMgr: bestIfaceCreationProposal is null, requestIface=STA, existingIface=[name=wlan0 type=STA]
09-18 01:14:40.025   645   800 D WifiScoreCard: BSSID update SIGNAL_POLL ID: 760286919 SSID: "AndroidWifi", BSSID: 00:13:10:85:fe:01, MAC: 02:15:b2:00:00:00, IP: /10.0.2.16, Security type: 0, Supplicant state: COMPLETED, Wi-Fi standard: legacy, RSSI: -50, Link speed: 1Mbps, Tx Link speed: 1Mbps, Max Supported Tx Link speed: 11Mbps, Calculated Tx : 0Mbps, Rx Link speed: 2Mbps, Max Supported Rx Link speed: 11Mbps, Calculated Rx : 0Mbps, Frequency: 2447MHz, Net ID: 0, Metered hint: false, score: 100, isUsable: true, CarrierMerged: false, SubscriptionId: -1, IsPrimary: 1, Trusted: true, Restricted: false, Ephemeral: false, OEM paid: false, OEM private: false, OSU AP: false, FQDN: <none>, Provider friendly name: <none>, Requesting package name: <none>"AndroidWifi"openMLO Information: , Is TID-To-Link negotiation supported by the AP: false, AP MLD Address: <none>, AP MLO Link Id: <none>, AP MLO Affiliated links: <none>, Vendor Data: <none>
09-18 01:14:40.025   645   800 D WifiScoreCard: txRate: 1 txSpeed: 1
09-18 01:14:40.025   645   800 D WifiScoreCard: network update SIGNAL_POLL "AndroidWifi" ID: 673433585 RSSI -50 txSpeed -1
09-18 01:14:40.025   645   800 D WifiClientModeImpl[3810:wlan0]:  ClientModeImpl$L2ConnectedState screen=on 18 0 "AndroidWifi" 00:13:10:85:fe:01 rssi=-50 f=2447 sc=100 link=1 tx=0.0, 0.0, 0.0 rx=0.0 bcn=0 [on:0 tx:0 rx:0 period:3005] from screen [on:0 period:-1339682407] score=100
09-18 01:14:40.098   491   588 W skia    : AGTM parsing failed flags.readFromStream(s) at 159
09-18 01:14:40.098   491   588 W skia    : AGTM parsing failed flags.readFromStream(s) at 159
09-18 01:14:40.197   491   588 W skia    : AGTM parsing failed flags.readFromStream(s) at 159
09-18 01:14:40.197   491   588 W skia    : AGTM parsing failed flags.readFromStream(s) at 159
09-18 01:14:40.297   491   588 W skia    : AGTM parsing failed flags.readFromStream(s) at 159
09-18 01:14:40.298   491   588 W skia    : AGTM parsing failed flags.readFromStream(s) at 159
09-18 01:14:40.398   491   588 W skia    : AGTM parsing failed flags.readFromStream(s) at 159
09-18 01:14:40.398   491   588 W skia    : AGTM parsing failed flags.readFromStream(s) at 159
09-18 01:14:40.498   491   588 W skia    : AGTM parsing failed flags.readFromStream(s) at 159
09-18 01:14:40.498   491   588 W skia    : AGTM parsing failed flags.readFromStream(s) at 159
09-18 01:14:40.599   491   588 W skia    : AGTM parsing failed flags.readFromStream(s) at 159
09-18 01:14:40.599   491   588 W skia    : AGTM parsing failed flags.readFromStream(s) at 159
09-18 01:14:40.699   491   588 W skia    : AGTM parsing failed flags.readFromStream(s) at 159
09-18 01:14:40.699   491   588 W skia    : AGTM parsing failed flags.readFromStream(s) at 159
09-18 01:14:40.800   491   588 W skia    : AGTM parsing failed flags.readFromStream(s) at 159
09-18 01:14:40.800   491   588 W skia    : AGTM parsing failed flags.readFromStream(s) at 159
09-18 01:14:40.901   491   588 W skia    : AGTM parsing failed flags.readFromStream(s) at 159
09-18 01:14:40.901   491   588 W skia    : AGTM parsing failed flags.readFromStream(s) at 159
09-18 01:14:41.002   491   588 W skia    : AGTM parsing failed flags.readFromStream(s) at 159
09-18 01:14:41.002   491   588 W skia    : AGTM parsing failed flags.readFromStream(s) at 159
09-18 01:14:41.102   491   588 W skia    : AGTM parsing failed flags.readFromStream(s) at 159
09-18 01:14:41.102   491   588 W skia    : AGTM parsing failed flags.readFromStream(s) at 159
09-18 01:14:41.203   491   588 W skia    : AGTM parsing failed flags.readFromStream(s) at 159
09-18 01:14:41.203   491   588 W skia    : AGTM parsing failed flags.readFromStream(s) at 159
09-18 01:14:41.311   491   588 W skia    : AGTM parsing failed flags.readFromStream(s) at 159
09-18 01:14:41.311   491   588 W skia    : AGTM parsing failed flags.readFromStream(s) at 159
09-18 01:14:41.354   892   892 D wpa_supplicant: nl80211: Drv Event 64 (NL80211_CMD_NOTIFY_CQM) received for wlan0
09-18 01:14:41.354   892   892 D wpa_supplicant: nl80211: Beacon loss event
09-18 01:14:41.354   892   892 D wpa_supplicant: wlan0: Event BEACON_LOSS (53) received
09-18 01:14:41.354   892   892 I wpa_supplicant: wlan0: CTRL-EVENT-BEACON-LOSS 
09-18 01:14:41.414   491   588 W skia    : AGTM parsing failed flags.readFromStream(s) at 159
09-18 01:14:41.414   491   588 W skia    : AGTM parsing failed flags.readFromStream(s) at 159
09-18 01:14:41.514   491   588 W skia    : AGTM parsing failed flags.readFromStream(s) at 159
09-18 01:14:41.514   491   588 W skia    : AGTM parsing failed flags.readFromStream(s) at 159
09-18 01:14:41.615   491   588 W skia    : AGTM parsing failed flags.readFromStream(s) at 159
09-18 01:14:41.615   491   588 W skia    : AGTM parsing failed flags.readFromStream(s) at 159
09-18 01:14:41.715   491   588 W skia    : AGTM parsing failed flags.readFromStream(s) at 159
09-18 01:14:41.715   491   588 W skia    : AGTM parsing failed flags.readFromStream(s) at 159
09-18 01:14:41.816   491   588 W skia    : AGTM parsing failed flags.readFromStream(s) at 159
09-18 01:14:41.816   491   588 W skia    : AGTM parsing failed flags.readFromStream(s) at 159
09-18 01:14:41.916   491   588 W skia    : AGTM parsing failed flags.readFromStream(s) at 159
09-18 01:14:41.916   491   588 W skia    : AGTM parsing failed flags.readFromStream(s) at 159
09-18 01:14:42.017   491   588 W skia    : AGTM parsing failed flags.readFromStream(s) at 159
09-18 01:14:42.017   491   588 W skia    : AGTM parsing failed flags.readFromStream(s) at 159
09-18 01:14:42.118   491   588 W skia    : AGTM parsing failed flags.readFromStream(s) at 159
09-18 01:14:42.118   491   588 W skia    : AGTM parsing failed flags.readFromStream(s) at 159
09-18 01:14:42.219   491   588 W skia    : AGTM parsing failed flags.readFromStream(s) at 159
09-18 01:14:42.219   491   588 W skia    : AGTM parsing failed flags.readFromStream(s) at 159
09-18 01:14:42.319   491   588 W skia    : AGTM parsing failed flags.readFromStream(s) at 159
09-18 01:14:42.319   491   588 W skia    : AGTM parsing failed flags.readFromStream(s) at 159
09-18 01:14:42.420   491   588 W skia    : AGTM parsing failed flags.readFromStream(s) at 159
09-18 01:14:42.420   491   588 W skia    : AGTM parsing failed flags.readFromStream(s) at 159
09-18 01:14:42.526   491   588 W skia    : AGTM parsing failed flags.readFromStream(s) at 159
09-18 01:14:42.526   491   588 W skia    : AGTM parsing failed flags.readFromStream(s) at 159
09-18 01:14:42.630   491   588 W skia    : AGTM parsing failed flags.readFromStream(s) at 159
09-18 01:14:42.630   491   588 W skia    : AGTM parsing failed flags.readFromStream(s) at 159
09-18 01:14:42.730   491   588 W skia    : AGTM parsing failed flags.readFromStream(s) at 159
09-18 01:14:42.730   491   588 W skia    : AGTM parsing failed flags.readFromStream(s) at 159
09-18 01:14:42.830   491   588 W skia    : AGTM parsing failed flags.readFromStream(s) at 159
09-18 01:14:42.830   491   588 W skia    : AGTM parsing failed flags.readFromStream(s) at 159
09-18 01:14:42.930   491   588 W skia    : AGTM parsing failed flags.readFromStream(s) at 159
09-18 01:14:42.930   491   588 W skia    : AGTM parsing failed flags.readFromStream(s) at 159
09-18 01:14:43.026   645   800 D WifiClientModeImpl[3810:wlan0]: updateLinkLayerStatsRssiSpeedFrequencyCapabilities rssi=-50 TxLinkspeed=1 freq=2447 RxLinkSpeed=2
09-18 01:14:43.026   645   800 D WifiDataStall: tx tput in kbps: 11000
09-18 01:14:43.026   645   800 D WifiDataStall: rx tput in kbps: 11000
09-18 01:14:43.027   645   800 V WifiConfigManager: Updating scan detail cache freq=2447 BSSID=00:13:10:85:fe:01 RSSI=-50 for "AndroidWifi"NONE
09-18 01:14:43.027   645   800 D WifiThroughputPredictor:  utilization (LLS) 80 isBluetoothConnected: false final utilization: 80
09-18 01:14:43.027   645   800 D WifiThroughputPredictor:  BW: 0 RSSI: -50 Nss: 1 Mode: 1 symDur: 4000 snrDb 30 bitPerTone: 4500 rate: 54 throughput: 11
09-18 01:14:43.027   645   800 D WifiThroughputPredictor:  utilization (LLS) 80 isBluetoothConnected: false final utilization: 80
09-18 01:14:43.027   645   800 D WifiThroughputPredictor:  BW: 0 RSSI: -50 Nss: 1 Mode: 1 symDur: 4000 snrDb 30 bitPerTone: 4500 rate: 54 throughput: 11
09-18 01:14:43.027   645   800 D WifiThroughputPredictor:  utilization (LLS) 80 isBluetoothConnected: false final utilization: 80
09-18 01:14:43.027   645   800 D WifiThroughputPredictor:  BW: 0 RSSI: -50 Nss: 1 Mode: 1 symDur: 4000 snrDb 30 bitPerTone: 4500 rate: 54 throughput: 11
09-18 01:14:43.027   645   800 D WifiThroughputPredictor:  utilization (LLS) 80 isBluetoothConnected: false final utilization: 80
09-18 01:14:43.027   645   800 D WifiThroughputPredictor:  BW: 0 RSSI: -50 Nss: 1 Mode: 1 symDur: 4000 snrDb 30 bitPerTone: 4500 rate: 54 throughput: 11
09-18 01:14:43.027   645   800 I HalDevMgr: bestIfaceCreationProposal is null, requestIface=STA, existingIface=[name=wlan0 type=STA]
09-18 01:14:43.027   645   800 D WifiScoreCard: BSSID update SIGNAL_POLL ID: 760286919 SSID: "AndroidWifi", BSSID: 00:13:10:85:fe:01, MAC: 02:15:b2:00:00:00, IP: /10.0.2.16, Security type: 0, Supplicant state: COMPLETED, Wi-Fi standard: legacy, RSSI: -50, Link speed: 1Mbps, Tx Link speed: 1Mbps, Max Supported Tx Link speed: 11Mbps, Calculated Tx : 0Mbps, Rx Link speed: 2Mbps, Max Supported Rx Link speed: 11Mbps, Calculated Rx : 0Mbps, Frequency: 2447MHz, Net ID: 0, Metered hint: false, score: 100, isUsable: true, CarrierMerged: false, SubscriptionId: -1, IsPrimary: 1, Trusted: true, Restricted: false, Ephemeral: false, OEM paid: false, OEM private: false, OSU AP: false, FQDN: <none>, Provider friendly name: <none>, Requesting package name: <none>"AndroidWifi"openMLO Information: , Is TID-To-Link negotiation supported by the AP: false, AP MLD Address: <none>, AP MLO Link Id: <none>, AP MLO Affiliated links: <none>, Vendor Data: <none>
09-18 01:14:43.027   645   800 D WifiScoreCard: txRate: 1 txSpeed: 1
09-18 01:14:43.027   645   800 D WifiScoreCard: network update SIGNAL_POLL "AndroidWifi" ID: 673433585 RSSI -50 txSpeed -1
09-18 01:14:43.027   645   800 D WifiClientModeImpl[3810:wlan0]:  ClientModeImpl$L2ConnectedState screen=on 18 0 "AndroidWifi" 00:13:10:85:fe:01 rssi=-50 f=2447 sc=100 link=1 tx=0.0, 0.0, 0.0 rx=0.0 bcn=0 [on:0 tx:0 rx:0 period:3001] from screen [on:0 period:-1339679405] score=100
09-18 01:14:43.031   491   588 W skia    : AGTM parsing failed flags.readFromStream(s) at 159
09-18 01:14:43.031   491   588 W skia    : AGTM parsing failed flags.readFromStream(s) at 159
09-18 01:14:43.131   491   588 W skia    : AGTM parsing failed flags.readFromStream(s) at 159
09-18 01:14:43.132   491   588 W skia    : AGTM parsing failed flags.readFromStream(s) at 159
09-18 01:14:43.232   491   588 W skia    : AGTM parsing failed flags.readFromStream(s) at 159
09-18 01:14:43.232   491   588 W skia    : AGTM parsing failed flags.readFromStream(s) at 159
09-18 01:14:43.332   491   588 W skia    : AGTM parsing failed flags.readFromStream(s) at 159
09-18 01:14:43.332   491   588 W skia    : AGTM parsing failed flags.readFromStream(s) at 159
09-18 01:14:43.433   491   588 W skia    : AGTM parsing failed flags.readFromStream(s) at 159
09-18 01:14:43.433   491   588 W skia    : AGTM parsing failed flags.readFromStream(s) at 159
09-18 01:14:43.534   491   588 W skia    : AGTM parsing failed flags.readFromStream(s) at 159
09-18 01:14:43.534   491   588 W skia    : AGTM parsing failed flags.readFromStream(s) at 159
09-18 01:14:43.634   491   588 W skia    : AGTM parsing failed flags.readFromStream(s) at 159
09-18 01:14:43.634   491   588 W skia    : AGTM parsing failed flags.readFromStream(s) at 159
09-18 01:14:43.735   491   588 W skia    : AGTM parsing failed flags.readFromStream(s) at 159
09-18 01:14:43.735   491   588 W skia    : AGTM parsing failed flags.readFromStream(s) at 159
09-18 01:14:43.835   491   588 W skia    : AGTM parsing failed flags.readFromStream(s) at 159
09-18 01:14:43.835   491   588 W skia    : AGTM parsing failed flags.readFromStream(s) at 159
09-18 01:14:43.937   491   588 W skia    : AGTM parsing failed flags.readFromStream(s) at 159
09-18 01:14:43.937   491   588 W skia    : AGTM parsing failed flags.readFromStream(s) at 159
09-18 01:14:44.037   491   588 W skia    : AGTM parsing failed flags.readFromStream(s) at 159
09-18 01:14:44.037   491   588 W skia    : AGTM parsing failed flags.readFromStream(s) at 159
09-18 01:14:44.143   491   588 W skia    : AGTM parsing failed flags.readFromStream(s) at 159
09-18 01:14:44.143   491   588 W skia    : AGTM parsing failed flags.readFromStream(s) at 159
09-18 01:14:44.161  3498  3510 I us.godotpreview: Waiting for a blocking GC ProfileSaver
09-18 01:14:44.246   491   588 W skia    : AGTM parsing failed flags.readFromStream(s) at 159
09-18 01:14:44.246   491   588 W skia    : AGTM parsing failed flags.readFromStream(s) at 159
09-18 01:14:44.287 14475 14475 I adbd    : adbd service requested 'exec:screencap '-p''
09-18 01:14:44.347   491   588 W skia    : AGTM parsing failed flags.readFromStream(s) at 159
09-18 01:14:44.347   491   588 W skia    : AGTM parsing failed flags.readFromStream(s) at 159
09-18 01:14:44.352  3676  3676 W libbinder.BackendUnifiedServiceManager: Thread Pool max thread count is 0. Cannot cache binder as linkToDeath cannot be implemented. serviceName: SurfaceFlingerAIDL
09-18 01:14:44.353  3676  3676 W libbinder.BpBinder: Linking to death on android.gui.ISurfaceComposer but there are no threads (yet?) listening to incoming transactions. See ProcessState::startThreadPool and ProcessState::setThreadPoolMaxThreadCount. Generally you should setup the binder threadpool before other initialization steps.
09-18 01:14:44.353  3676  3676 W libbinder.ProcessState: Extra binder thread started, but 0 threads requested. Do not use *startThreadPool when zero threads are requested.
09-18 01:14:44.355   491   588 W skia    : AGTM parsing failed flags.readFromStream(s) at 159
09-18 01:14:44.355   491   588 W skia    : AGTM parsing failed flags.readFromStream(s) at 159
09-18 01:14:44.355   491   588 W skia    : AGTM parsing failed flags.readFromStream(s) at 159
09-18 01:14:44.355   491   588 W skia    : AGTM parsing failed flags.readFromStream(s) at 159
09-18 01:14:44.355   491   588 W skia    : AGTM parsing failed flags.readFromStream(s) at 159
09-18 01:14:44.355   285   285 I servicemanager: Caller(pid=3676,uid=2000,sid=u:r:shell:s0) Found android.hardware.graphics.allocator.IAllocator/default in device VINTF manifest.
09-18 01:14:44.355   285   285 I servicemanager: Caller(pid=3676,uid=2000,sid=u:r:shell:s0) Found android.hardware.graphics.allocator.IAllocator/default in device VINTF manifest.
09-18 01:14:44.359   285   285 I servicemanager: Caller(pid=3676,uid=2000,sid=u:r:shell:s0) Found mapper/ranchu in device VINTF manifest.
09-18 01:14:44.366  3676  3677 W libc    : Access denied finding property "vendor.mesa.virtgpu.kumquat"
09-18 01:14:44.447   491   588 W skia    : AGTM parsing failed flags.readFromStream(s) at 159
09-18 01:14:44.447   491   588 W skia    : AGTM parsing failed flags.readFromStream(s) at 159
09-18 01:14:44.547   491   588 W skia    : AGTM parsing failed flags.readFromStream(s) at 159
09-18 01:14:44.547   491   588 W skia    : AGTM parsing failed flags.readFromStream(s) at 159
09-18 01:14:44.647   491   588 W skia    : AGTM parsing failed flags.readFromStream(s) at 159
09-18 01:14:44.647   491   588 W skia    : AGTM parsing failed flags.readFromStream(s) at 159
09-18 01:14:44.746 14475 14475 I adbd    : adbd service requested 'shell,v2,TERM=dumb:export ANDROID_LOG_TAGS=''; exec logcat '-d' '-t' '600''
09-18 01:14:44.748   491   588 W skia    : AGTM parsing failed flags.readFromStream(s) at 159
09-18 01:14:44.748   491   588 W skia    : AGTM parsing failed flags.readFromStream(s) at 159
